diff --git a/.DS_Store b/.DS_Store
index 6accc4d9..a2b365be 100644
Binary files a/.DS_Store and b/.DS_Store differ
diff --git a/Users/saahilvashishta/Library/Application Support/Google/Chrome/Default/Default/Affiliation Database b/Users/saahilvashishta/Library/Application Support/Google/Chrome/Default/Default/Affiliation Database
new file mode 100644
index 00000000..eca905e7
Binary files /dev/null and b/Users/saahilvashishta/Library/Application Support/Google/Chrome/Default/Default/Affiliation Database differ
diff --git a/Users/saahilvashishta/Library/Application Support/Google/Chrome/Default/Default/Affiliation Database-journal b/Users/saahilvashishta/Library/Application Support/Google/Chrome/Default/Default/Affiliation Database-journal
new file mode 100644
index 00000000..e69de29b
diff --git a/Users/saahilvashishta/Library/Application Support/Google/Chrome/Default/Default/AutofillStrikeDatabase/LOCK b/Users/saahilvashishta/Library/Application Support/Google/Chrome/Default/Default/AutofillStrikeDatabase/LOCK
new file mode 100644
index 00000000..e69de29b
diff --git a/Users/saahilvashishta/Library/Application Support/Google/Chrome/Default/Default/AutofillStrikeDatabase/LOG b/Users/saahilvashishta/Library/Application Support/Google/Chrome/Default/Default/AutofillStrikeDatabase/LOG
new file mode 100644
index 00000000..e69de29b
diff --git a/Users/saahilvashishta/Library/Application Support/Google/Chrome/Default/Default/AutofillStrikeDatabase/LOG.old b/Users/saahilvashishta/Library/Application Support/Google/Chrome/Default/Default/AutofillStrikeDatabase/LOG.old
new file mode 100644
index 00000000..e69de29b
diff --git a/Users/saahilvashishta/Library/Application Support/Google/Chrome/Default/Default/BudgetDatabase/LOCK b/Users/saahilvashishta/Library/Application Support/Google/Chrome/Default/Default/BudgetDatabase/LOCK
new file mode 100644
index 00000000..e69de29b
diff --git a/Users/saahilvashishta/Library/Application Support/Google/Chrome/Default/Default/BudgetDatabase/LOG b/Users/saahilvashishta/Library/Application Support/Google/Chrome/Default/Default/BudgetDatabase/LOG
new file mode 100644
index 00000000..e69de29b
diff --git a/Users/saahilvashishta/Library/Application Support/Google/Chrome/Default/Default/BudgetDatabase/LOG.old b/Users/saahilvashishta/Library/Application Support/Google/Chrome/Default/Default/BudgetDatabase/LOG.old
new file mode 100644
index 00000000..e69de29b
diff --git a/Users/saahilvashishta/Library/Application Support/Google/Chrome/Default/Default/Cache/Cache_Data/0141f0e5d944c27f_0 b/Users/saahilvashishta/Library/Application Support/Google/Chrome/Default/Default/Cache/Cache_Data/0141f0e5d944c27f_0
new file mode 100644
index 00000000..0cd71202
Binary files /dev/null and b/Users/saahilvashishta/Library/Application Support/Google/Chrome/Default/Default/Cache/Cache_Data/0141f0e5d944c27f_0 differ
diff --git a/Users/saahilvashishta/Library/Application Support/Google/Chrome/Default/Default/Cache/Cache_Data/0201b7227a18ca67_0 b/Users/saahilvashishta/Library/Application Support/Google/Chrome/Default/Default/Cache/Cache_Data/0201b7227a18ca67_0
new file mode 100644
index 00000000..5b3a5023
Binary files /dev/null and b/Users/saahilvashishta/Library/Application Support/Google/Chrome/Default/Default/Cache/Cache_Data/0201b7227a18ca67_0 differ
diff --git a/Users/saahilvashishta/Library/Application Support/Google/Chrome/Default/Default/Cache/Cache_Data/053aea964ea1ee49_0 b/Users/saahilvashishta/Library/Application Support/Google/Chrome/Default/Default/Cache/Cache_Data/053aea964ea1ee49_0
new file mode 100644
index 00000000..006bec97
Binary files /dev/null and b/Users/saahilvashishta/Library/Application Support/Google/Chrome/Default/Default/Cache/Cache_Data/053aea964ea1ee49_0 differ
diff --git a/Users/saahilvashishta/Library/Application Support/Google/Chrome/Default/Default/Cache/Cache_Data/054b8fc255fbab32_0 b/Users/saahilvashishta/Library/Application Support/Google/Chrome/Default/Default/Cache/Cache_Data/054b8fc255fbab32_0
new file mode 100644
index 00000000..92ceae64
Binary files /dev/null and b/Users/saahilvashishta/Library/Application Support/Google/Chrome/Default/Default/Cache/Cache_Data/054b8fc255fbab32_0 differ
diff --git a/Users/saahilvashishta/Library/Application Support/Google/Chrome/Default/Default/Cache/Cache_Data/0918272bef4b82a1_0 b/Users/saahilvashishta/Library/Application Support/Google/Chrome/Default/Default/Cache/Cache_Data/0918272bef4b82a1_0
new file mode 100644
index 00000000..90422732
Binary files /dev/null and b/Users/saahilvashishta/Library/Application Support/Google/Chrome/Default/Default/Cache/Cache_Data/0918272bef4b82a1_0 differ
diff --git a/Users/saahilvashishta/Library/Application Support/Google/Chrome/Default/Default/Cache/Cache_Data/09577558da70395b_0 b/Users/saahilvashishta/Library/Application Support/Google/Chrome/Default/Default/Cache/Cache_Data/09577558da70395b_0
new file mode 100644
index 00000000..e228f375
Binary files /dev/null and b/Users/saahilvashishta/Library/Application Support/Google/Chrome/Default/Default/Cache/Cache_Data/09577558da70395b_0 differ
diff --git a/Users/saahilvashishta/Library/Application Support/Google/Chrome/Default/Default/Cache/Cache_Data/0b9d180f75a240c5_0 b/Users/saahilvashishta/Library/Application Support/Google/Chrome/Default/Default/Cache/Cache_Data/0b9d180f75a240c5_0
new file mode 100644
index 00000000..bb8c33ca
Binary files /dev/null and b/Users/saahilvashishta/Library/Application Support/Google/Chrome/Default/Default/Cache/Cache_Data/0b9d180f75a240c5_0 differ
diff --git a/Users/saahilvashishta/Library/Application Support/Google/Chrome/Default/Default/Cache/Cache_Data/1293f6effcca0a94_0 b/Users/saahilvashishta/Library/Application Support/Google/Chrome/Default/Default/Cache/Cache_Data/1293f6effcca0a94_0
new file mode 100644
index 00000000..e35bfcd3
Binary files /dev/null and b/Users/saahilvashishta/Library/Application Support/Google/Chrome/Default/Default/Cache/Cache_Data/1293f6effcca0a94_0 differ
diff --git a/Users/saahilvashishta/Library/Application Support/Google/Chrome/Default/Default/Cache/Cache_Data/129c71aeec80e7a9_0 b/Users/saahilvashishta/Library/Application Support/Google/Chrome/Default/Default/Cache/Cache_Data/129c71aeec80e7a9_0
new file mode 100644
index 00000000..9023e631
Binary files /dev/null and b/Users/saahilvashishta/Library/Application Support/Google/Chrome/Default/Default/Cache/Cache_Data/129c71aeec80e7a9_0 differ
diff --git a/Users/saahilvashishta/Library/Application Support/Google/Chrome/Default/Default/Cache/Cache_Data/13af078284d8a52b_0 b/Users/saahilvashishta/Library/Application Support/Google/Chrome/Default/Default/Cache/Cache_Data/13af078284d8a52b_0
new file mode 100644
index 00000000..b60a5794
Binary files /dev/null and b/Users/saahilvashishta/Library/Application Support/Google/Chrome/Default/Default/Cache/Cache_Data/13af078284d8a52b_0 differ
diff --git a/Users/saahilvashishta/Library/Application Support/Google/Chrome/Default/Default/Cache/Cache_Data/148c67436a145a9e_0 b/Users/saahilvashishta/Library/Application Support/Google/Chrome/Default/Default/Cache/Cache_Data/148c67436a145a9e_0
new file mode 100644
index 00000000..dd0e8b59
Binary files /dev/null and b/Users/saahilvashishta/Library/Application Support/Google/Chrome/Default/Default/Cache/Cache_Data/148c67436a145a9e_0 differ
diff --git a/Users/saahilvashishta/Library/Application Support/Google/Chrome/Default/Default/Cache/Cache_Data/15145040f7f12f31_0 b/Users/saahilvashishta/Library/Application Support/Google/Chrome/Default/Default/Cache/Cache_Data/15145040f7f12f31_0
new file mode 100644
index 00000000..2ad10e75
Binary files /dev/null and b/Users/saahilvashishta/Library/Application Support/Google/Chrome/Default/Default/Cache/Cache_Data/15145040f7f12f31_0 differ
diff --git a/Users/saahilvashishta/Library/Application Support/Google/Chrome/Default/Default/Cache/Cache_Data/185358b4be1fdd41_0 b/Users/saahilvashishta/Library/Application Support/Google/Chrome/Default/Default/Cache/Cache_Data/185358b4be1fdd41_0
new file mode 100644
index 00000000..c672843b
Binary files /dev/null and b/Users/saahilvashishta/Library/Application Support/Google/Chrome/Default/Default/Cache/Cache_Data/185358b4be1fdd41_0 differ
diff --git a/Users/saahilvashishta/Library/Application Support/Google/Chrome/Default/Default/Cache/Cache_Data/1945da768d536c1c_0 b/Users/saahilvashishta/Library/Application Support/Google/Chrome/Default/Default/Cache/Cache_Data/1945da768d536c1c_0
new file mode 100644
index 00000000..455cecdb
Binary files /dev/null and b/Users/saahilvashishta/Library/Application Support/Google/Chrome/Default/Default/Cache/Cache_Data/1945da768d536c1c_0 differ
diff --git a/Users/saahilvashishta/Library/Application Support/Google/Chrome/Default/Default/Cache/Cache_Data/1b6f5303490f4fb0_0 b/Users/saahilvashishta/Library/Application Support/Google/Chrome/Default/Default/Cache/Cache_Data/1b6f5303490f4fb0_0
new file mode 100644
index 00000000..19ccb8ef
Binary files /dev/null and b/Users/saahilvashishta/Library/Application Support/Google/Chrome/Default/Default/Cache/Cache_Data/1b6f5303490f4fb0_0 differ
diff --git a/Users/saahilvashishta/Library/Application Support/Google/Chrome/Default/Default/Cache/Cache_Data/1ef36f68a4a5fb1c_0 b/Users/saahilvashishta/Library/Application Support/Google/Chrome/Default/Default/Cache/Cache_Data/1ef36f68a4a5fb1c_0
new file mode 100644
index 00000000..51c4a1e7
Binary files /dev/null and b/Users/saahilvashishta/Library/Application Support/Google/Chrome/Default/Default/Cache/Cache_Data/1ef36f68a4a5fb1c_0 differ
diff --git a/Users/saahilvashishta/Library/Application Support/Google/Chrome/Default/Default/Cache/Cache_Data/2151544a8c53c7bd_0 b/Users/saahilvashishta/Library/Application Support/Google/Chrome/Default/Default/Cache/Cache_Data/2151544a8c53c7bd_0
new file mode 100644
index 00000000..3ad68180
Binary files /dev/null and b/Users/saahilvashishta/Library/Application Support/Google/Chrome/Default/Default/Cache/Cache_Data/2151544a8c53c7bd_0 differ
diff --git a/Users/saahilvashishta/Library/Application Support/Google/Chrome/Default/Default/Cache/Cache_Data/23667bf1e5eb73bc_0 b/Users/saahilvashishta/Library/Application Support/Google/Chrome/Default/Default/Cache/Cache_Data/23667bf1e5eb73bc_0
new file mode 100644
index 00000000..b77fd9ba
Binary files /dev/null and b/Users/saahilvashishta/Library/Application Support/Google/Chrome/Default/Default/Cache/Cache_Data/23667bf1e5eb73bc_0 differ
diff --git a/Users/saahilvashishta/Library/Application Support/Google/Chrome/Default/Default/Cache/Cache_Data/24022d86fea052a0_0 b/Users/saahilvashishta/Library/Application Support/Google/Chrome/Default/Default/Cache/Cache_Data/24022d86fea052a0_0
new file mode 100644
index 00000000..7e813310
Binary files /dev/null and b/Users/saahilvashishta/Library/Application Support/Google/Chrome/Default/Default/Cache/Cache_Data/24022d86fea052a0_0 differ
diff --git a/Users/saahilvashishta/Library/Application Support/Google/Chrome/Default/Default/Cache/Cache_Data/263c2db9f22ac64b_0 b/Users/saahilvashishta/Library/Application Support/Google/Chrome/Default/Default/Cache/Cache_Data/263c2db9f22ac64b_0
new file mode 100644
index 00000000..b80d81b7
Binary files /dev/null and b/Users/saahilvashishta/Library/Application Support/Google/Chrome/Default/Default/Cache/Cache_Data/263c2db9f22ac64b_0 differ
diff --git a/Users/saahilvashishta/Library/Application Support/Google/Chrome/Default/Default/Cache/Cache_Data/27ae657a4888682a_0 b/Users/saahilvashishta/Library/Application Support/Google/Chrome/Default/Default/Cache/Cache_Data/27ae657a4888682a_0
new file mode 100644
index 00000000..8422b3ed
Binary files /dev/null and b/Users/saahilvashishta/Library/Application Support/Google/Chrome/Default/Default/Cache/Cache_Data/27ae657a4888682a_0 differ
diff --git a/Users/saahilvashishta/Library/Application Support/Google/Chrome/Default/Default/Cache/Cache_Data/2a5f972a7ff54d6a_0 b/Users/saahilvashishta/Library/Application Support/Google/Chrome/Default/Default/Cache/Cache_Data/2a5f972a7ff54d6a_0
new file mode 100644
index 00000000..86c3c8e1
Binary files /dev/null and b/Users/saahilvashishta/Library/Application Support/Google/Chrome/Default/Default/Cache/Cache_Data/2a5f972a7ff54d6a_0 differ
diff --git a/Users/saahilvashishta/Library/Application Support/Google/Chrome/Default/Default/Cache/Cache_Data/2a8bda78e5a86078_0 b/Users/saahilvashishta/Library/Application Support/Google/Chrome/Default/Default/Cache/Cache_Data/2a8bda78e5a86078_0
new file mode 100644
index 00000000..4d772292
Binary files /dev/null and b/Users/saahilvashishta/Library/Application Support/Google/Chrome/Default/Default/Cache/Cache_Data/2a8bda78e5a86078_0 differ
diff --git a/Users/saahilvashishta/Library/Application Support/Google/Chrome/Default/Default/Cache/Cache_Data/2b6b26f647b01398_0 b/Users/saahilvashishta/Library/Application Support/Google/Chrome/Default/Default/Cache/Cache_Data/2b6b26f647b01398_0
new file mode 100644
index 00000000..97429abd
Binary files /dev/null and b/Users/saahilvashishta/Library/Application Support/Google/Chrome/Default/Default/Cache/Cache_Data/2b6b26f647b01398_0 differ
diff --git a/Users/saahilvashishta/Library/Application Support/Google/Chrome/Default/Default/Cache/Cache_Data/2c51de4a639d1473_0 b/Users/saahilvashishta/Library/Application Support/Google/Chrome/Default/Default/Cache/Cache_Data/2c51de4a639d1473_0
new file mode 100644
index 00000000..53944854
Binary files /dev/null and b/Users/saahilvashishta/Library/Application Support/Google/Chrome/Default/Default/Cache/Cache_Data/2c51de4a639d1473_0 differ
diff --git a/Users/saahilvashishta/Library/Application Support/Google/Chrome/Default/Default/Cache/Cache_Data/32851bb470318dec_0 b/Users/saahilvashishta/Library/Application Support/Google/Chrome/Default/Default/Cache/Cache_Data/32851bb470318dec_0
new file mode 100644
index 00000000..e6855204
Binary files /dev/null and b/Users/saahilvashishta/Library/Application Support/Google/Chrome/Default/Default/Cache/Cache_Data/32851bb470318dec_0 differ
diff --git a/Users/saahilvashishta/Library/Application Support/Google/Chrome/Default/Default/Cache/Cache_Data/3506ee93769c74e1_0 b/Users/saahilvashishta/Library/Application Support/Google/Chrome/Default/Default/Cache/Cache_Data/3506ee93769c74e1_0
new file mode 100644
index 00000000..8f80c717
Binary files /dev/null and b/Users/saahilvashishta/Library/Application Support/Google/Chrome/Default/Default/Cache/Cache_Data/3506ee93769c74e1_0 differ
diff --git a/Users/saahilvashishta/Library/Application Support/Google/Chrome/Default/Default/Cache/Cache_Data/37303473813f93d5_0 b/Users/saahilvashishta/Library/Application Support/Google/Chrome/Default/Default/Cache/Cache_Data/37303473813f93d5_0
new file mode 100644
index 00000000..db03ef19
Binary files /dev/null and b/Users/saahilvashishta/Library/Application Support/Google/Chrome/Default/Default/Cache/Cache_Data/37303473813f93d5_0 differ
diff --git a/Users/saahilvashishta/Library/Application Support/Google/Chrome/Default/Default/Cache/Cache_Data/3e4768b458b364e9_0 b/Users/saahilvashishta/Library/Application Support/Google/Chrome/Default/Default/Cache/Cache_Data/3e4768b458b364e9_0
new file mode 100644
index 00000000..4f9dc8e4
Binary files /dev/null and b/Users/saahilvashishta/Library/Application Support/Google/Chrome/Default/Default/Cache/Cache_Data/3e4768b458b364e9_0 differ
diff --git a/Users/saahilvashishta/Library/Application Support/Google/Chrome/Default/Default/Cache/Cache_Data/3f1b5b3301277234_0 b/Users/saahilvashishta/Library/Application Support/Google/Chrome/Default/Default/Cache/Cache_Data/3f1b5b3301277234_0
new file mode 100644
index 00000000..7ded0167
Binary files /dev/null and b/Users/saahilvashishta/Library/Application Support/Google/Chrome/Default/Default/Cache/Cache_Data/3f1b5b3301277234_0 differ
diff --git a/Users/saahilvashishta/Library/Application Support/Google/Chrome/Default/Default/Cache/Cache_Data/3f9ade04a02ebe10_0 b/Users/saahilvashishta/Library/Application Support/Google/Chrome/Default/Default/Cache/Cache_Data/3f9ade04a02ebe10_0
new file mode 100644
index 00000000..ae6c9f23
Binary files /dev/null and b/Users/saahilvashishta/Library/Application Support/Google/Chrome/Default/Default/Cache/Cache_Data/3f9ade04a02ebe10_0 differ
diff --git a/Users/saahilvashishta/Library/Application Support/Google/Chrome/Default/Default/Cache/Cache_Data/3fbd1419e05575f0_0 b/Users/saahilvashishta/Library/Application Support/Google/Chrome/Default/Default/Cache/Cache_Data/3fbd1419e05575f0_0
new file mode 100644
index 00000000..bafeb8b4
Binary files /dev/null and b/Users/saahilvashishta/Library/Application Support/Google/Chrome/Default/Default/Cache/Cache_Data/3fbd1419e05575f0_0 differ
diff --git a/Users/saahilvashishta/Library/Application Support/Google/Chrome/Default/Default/Cache/Cache_Data/40ef51b59cef528d_0 b/Users/saahilvashishta/Library/Application Support/Google/Chrome/Default/Default/Cache/Cache_Data/40ef51b59cef528d_0
new file mode 100644
index 00000000..8fb6699b
Binary files /dev/null and b/Users/saahilvashishta/Library/Application Support/Google/Chrome/Default/Default/Cache/Cache_Data/40ef51b59cef528d_0 differ
diff --git a/Users/saahilvashishta/Library/Application Support/Google/Chrome/Default/Default/Cache/Cache_Data/525209c0fc183c20_0 b/Users/saahilvashishta/Library/Application Support/Google/Chrome/Default/Default/Cache/Cache_Data/525209c0fc183c20_0
new file mode 100644
index 00000000..83e1b884
Binary files /dev/null and b/Users/saahilvashishta/Library/Application Support/Google/Chrome/Default/Default/Cache/Cache_Data/525209c0fc183c20_0 differ
diff --git a/Users/saahilvashishta/Library/Application Support/Google/Chrome/Default/Default/Cache/Cache_Data/52b41bda6cbd2517_0 b/Users/saahilvashishta/Library/Application Support/Google/Chrome/Default/Default/Cache/Cache_Data/52b41bda6cbd2517_0
new file mode 100644
index 00000000..4e1d2c01
Binary files /dev/null and b/Users/saahilvashishta/Library/Application Support/Google/Chrome/Default/Default/Cache/Cache_Data/52b41bda6cbd2517_0 differ
diff --git a/Users/saahilvashishta/Library/Application Support/Google/Chrome/Default/Default/Cache/Cache_Data/5786c26e1deddfb4_0 b/Users/saahilvashishta/Library/Application Support/Google/Chrome/Default/Default/Cache/Cache_Data/5786c26e1deddfb4_0
new file mode 100644
index 00000000..9f2db4d4
Binary files /dev/null and b/Users/saahilvashishta/Library/Application Support/Google/Chrome/Default/Default/Cache/Cache_Data/5786c26e1deddfb4_0 differ
diff --git a/Users/saahilvashishta/Library/Application Support/Google/Chrome/Default/Default/Cache/Cache_Data/57929f011bfc0aba_0 b/Users/saahilvashishta/Library/Application Support/Google/Chrome/Default/Default/Cache/Cache_Data/57929f011bfc0aba_0
new file mode 100644
index 00000000..51133eca
Binary files /dev/null and b/Users/saahilvashishta/Library/Application Support/Google/Chrome/Default/Default/Cache/Cache_Data/57929f011bfc0aba_0 differ
diff --git a/Users/saahilvashishta/Library/Application Support/Google/Chrome/Default/Default/Cache/Cache_Data/5e3365d2d65345ff_0 b/Users/saahilvashishta/Library/Application Support/Google/Chrome/Default/Default/Cache/Cache_Data/5e3365d2d65345ff_0
new file mode 100644
index 00000000..a26fd044
Binary files /dev/null and b/Users/saahilvashishta/Library/Application Support/Google/Chrome/Default/Default/Cache/Cache_Data/5e3365d2d65345ff_0 differ
diff --git a/Users/saahilvashishta/Library/Application Support/Google/Chrome/Default/Default/Cache/Cache_Data/61ecc2aa9c4d1a89_0 b/Users/saahilvashishta/Library/Application Support/Google/Chrome/Default/Default/Cache/Cache_Data/61ecc2aa9c4d1a89_0
new file mode 100644
index 00000000..0ff6a6cd
Binary files /dev/null and b/Users/saahilvashishta/Library/Application Support/Google/Chrome/Default/Default/Cache/Cache_Data/61ecc2aa9c4d1a89_0 differ
diff --git a/Users/saahilvashishta/Library/Application Support/Google/Chrome/Default/Default/Cache/Cache_Data/64bb016dc9da3578_0 b/Users/saahilvashishta/Library/Application Support/Google/Chrome/Default/Default/Cache/Cache_Data/64bb016dc9da3578_0
new file mode 100644
index 00000000..9f428cba
Binary files /dev/null and b/Users/saahilvashishta/Library/Application Support/Google/Chrome/Default/Default/Cache/Cache_Data/64bb016dc9da3578_0 differ
diff --git a/Users/saahilvashishta/Library/Application Support/Google/Chrome/Default/Default/Cache/Cache_Data/66fd79e7ea900f6d_0 b/Users/saahilvashishta/Library/Application Support/Google/Chrome/Default/Default/Cache/Cache_Data/66fd79e7ea900f6d_0
new file mode 100644
index 00000000..9ffdb510
Binary files /dev/null and b/Users/saahilvashishta/Library/Application Support/Google/Chrome/Default/Default/Cache/Cache_Data/66fd79e7ea900f6d_0 differ
diff --git a/Users/saahilvashishta/Library/Application Support/Google/Chrome/Default/Default/Cache/Cache_Data/67104805196c8508_0 b/Users/saahilvashishta/Library/Application Support/Google/Chrome/Default/Default/Cache/Cache_Data/67104805196c8508_0
new file mode 100644
index 00000000..a81efbbc
Binary files /dev/null and b/Users/saahilvashishta/Library/Application Support/Google/Chrome/Default/Default/Cache/Cache_Data/67104805196c8508_0 differ
diff --git a/Users/saahilvashishta/Library/Application Support/Google/Chrome/Default/Default/Cache/Cache_Data/698c8d99cf12262b_0 b/Users/saahilvashishta/Library/Application Support/Google/Chrome/Default/Default/Cache/Cache_Data/698c8d99cf12262b_0
new file mode 100644
index 00000000..300c3dc6
Binary files /dev/null and b/Users/saahilvashishta/Library/Application Support/Google/Chrome/Default/Default/Cache/Cache_Data/698c8d99cf12262b_0 differ
diff --git a/Users/saahilvashishta/Library/Application Support/Google/Chrome/Default/Default/Cache/Cache_Data/6a5502d77a19e894_0 b/Users/saahilvashishta/Library/Application Support/Google/Chrome/Default/Default/Cache/Cache_Data/6a5502d77a19e894_0
new file mode 100644
index 00000000..a2012da9
Binary files /dev/null and b/Users/saahilvashishta/Library/Application Support/Google/Chrome/Default/Default/Cache/Cache_Data/6a5502d77a19e894_0 differ
diff --git a/Users/saahilvashishta/Library/Application Support/Google/Chrome/Default/Default/Cache/Cache_Data/6b1f4dc4394fd9f0_0 b/Users/saahilvashishta/Library/Application Support/Google/Chrome/Default/Default/Cache/Cache_Data/6b1f4dc4394fd9f0_0
new file mode 100644
index 00000000..d057a280
Binary files /dev/null and b/Users/saahilvashishta/Library/Application Support/Google/Chrome/Default/Default/Cache/Cache_Data/6b1f4dc4394fd9f0_0 differ
diff --git a/Users/saahilvashishta/Library/Application Support/Google/Chrome/Default/Default/Cache/Cache_Data/6b4d609aad219df9_0 b/Users/saahilvashishta/Library/Application Support/Google/Chrome/Default/Default/Cache/Cache_Data/6b4d609aad219df9_0
new file mode 100644
index 00000000..c04572be
Binary files /dev/null and b/Users/saahilvashishta/Library/Application Support/Google/Chrome/Default/Default/Cache/Cache_Data/6b4d609aad219df9_0 differ
diff --git a/Users/saahilvashishta/Library/Application Support/Google/Chrome/Default/Default/Cache/Cache_Data/6b4f8a998bb07edd_0 b/Users/saahilvashishta/Library/Application Support/Google/Chrome/Default/Default/Cache/Cache_Data/6b4f8a998bb07edd_0
new file mode 100644
index 00000000..2d634962
Binary files /dev/null and b/Users/saahilvashishta/Library/Application Support/Google/Chrome/Default/Default/Cache/Cache_Data/6b4f8a998bb07edd_0 differ
diff --git a/Users/saahilvashishta/Library/Application Support/Google/Chrome/Default/Default/Cache/Cache_Data/6ce0237ee1699b7b_0 b/Users/saahilvashishta/Library/Application Support/Google/Chrome/Default/Default/Cache/Cache_Data/6ce0237ee1699b7b_0
new file mode 100644
index 00000000..3664ecd8
Binary files /dev/null and b/Users/saahilvashishta/Library/Application Support/Google/Chrome/Default/Default/Cache/Cache_Data/6ce0237ee1699b7b_0 differ
diff --git a/Users/saahilvashishta/Library/Application Support/Google/Chrome/Default/Default/Cache/Cache_Data/724145f903e1b28d_0 b/Users/saahilvashishta/Library/Application Support/Google/Chrome/Default/Default/Cache/Cache_Data/724145f903e1b28d_0
new file mode 100644
index 00000000..44ad2371
Binary files /dev/null and b/Users/saahilvashishta/Library/Application Support/Google/Chrome/Default/Default/Cache/Cache_Data/724145f903e1b28d_0 differ
diff --git a/Users/saahilvashishta/Library/Application Support/Google/Chrome/Default/Default/Cache/Cache_Data/72f54fa8d34bd8b0_0 b/Users/saahilvashishta/Library/Application Support/Google/Chrome/Default/Default/Cache/Cache_Data/72f54fa8d34bd8b0_0
new file mode 100644
index 00000000..e5cb2d17
Binary files /dev/null and b/Users/saahilvashishta/Library/Application Support/Google/Chrome/Default/Default/Cache/Cache_Data/72f54fa8d34bd8b0_0 differ
diff --git a/Users/saahilvashishta/Library/Application Support/Google/Chrome/Default/Default/Cache/Cache_Data/7476d9d52bbd8b89_0 b/Users/saahilvashishta/Library/Application Support/Google/Chrome/Default/Default/Cache/Cache_Data/7476d9d52bbd8b89_0
new file mode 100644
index 00000000..b95781a3
Binary files /dev/null and b/Users/saahilvashishta/Library/Application Support/Google/Chrome/Default/Default/Cache/Cache_Data/7476d9d52bbd8b89_0 differ
diff --git a/Users/saahilvashishta/Library/Application Support/Google/Chrome/Default/Default/Cache/Cache_Data/768c2b286f29f938_0 b/Users/saahilvashishta/Library/Application Support/Google/Chrome/Default/Default/Cache/Cache_Data/768c2b286f29f938_0
new file mode 100644
index 00000000..f072a105
Binary files /dev/null and b/Users/saahilvashishta/Library/Application Support/Google/Chrome/Default/Default/Cache/Cache_Data/768c2b286f29f938_0 differ
diff --git a/Users/saahilvashishta/Library/Application Support/Google/Chrome/Default/Default/Cache/Cache_Data/7b5297db46ed7407_0 b/Users/saahilvashishta/Library/Application Support/Google/Chrome/Default/Default/Cache/Cache_Data/7b5297db46ed7407_0
new file mode 100644
index 00000000..cc945194
Binary files /dev/null and b/Users/saahilvashishta/Library/Application Support/Google/Chrome/Default/Default/Cache/Cache_Data/7b5297db46ed7407_0 differ
diff --git a/Users/saahilvashishta/Library/Application Support/Google/Chrome/Default/Default/Cache/Cache_Data/7c347883fbe4e37e_0 b/Users/saahilvashishta/Library/Application Support/Google/Chrome/Default/Default/Cache/Cache_Data/7c347883fbe4e37e_0
new file mode 100644
index 00000000..1183c7f2
Binary files /dev/null and b/Users/saahilvashishta/Library/Application Support/Google/Chrome/Default/Default/Cache/Cache_Data/7c347883fbe4e37e_0 differ
diff --git a/Users/saahilvashishta/Library/Application Support/Google/Chrome/Default/Default/Cache/Cache_Data/7c960584f72b5ea3_0 b/Users/saahilvashishta/Library/Application Support/Google/Chrome/Default/Default/Cache/Cache_Data/7c960584f72b5ea3_0
new file mode 100644
index 00000000..3d1e7370
Binary files /dev/null and b/Users/saahilvashishta/Library/Application Support/Google/Chrome/Default/Default/Cache/Cache_Data/7c960584f72b5ea3_0 differ
diff --git a/Users/saahilvashishta/Library/Application Support/Google/Chrome/Default/Default/Cache/Cache_Data/842215bd17145976_0 b/Users/saahilvashishta/Library/Application Support/Google/Chrome/Default/Default/Cache/Cache_Data/842215bd17145976_0
new file mode 100644
index 00000000..db5ad5e6
Binary files /dev/null and b/Users/saahilvashishta/Library/Application Support/Google/Chrome/Default/Default/Cache/Cache_Data/842215bd17145976_0 differ
diff --git a/Users/saahilvashishta/Library/Application Support/Google/Chrome/Default/Default/Cache/Cache_Data/8dc88f8e0f255b97_0 b/Users/saahilvashishta/Library/Application Support/Google/Chrome/Default/Default/Cache/Cache_Data/8dc88f8e0f255b97_0
new file mode 100644
index 00000000..12589e34
Binary files /dev/null and b/Users/saahilvashishta/Library/Application Support/Google/Chrome/Default/Default/Cache/Cache_Data/8dc88f8e0f255b97_0 differ
diff --git a/Users/saahilvashishta/Library/Application Support/Google/Chrome/Default/Default/Cache/Cache_Data/9328b61f171dcbc0_0 b/Users/saahilvashishta/Library/Application Support/Google/Chrome/Default/Default/Cache/Cache_Data/9328b61f171dcbc0_0
new file mode 100644
index 00000000..b9ec6e32
Binary files /dev/null and b/Users/saahilvashishta/Library/Application Support/Google/Chrome/Default/Default/Cache/Cache_Data/9328b61f171dcbc0_0 differ
diff --git a/Users/saahilvashishta/Library/Application Support/Google/Chrome/Default/Default/Cache/Cache_Data/946cb71dd8063491_0 b/Users/saahilvashishta/Library/Application Support/Google/Chrome/Default/Default/Cache/Cache_Data/946cb71dd8063491_0
new file mode 100644
index 00000000..c5e00bb0
Binary files /dev/null and b/Users/saahilvashishta/Library/Application Support/Google/Chrome/Default/Default/Cache/Cache_Data/946cb71dd8063491_0 differ
diff --git a/Users/saahilvashishta/Library/Application Support/Google/Chrome/Default/Default/Cache/Cache_Data/972f88084aa3d6c6_0 b/Users/saahilvashishta/Library/Application Support/Google/Chrome/Default/Default/Cache/Cache_Data/972f88084aa3d6c6_0
new file mode 100644
index 00000000..7c2d952c
Binary files /dev/null and b/Users/saahilvashishta/Library/Application Support/Google/Chrome/Default/Default/Cache/Cache_Data/972f88084aa3d6c6_0 differ
diff --git a/Users/saahilvashishta/Library/Application Support/Google/Chrome/Default/Default/Cache/Cache_Data/9747d34f2a327f5b_0 b/Users/saahilvashishta/Library/Application Support/Google/Chrome/Default/Default/Cache/Cache_Data/9747d34f2a327f5b_0
new file mode 100644
index 00000000..42956243
Binary files /dev/null and b/Users/saahilvashishta/Library/Application Support/Google/Chrome/Default/Default/Cache/Cache_Data/9747d34f2a327f5b_0 differ
diff --git a/Users/saahilvashishta/Library/Application Support/Google/Chrome/Default/Default/Cache/Cache_Data/98f9e914a72d369a_0 b/Users/saahilvashishta/Library/Application Support/Google/Chrome/Default/Default/Cache/Cache_Data/98f9e914a72d369a_0
new file mode 100644
index 00000000..3afe6b86
Binary files /dev/null and b/Users/saahilvashishta/Library/Application Support/Google/Chrome/Default/Default/Cache/Cache_Data/98f9e914a72d369a_0 differ
diff --git a/Users/saahilvashishta/Library/Application Support/Google/Chrome/Default/Default/Cache/Cache_Data/a012bea478e9a98f_0 b/Users/saahilvashishta/Library/Application Support/Google/Chrome/Default/Default/Cache/Cache_Data/a012bea478e9a98f_0
new file mode 100644
index 00000000..0ee1737d
Binary files /dev/null and b/Users/saahilvashishta/Library/Application Support/Google/Chrome/Default/Default/Cache/Cache_Data/a012bea478e9a98f_0 differ
diff --git a/Users/saahilvashishta/Library/Application Support/Google/Chrome/Default/Default/Cache/Cache_Data/a24938193147f4f3_0 b/Users/saahilvashishta/Library/Application Support/Google/Chrome/Default/Default/Cache/Cache_Data/a24938193147f4f3_0
new file mode 100644
index 00000000..9227b079
Binary files /dev/null and b/Users/saahilvashishta/Library/Application Support/Google/Chrome/Default/Default/Cache/Cache_Data/a24938193147f4f3_0 differ
diff --git a/Users/saahilvashishta/Library/Application Support/Google/Chrome/Default/Default/Cache/Cache_Data/aa1f6320068c13ea_0 b/Users/saahilvashishta/Library/Application Support/Google/Chrome/Default/Default/Cache/Cache_Data/aa1f6320068c13ea_0
new file mode 100644
index 00000000..79c67214
Binary files /dev/null and b/Users/saahilvashishta/Library/Application Support/Google/Chrome/Default/Default/Cache/Cache_Data/aa1f6320068c13ea_0 differ
diff --git a/Users/saahilvashishta/Library/Application Support/Google/Chrome/Default/Default/Cache/Cache_Data/ac346a80863f523e_0 b/Users/saahilvashishta/Library/Application Support/Google/Chrome/Default/Default/Cache/Cache_Data/ac346a80863f523e_0
new file mode 100644
index 00000000..253f4ad8
Binary files /dev/null and b/Users/saahilvashishta/Library/Application Support/Google/Chrome/Default/Default/Cache/Cache_Data/ac346a80863f523e_0 differ
diff --git a/Users/saahilvashishta/Library/Application Support/Google/Chrome/Default/Default/Cache/Cache_Data/ad728ca6e11eedf9_0 b/Users/saahilvashishta/Library/Application Support/Google/Chrome/Default/Default/Cache/Cache_Data/ad728ca6e11eedf9_0
new file mode 100644
index 00000000..1de60630
Binary files /dev/null and b/Users/saahilvashishta/Library/Application Support/Google/Chrome/Default/Default/Cache/Cache_Data/ad728ca6e11eedf9_0 differ
diff --git a/Users/saahilvashishta/Library/Application Support/Google/Chrome/Default/Default/Cache/Cache_Data/ad91248bb0947382_0 b/Users/saahilvashishta/Library/Application Support/Google/Chrome/Default/Default/Cache/Cache_Data/ad91248bb0947382_0
new file mode 100644
index 00000000..edc046ba
Binary files /dev/null and b/Users/saahilvashishta/Library/Application Support/Google/Chrome/Default/Default/Cache/Cache_Data/ad91248bb0947382_0 differ
diff --git a/Users/saahilvashishta/Library/Application Support/Google/Chrome/Default/Default/Cache/Cache_Data/b3f23432f8bf0be2_0 b/Users/saahilvashishta/Library/Application Support/Google/Chrome/Default/Default/Cache/Cache_Data/b3f23432f8bf0be2_0
new file mode 100644
index 00000000..ce68df22
Binary files /dev/null and b/Users/saahilvashishta/Library/Application Support/Google/Chrome/Default/Default/Cache/Cache_Data/b3f23432f8bf0be2_0 differ
diff --git a/Users/saahilvashishta/Library/Application Support/Google/Chrome/Default/Default/Cache/Cache_Data/b67c36dd10e20215_0 b/Users/saahilvashishta/Library/Application Support/Google/Chrome/Default/Default/Cache/Cache_Data/b67c36dd10e20215_0
new file mode 100644
index 00000000..7c722277
Binary files /dev/null and b/Users/saahilvashishta/Library/Application Support/Google/Chrome/Default/Default/Cache/Cache_Data/b67c36dd10e20215_0 differ
diff --git a/Users/saahilvashishta/Library/Application Support/Google/Chrome/Default/Default/Cache/Cache_Data/b8796b0ed0d38615_0 b/Users/saahilvashishta/Library/Application Support/Google/Chrome/Default/Default/Cache/Cache_Data/b8796b0ed0d38615_0
new file mode 100644
index 00000000..9b4947fb
Binary files /dev/null and b/Users/saahilvashishta/Library/Application Support/Google/Chrome/Default/Default/Cache/Cache_Data/b8796b0ed0d38615_0 differ
diff --git a/Users/saahilvashishta/Library/Application Support/Google/Chrome/Default/Default/Cache/Cache_Data/b9c8eae5e82f77d6_0 b/Users/saahilvashishta/Library/Application Support/Google/Chrome/Default/Default/Cache/Cache_Data/b9c8eae5e82f77d6_0
new file mode 100644
index 00000000..c32dcc00
Binary files /dev/null and b/Users/saahilvashishta/Library/Application Support/Google/Chrome/Default/Default/Cache/Cache_Data/b9c8eae5e82f77d6_0 differ
diff --git a/Users/saahilvashishta/Library/Application Support/Google/Chrome/Default/Default/Cache/Cache_Data/bd3d4fa9734fb131_0 b/Users/saahilvashishta/Library/Application Support/Google/Chrome/Default/Default/Cache/Cache_Data/bd3d4fa9734fb131_0
new file mode 100644
index 00000000..fe19b705
Binary files /dev/null and b/Users/saahilvashishta/Library/Application Support/Google/Chrome/Default/Default/Cache/Cache_Data/bd3d4fa9734fb131_0 differ
diff --git a/Users/saahilvashishta/Library/Application Support/Google/Chrome/Default/Default/Cache/Cache_Data/bd963d5c17debf5f_0 b/Users/saahilvashishta/Library/Application Support/Google/Chrome/Default/Default/Cache/Cache_Data/bd963d5c17debf5f_0
new file mode 100644
index 00000000..5b288b80
Binary files /dev/null and b/Users/saahilvashishta/Library/Application Support/Google/Chrome/Default/Default/Cache/Cache_Data/bd963d5c17debf5f_0 differ
diff --git a/Users/saahilvashishta/Library/Application Support/Google/Chrome/Default/Default/Cache/Cache_Data/c3ff6a6265f4c9c6_0 b/Users/saahilvashishta/Library/Application Support/Google/Chrome/Default/Default/Cache/Cache_Data/c3ff6a6265f4c9c6_0
new file mode 100644
index 00000000..1913dda2
Binary files /dev/null and b/Users/saahilvashishta/Library/Application Support/Google/Chrome/Default/Default/Cache/Cache_Data/c3ff6a6265f4c9c6_0 differ
diff --git a/Users/saahilvashishta/Library/Application Support/Google/Chrome/Default/Default/Cache/Cache_Data/c55c6080f4778fa9_0 b/Users/saahilvashishta/Library/Application Support/Google/Chrome/Default/Default/Cache/Cache_Data/c55c6080f4778fa9_0
new file mode 100644
index 00000000..8162029a
Binary files /dev/null and b/Users/saahilvashishta/Library/Application Support/Google/Chrome/Default/Default/Cache/Cache_Data/c55c6080f4778fa9_0 differ
diff --git a/Users/saahilvashishta/Library/Application Support/Google/Chrome/Default/Default/Cache/Cache_Data/c86932067d83a69f_0 b/Users/saahilvashishta/Library/Application Support/Google/Chrome/Default/Default/Cache/Cache_Data/c86932067d83a69f_0
new file mode 100644
index 00000000..6523b8a4
Binary files /dev/null and b/Users/saahilvashishta/Library/Application Support/Google/Chrome/Default/Default/Cache/Cache_Data/c86932067d83a69f_0 differ
diff --git a/Users/saahilvashishta/Library/Application Support/Google/Chrome/Default/Default/Cache/Cache_Data/ccc7717ebf49417c_0 b/Users/saahilvashishta/Library/Application Support/Google/Chrome/Default/Default/Cache/Cache_Data/ccc7717ebf49417c_0
new file mode 100644
index 00000000..1828b4e2
Binary files /dev/null and b/Users/saahilvashishta/Library/Application Support/Google/Chrome/Default/Default/Cache/Cache_Data/ccc7717ebf49417c_0 differ
diff --git a/Users/saahilvashishta/Library/Application Support/Google/Chrome/Default/Default/Cache/Cache_Data/cfab9443e5218e92_0 b/Users/saahilvashishta/Library/Application Support/Google/Chrome/Default/Default/Cache/Cache_Data/cfab9443e5218e92_0
new file mode 100644
index 00000000..09116a15
Binary files /dev/null and b/Users/saahilvashishta/Library/Application Support/Google/Chrome/Default/Default/Cache/Cache_Data/cfab9443e5218e92_0 differ
diff --git a/Users/saahilvashishta/Library/Application Support/Google/Chrome/Default/Default/Cache/Cache_Data/d1eb3739afe6cfc2_0 b/Users/saahilvashishta/Library/Application Support/Google/Chrome/Default/Default/Cache/Cache_Data/d1eb3739afe6cfc2_0
new file mode 100644
index 00000000..5c52b7e8
Binary files /dev/null and b/Users/saahilvashishta/Library/Application Support/Google/Chrome/Default/Default/Cache/Cache_Data/d1eb3739afe6cfc2_0 differ
diff --git a/Users/saahilvashishta/Library/Application Support/Google/Chrome/Default/Default/Cache/Cache_Data/d3010c442aa92395_0 b/Users/saahilvashishta/Library/Application Support/Google/Chrome/Default/Default/Cache/Cache_Data/d3010c442aa92395_0
new file mode 100644
index 00000000..834b51b0
Binary files /dev/null and b/Users/saahilvashishta/Library/Application Support/Google/Chrome/Default/Default/Cache/Cache_Data/d3010c442aa92395_0 differ
diff --git a/Users/saahilvashishta/Library/Application Support/Google/Chrome/Default/Default/Cache/Cache_Data/d87364e367cf079c_0 b/Users/saahilvashishta/Library/Application Support/Google/Chrome/Default/Default/Cache/Cache_Data/d87364e367cf079c_0
new file mode 100644
index 00000000..f2a4949a
Binary files /dev/null and b/Users/saahilvashishta/Library/Application Support/Google/Chrome/Default/Default/Cache/Cache_Data/d87364e367cf079c_0 differ
diff --git a/Users/saahilvashishta/Library/Application Support/Google/Chrome/Default/Default/Cache/Cache_Data/d9f7c6d1eafbfb4f_0 b/Users/saahilvashishta/Library/Application Support/Google/Chrome/Default/Default/Cache/Cache_Data/d9f7c6d1eafbfb4f_0
new file mode 100644
index 00000000..2342fac7
Binary files /dev/null and b/Users/saahilvashishta/Library/Application Support/Google/Chrome/Default/Default/Cache/Cache_Data/d9f7c6d1eafbfb4f_0 differ
diff --git a/Users/saahilvashishta/Library/Application Support/Google/Chrome/Default/Default/Cache/Cache_Data/dfa95375291da02c_0 b/Users/saahilvashishta/Library/Application Support/Google/Chrome/Default/Default/Cache/Cache_Data/dfa95375291da02c_0
new file mode 100644
index 00000000..952d388a
Binary files /dev/null and b/Users/saahilvashishta/Library/Application Support/Google/Chrome/Default/Default/Cache/Cache_Data/dfa95375291da02c_0 differ
diff --git a/Users/saahilvashishta/Library/Application Support/Google/Chrome/Default/Default/Cache/Cache_Data/dfceac497e8ece33_0 b/Users/saahilvashishta/Library/Application Support/Google/Chrome/Default/Default/Cache/Cache_Data/dfceac497e8ece33_0
new file mode 100644
index 00000000..1353f5db
Binary files /dev/null and b/Users/saahilvashishta/Library/Application Support/Google/Chrome/Default/Default/Cache/Cache_Data/dfceac497e8ece33_0 differ
diff --git a/Users/saahilvashishta/Library/Application Support/Google/Chrome/Default/Default/Cache/Cache_Data/e3d5d379d3fb5a17_0 b/Users/saahilvashishta/Library/Application Support/Google/Chrome/Default/Default/Cache/Cache_Data/e3d5d379d3fb5a17_0
new file mode 100644
index 00000000..7e168973
Binary files /dev/null and b/Users/saahilvashishta/Library/Application Support/Google/Chrome/Default/Default/Cache/Cache_Data/e3d5d379d3fb5a17_0 differ
diff --git a/Users/saahilvashishta/Library/Application Support/Google/Chrome/Default/Default/Cache/Cache_Data/e5358828fd63506f_0 b/Users/saahilvashishta/Library/Application Support/Google/Chrome/Default/Default/Cache/Cache_Data/e5358828fd63506f_0
new file mode 100644
index 00000000..a6723a10
Binary files /dev/null and b/Users/saahilvashishta/Library/Application Support/Google/Chrome/Default/Default/Cache/Cache_Data/e5358828fd63506f_0 differ
diff --git a/Users/saahilvashishta/Library/Application Support/Google/Chrome/Default/Default/Cache/Cache_Data/e7e6995df682c1a3_0 b/Users/saahilvashishta/Library/Application Support/Google/Chrome/Default/Default/Cache/Cache_Data/e7e6995df682c1a3_0
new file mode 100644
index 00000000..336fc238
Binary files /dev/null and b/Users/saahilvashishta/Library/Application Support/Google/Chrome/Default/Default/Cache/Cache_Data/e7e6995df682c1a3_0 differ
diff --git a/Users/saahilvashishta/Library/Application Support/Google/Chrome/Default/Default/Cache/Cache_Data/e8ac7a2a9cc0b813_0 b/Users/saahilvashishta/Library/Application Support/Google/Chrome/Default/Default/Cache/Cache_Data/e8ac7a2a9cc0b813_0
new file mode 100644
index 00000000..0aeec9e6
Binary files /dev/null and b/Users/saahilvashishta/Library/Application Support/Google/Chrome/Default/Default/Cache/Cache_Data/e8ac7a2a9cc0b813_0 differ
diff --git a/Users/saahilvashishta/Library/Application Support/Google/Chrome/Default/Default/Cache/Cache_Data/ec29b74b230e5073_0 b/Users/saahilvashishta/Library/Application Support/Google/Chrome/Default/Default/Cache/Cache_Data/ec29b74b230e5073_0
new file mode 100644
index 00000000..d5e63097
Binary files /dev/null and b/Users/saahilvashishta/Library/Application Support/Google/Chrome/Default/Default/Cache/Cache_Data/ec29b74b230e5073_0 differ
diff --git a/Users/saahilvashishta/Library/Application Support/Google/Chrome/Default/Default/Cache/Cache_Data/f227fe4d8288e2e8_0 b/Users/saahilvashishta/Library/Application Support/Google/Chrome/Default/Default/Cache/Cache_Data/f227fe4d8288e2e8_0
new file mode 100644
index 00000000..b3b6b4a9
Binary files /dev/null and b/Users/saahilvashishta/Library/Application Support/Google/Chrome/Default/Default/Cache/Cache_Data/f227fe4d8288e2e8_0 differ
diff --git a/Users/saahilvashishta/Library/Application Support/Google/Chrome/Default/Default/Cache/Cache_Data/f261b678a33952b5_0 b/Users/saahilvashishta/Library/Application Support/Google/Chrome/Default/Default/Cache/Cache_Data/f261b678a33952b5_0
new file mode 100644
index 00000000..0a62a140
Binary files /dev/null and b/Users/saahilvashishta/Library/Application Support/Google/Chrome/Default/Default/Cache/Cache_Data/f261b678a33952b5_0 differ
diff --git a/Users/saahilvashishta/Library/Application Support/Google/Chrome/Default/Default/Cache/Cache_Data/f536d18bbc6028a2_0 b/Users/saahilvashishta/Library/Application Support/Google/Chrome/Default/Default/Cache/Cache_Data/f536d18bbc6028a2_0
new file mode 100644
index 00000000..50d0eef4
Binary files /dev/null and b/Users/saahilvashishta/Library/Application Support/Google/Chrome/Default/Default/Cache/Cache_Data/f536d18bbc6028a2_0 differ
diff --git a/Users/saahilvashishta/Library/Application Support/Google/Chrome/Default/Default/Cache/Cache_Data/f924b7d47b44c3e4_0 b/Users/saahilvashishta/Library/Application Support/Google/Chrome/Default/Default/Cache/Cache_Data/f924b7d47b44c3e4_0
new file mode 100644
index 00000000..3b4496da
Binary files /dev/null and b/Users/saahilvashishta/Library/Application Support/Google/Chrome/Default/Default/Cache/Cache_Data/f924b7d47b44c3e4_0 differ
diff --git a/Users/saahilvashishta/Library/Application Support/Google/Chrome/Default/Default/Cache/Cache_Data/ff9400b7111df6c3_0 b/Users/saahilvashishta/Library/Application Support/Google/Chrome/Default/Default/Cache/Cache_Data/ff9400b7111df6c3_0
new file mode 100644
index 00000000..bbc7e806
Binary files /dev/null and b/Users/saahilvashishta/Library/Application Support/Google/Chrome/Default/Default/Cache/Cache_Data/ff9400b7111df6c3_0 differ
diff --git a/Users/saahilvashishta/Library/Application Support/Google/Chrome/Default/Default/Cache/Cache_Data/index b/Users/saahilvashishta/Library/Application Support/Google/Chrome/Default/Default/Cache/Cache_Data/index
new file mode 100644
index 00000000..79bd403a
Binary files /dev/null and b/Users/saahilvashishta/Library/Application Support/Google/Chrome/Default/Default/Cache/Cache_Data/index differ
diff --git a/Users/saahilvashishta/Library/Application Support/Google/Chrome/Default/Default/Cache/Cache_Data/index-dir/the-real-index b/Users/saahilvashishta/Library/Application Support/Google/Chrome/Default/Default/Cache/Cache_Data/index-dir/the-real-index
new file mode 100644
index 00000000..e6a25d7a
Binary files /dev/null and b/Users/saahilvashishta/Library/Application Support/Google/Chrome/Default/Default/Cache/Cache_Data/index-dir/the-real-index differ
diff --git a/Users/saahilvashishta/Library/Application Support/Google/Chrome/Default/Default/Code Cache/js/02c779c5c71849ce_0 b/Users/saahilvashishta/Library/Application Support/Google/Chrome/Default/Default/Code Cache/js/02c779c5c71849ce_0
new file mode 100644
index 00000000..2229b571
Binary files /dev/null and b/Users/saahilvashishta/Library/Application Support/Google/Chrome/Default/Default/Code Cache/js/02c779c5c71849ce_0 differ
diff --git a/Users/saahilvashishta/Library/Application Support/Google/Chrome/Default/Default/Code Cache/js/0b2868a6e966f161_0 b/Users/saahilvashishta/Library/Application Support/Google/Chrome/Default/Default/Code Cache/js/0b2868a6e966f161_0
new file mode 100644
index 00000000..de4a8fb6
Binary files /dev/null and b/Users/saahilvashishta/Library/Application Support/Google/Chrome/Default/Default/Code Cache/js/0b2868a6e966f161_0 differ
diff --git a/Users/saahilvashishta/Library/Application Support/Google/Chrome/Default/Default/Code Cache/js/0b4d35695c5074bd_0 b/Users/saahilvashishta/Library/Application Support/Google/Chrome/Default/Default/Code Cache/js/0b4d35695c5074bd_0
new file mode 100644
index 00000000..cdf4a7de
Binary files /dev/null and b/Users/saahilvashishta/Library/Application Support/Google/Chrome/Default/Default/Code Cache/js/0b4d35695c5074bd_0 differ
diff --git a/Users/saahilvashishta/Library/Application Support/Google/Chrome/Default/Default/Code Cache/js/0d7be02c8303e80e_0 b/Users/saahilvashishta/Library/Application Support/Google/Chrome/Default/Default/Code Cache/js/0d7be02c8303e80e_0
new file mode 100644
index 00000000..625cfaab
Binary files /dev/null and b/Users/saahilvashishta/Library/Application Support/Google/Chrome/Default/Default/Code Cache/js/0d7be02c8303e80e_0 differ
diff --git a/Users/saahilvashishta/Library/Application Support/Google/Chrome/Default/Default/Code Cache/js/11db208b34efef9c_0 b/Users/saahilvashishta/Library/Application Support/Google/Chrome/Default/Default/Code Cache/js/11db208b34efef9c_0
new file mode 100644
index 00000000..73760b60
Binary files /dev/null and b/Users/saahilvashishta/Library/Application Support/Google/Chrome/Default/Default/Code Cache/js/11db208b34efef9c_0 differ
diff --git a/Users/saahilvashishta/Library/Application Support/Google/Chrome/Default/Default/Code Cache/js/157ac5dc69855318_0 b/Users/saahilvashishta/Library/Application Support/Google/Chrome/Default/Default/Code Cache/js/157ac5dc69855318_0
new file mode 100644
index 00000000..d779871e
Binary files /dev/null and b/Users/saahilvashishta/Library/Application Support/Google/Chrome/Default/Default/Code Cache/js/157ac5dc69855318_0 differ
diff --git a/Users/saahilvashishta/Library/Application Support/Google/Chrome/Default/Default/Code Cache/js/1b3e7445748ca065_0 b/Users/saahilvashishta/Library/Application Support/Google/Chrome/Default/Default/Code Cache/js/1b3e7445748ca065_0
new file mode 100644
index 00000000..717146a7
Binary files /dev/null and b/Users/saahilvashishta/Library/Application Support/Google/Chrome/Default/Default/Code Cache/js/1b3e7445748ca065_0 differ
diff --git a/Users/saahilvashishta/Library/Application Support/Google/Chrome/Default/Default/Code Cache/js/1b9192f2d7040fa6_0 b/Users/saahilvashishta/Library/Application Support/Google/Chrome/Default/Default/Code Cache/js/1b9192f2d7040fa6_0
new file mode 100644
index 00000000..5af70a76
Binary files /dev/null and b/Users/saahilvashishta/Library/Application Support/Google/Chrome/Default/Default/Code Cache/js/1b9192f2d7040fa6_0 differ
diff --git a/Users/saahilvashishta/Library/Application Support/Google/Chrome/Default/Default/Code Cache/js/1c7a39beabde98a7_0 b/Users/saahilvashishta/Library/Application Support/Google/Chrome/Default/Default/Code Cache/js/1c7a39beabde98a7_0
new file mode 100644
index 00000000..4938eff9
Binary files /dev/null and b/Users/saahilvashishta/Library/Application Support/Google/Chrome/Default/Default/Code Cache/js/1c7a39beabde98a7_0 differ
diff --git a/Users/saahilvashishta/Library/Application Support/Google/Chrome/Default/Default/Code Cache/js/325471885cd6c0c3_0 b/Users/saahilvashishta/Library/Application Support/Google/Chrome/Default/Default/Code Cache/js/325471885cd6c0c3_0
new file mode 100644
index 00000000..e3fadab4
Binary files /dev/null and b/Users/saahilvashishta/Library/Application Support/Google/Chrome/Default/Default/Code Cache/js/325471885cd6c0c3_0 differ
diff --git a/Users/saahilvashishta/Library/Application Support/Google/Chrome/Default/Default/Code Cache/js/3448df23c106e518_0 b/Users/saahilvashishta/Library/Application Support/Google/Chrome/Default/Default/Code Cache/js/3448df23c106e518_0
new file mode 100644
index 00000000..ec75e445
Binary files /dev/null and b/Users/saahilvashishta/Library/Application Support/Google/Chrome/Default/Default/Code Cache/js/3448df23c106e518_0 differ
diff --git a/Users/saahilvashishta/Library/Application Support/Google/Chrome/Default/Default/Code Cache/js/35d3dd25d07a44d0_0 b/Users/saahilvashishta/Library/Application Support/Google/Chrome/Default/Default/Code Cache/js/35d3dd25d07a44d0_0
new file mode 100644
index 00000000..1f6bddbb
Binary files /dev/null and b/Users/saahilvashishta/Library/Application Support/Google/Chrome/Default/Default/Code Cache/js/35d3dd25d07a44d0_0 differ
diff --git a/Users/saahilvashishta/Library/Application Support/Google/Chrome/Default/Default/Code Cache/js/363afd15b3cc4a9e_0 b/Users/saahilvashishta/Library/Application Support/Google/Chrome/Default/Default/Code Cache/js/363afd15b3cc4a9e_0
new file mode 100644
index 00000000..b00f85a9
Binary files /dev/null and b/Users/saahilvashishta/Library/Application Support/Google/Chrome/Default/Default/Code Cache/js/363afd15b3cc4a9e_0 differ
diff --git a/Users/saahilvashishta/Library/Application Support/Google/Chrome/Default/Default/Code Cache/js/3653004befb613c5_0 b/Users/saahilvashishta/Library/Application Support/Google/Chrome/Default/Default/Code Cache/js/3653004befb613c5_0
new file mode 100644
index 00000000..cf33ce6e
Binary files /dev/null and b/Users/saahilvashishta/Library/Application Support/Google/Chrome/Default/Default/Code Cache/js/3653004befb613c5_0 differ
diff --git a/Users/saahilvashishta/Library/Application Support/Google/Chrome/Default/Default/Code Cache/js/372158e57ca896b0_0 b/Users/saahilvashishta/Library/Application Support/Google/Chrome/Default/Default/Code Cache/js/372158e57ca896b0_0
new file mode 100644
index 00000000..8ef2e43c
Binary files /dev/null and b/Users/saahilvashishta/Library/Application Support/Google/Chrome/Default/Default/Code Cache/js/372158e57ca896b0_0 differ
diff --git a/Users/saahilvashishta/Library/Application Support/Google/Chrome/Default/Default/Code Cache/js/37e567e22656cf4c_0 b/Users/saahilvashishta/Library/Application Support/Google/Chrome/Default/Default/Code Cache/js/37e567e22656cf4c_0
new file mode 100644
index 00000000..edffb651
Binary files /dev/null and b/Users/saahilvashishta/Library/Application Support/Google/Chrome/Default/Default/Code Cache/js/37e567e22656cf4c_0 differ
diff --git a/Users/saahilvashishta/Library/Application Support/Google/Chrome/Default/Default/Code Cache/js/3992a20490a2e0e9_0 b/Users/saahilvashishta/Library/Application Support/Google/Chrome/Default/Default/Code Cache/js/3992a20490a2e0e9_0
new file mode 100644
index 00000000..61cee568
Binary files /dev/null and b/Users/saahilvashishta/Library/Application Support/Google/Chrome/Default/Default/Code Cache/js/3992a20490a2e0e9_0 differ
diff --git a/Users/saahilvashishta/Library/Application Support/Google/Chrome/Default/Default/Code Cache/js/3dbe54b7c92541c6_0 b/Users/saahilvashishta/Library/Application Support/Google/Chrome/Default/Default/Code Cache/js/3dbe54b7c92541c6_0
new file mode 100644
index 00000000..a8794a52
Binary files /dev/null and b/Users/saahilvashishta/Library/Application Support/Google/Chrome/Default/Default/Code Cache/js/3dbe54b7c92541c6_0 differ
diff --git a/Users/saahilvashishta/Library/Application Support/Google/Chrome/Default/Default/Code Cache/js/40f4f2ed57f2050f_0 b/Users/saahilvashishta/Library/Application Support/Google/Chrome/Default/Default/Code Cache/js/40f4f2ed57f2050f_0
new file mode 100644
index 00000000..fcaac65a
Binary files /dev/null and b/Users/saahilvashishta/Library/Application Support/Google/Chrome/Default/Default/Code Cache/js/40f4f2ed57f2050f_0 differ
diff --git a/Users/saahilvashishta/Library/Application Support/Google/Chrome/Default/Default/Code Cache/js/42d320a42e969eb7_0 b/Users/saahilvashishta/Library/Application Support/Google/Chrome/Default/Default/Code Cache/js/42d320a42e969eb7_0
new file mode 100644
index 00000000..9ca3804b
Binary files /dev/null and b/Users/saahilvashishta/Library/Application Support/Google/Chrome/Default/Default/Code Cache/js/42d320a42e969eb7_0 differ
diff --git a/Users/saahilvashishta/Library/Application Support/Google/Chrome/Default/Default/Code Cache/js/4a17603301cbc23e_0 b/Users/saahilvashishta/Library/Application Support/Google/Chrome/Default/Default/Code Cache/js/4a17603301cbc23e_0
new file mode 100644
index 00000000..ede7dcff
Binary files /dev/null and b/Users/saahilvashishta/Library/Application Support/Google/Chrome/Default/Default/Code Cache/js/4a17603301cbc23e_0 differ
diff --git a/Users/saahilvashishta/Library/Application Support/Google/Chrome/Default/Default/Code Cache/js/4c47b9e09ffa58ce_0 b/Users/saahilvashishta/Library/Application Support/Google/Chrome/Default/Default/Code Cache/js/4c47b9e09ffa58ce_0
new file mode 100644
index 00000000..21964b47
Binary files /dev/null and b/Users/saahilvashishta/Library/Application Support/Google/Chrome/Default/Default/Code Cache/js/4c47b9e09ffa58ce_0 differ
diff --git a/Users/saahilvashishta/Library/Application Support/Google/Chrome/Default/Default/Code Cache/js/5039ef46358416e9_0 b/Users/saahilvashishta/Library/Application Support/Google/Chrome/Default/Default/Code Cache/js/5039ef46358416e9_0
new file mode 100644
index 00000000..be516478
Binary files /dev/null and b/Users/saahilvashishta/Library/Application Support/Google/Chrome/Default/Default/Code Cache/js/5039ef46358416e9_0 differ
diff --git a/Users/saahilvashishta/Library/Application Support/Google/Chrome/Default/Default/Code Cache/js/765ab902212113ad_0 b/Users/saahilvashishta/Library/Application Support/Google/Chrome/Default/Default/Code Cache/js/765ab902212113ad_0
new file mode 100644
index 00000000..1c0fb398
Binary files /dev/null and b/Users/saahilvashishta/Library/Application Support/Google/Chrome/Default/Default/Code Cache/js/765ab902212113ad_0 differ
diff --git a/Users/saahilvashishta/Library/Application Support/Google/Chrome/Default/Default/Code Cache/js/7690c043110f45ba_0 b/Users/saahilvashishta/Library/Application Support/Google/Chrome/Default/Default/Code Cache/js/7690c043110f45ba_0
new file mode 100644
index 00000000..ea74fe40
Binary files /dev/null and b/Users/saahilvashishta/Library/Application Support/Google/Chrome/Default/Default/Code Cache/js/7690c043110f45ba_0 differ
diff --git a/Users/saahilvashishta/Library/Application Support/Google/Chrome/Default/Default/Code Cache/js/7b68f9ade7754204_0 b/Users/saahilvashishta/Library/Application Support/Google/Chrome/Default/Default/Code Cache/js/7b68f9ade7754204_0
new file mode 100644
index 00000000..05a51bf5
Binary files /dev/null and b/Users/saahilvashishta/Library/Application Support/Google/Chrome/Default/Default/Code Cache/js/7b68f9ade7754204_0 differ
diff --git a/Users/saahilvashishta/Library/Application Support/Google/Chrome/Default/Default/Code Cache/js/7bed6204c3d9d78f_0 b/Users/saahilvashishta/Library/Application Support/Google/Chrome/Default/Default/Code Cache/js/7bed6204c3d9d78f_0
new file mode 100644
index 00000000..91706613
Binary files /dev/null and b/Users/saahilvashishta/Library/Application Support/Google/Chrome/Default/Default/Code Cache/js/7bed6204c3d9d78f_0 differ
diff --git a/Users/saahilvashishta/Library/Application Support/Google/Chrome/Default/Default/Code Cache/js/7cfc4fb5295d8058_0 b/Users/saahilvashishta/Library/Application Support/Google/Chrome/Default/Default/Code Cache/js/7cfc4fb5295d8058_0
new file mode 100644
index 00000000..262d5e39
Binary files /dev/null and b/Users/saahilvashishta/Library/Application Support/Google/Chrome/Default/Default/Code Cache/js/7cfc4fb5295d8058_0 differ
diff --git a/Users/saahilvashishta/Library/Application Support/Google/Chrome/Default/Default/Code Cache/js/7d19fba51d481444_0 b/Users/saahilvashishta/Library/Application Support/Google/Chrome/Default/Default/Code Cache/js/7d19fba51d481444_0
new file mode 100644
index 00000000..e234c6fa
Binary files /dev/null and b/Users/saahilvashishta/Library/Application Support/Google/Chrome/Default/Default/Code Cache/js/7d19fba51d481444_0 differ
diff --git a/Users/saahilvashishta/Library/Application Support/Google/Chrome/Default/Default/Code Cache/js/805d88d810ea1247_0 b/Users/saahilvashishta/Library/Application Support/Google/Chrome/Default/Default/Code Cache/js/805d88d810ea1247_0
new file mode 100644
index 00000000..32779c6b
Binary files /dev/null and b/Users/saahilvashishta/Library/Application Support/Google/Chrome/Default/Default/Code Cache/js/805d88d810ea1247_0 differ
diff --git a/Users/saahilvashishta/Library/Application Support/Google/Chrome/Default/Default/Code Cache/js/89ef988665cda77e_0 b/Users/saahilvashishta/Library/Application Support/Google/Chrome/Default/Default/Code Cache/js/89ef988665cda77e_0
new file mode 100644
index 00000000..b1f65081
Binary files /dev/null and b/Users/saahilvashishta/Library/Application Support/Google/Chrome/Default/Default/Code Cache/js/89ef988665cda77e_0 differ
diff --git a/Users/saahilvashishta/Library/Application Support/Google/Chrome/Default/Default/Code Cache/js/8bc7eca6b4450518_0 b/Users/saahilvashishta/Library/Application Support/Google/Chrome/Default/Default/Code Cache/js/8bc7eca6b4450518_0
new file mode 100644
index 00000000..3f7c4076
Binary files /dev/null and b/Users/saahilvashishta/Library/Application Support/Google/Chrome/Default/Default/Code Cache/js/8bc7eca6b4450518_0 differ
diff --git a/Users/saahilvashishta/Library/Application Support/Google/Chrome/Default/Default/Code Cache/js/8bcead2de3b64302_0 b/Users/saahilvashishta/Library/Application Support/Google/Chrome/Default/Default/Code Cache/js/8bcead2de3b64302_0
new file mode 100644
index 00000000..a279edbc
Binary files /dev/null and b/Users/saahilvashishta/Library/Application Support/Google/Chrome/Default/Default/Code Cache/js/8bcead2de3b64302_0 differ
diff --git a/Users/saahilvashishta/Library/Application Support/Google/Chrome/Default/Default/Code Cache/js/91b0bffbd3a2a323_0 b/Users/saahilvashishta/Library/Application Support/Google/Chrome/Default/Default/Code Cache/js/91b0bffbd3a2a323_0
new file mode 100644
index 00000000..9d44ad02
Binary files /dev/null and b/Users/saahilvashishta/Library/Application Support/Google/Chrome/Default/Default/Code Cache/js/91b0bffbd3a2a323_0 differ
diff --git a/Users/saahilvashishta/Library/Application Support/Google/Chrome/Default/Default/Code Cache/js/9e41dd923ab12944_0 b/Users/saahilvashishta/Library/Application Support/Google/Chrome/Default/Default/Code Cache/js/9e41dd923ab12944_0
new file mode 100644
index 00000000..c55d86e7
Binary files /dev/null and b/Users/saahilvashishta/Library/Application Support/Google/Chrome/Default/Default/Code Cache/js/9e41dd923ab12944_0 differ
diff --git a/Users/saahilvashishta/Library/Application Support/Google/Chrome/Default/Default/Code Cache/js/a5e18d96e9bedf90_0 b/Users/saahilvashishta/Library/Application Support/Google/Chrome/Default/Default/Code Cache/js/a5e18d96e9bedf90_0
new file mode 100644
index 00000000..34eb9d4a
Binary files /dev/null and b/Users/saahilvashishta/Library/Application Support/Google/Chrome/Default/Default/Code Cache/js/a5e18d96e9bedf90_0 differ
diff --git a/Users/saahilvashishta/Library/Application Support/Google/Chrome/Default/Default/Code Cache/js/a5f6271be6f71ae9_0 b/Users/saahilvashishta/Library/Application Support/Google/Chrome/Default/Default/Code Cache/js/a5f6271be6f71ae9_0
new file mode 100644
index 00000000..a36b85c8
Binary files /dev/null and b/Users/saahilvashishta/Library/Application Support/Google/Chrome/Default/Default/Code Cache/js/a5f6271be6f71ae9_0 differ
diff --git a/Users/saahilvashishta/Library/Application Support/Google/Chrome/Default/Default/Code Cache/js/aa0f81ad448312b4_0 b/Users/saahilvashishta/Library/Application Support/Google/Chrome/Default/Default/Code Cache/js/aa0f81ad448312b4_0
new file mode 100644
index 00000000..0a4d4b31
Binary files /dev/null and b/Users/saahilvashishta/Library/Application Support/Google/Chrome/Default/Default/Code Cache/js/aa0f81ad448312b4_0 differ
diff --git a/Users/saahilvashishta/Library/Application Support/Google/Chrome/Default/Default/Code Cache/js/ab68825146be1dc1_0 b/Users/saahilvashishta/Library/Application Support/Google/Chrome/Default/Default/Code Cache/js/ab68825146be1dc1_0
new file mode 100644
index 00000000..98c5aa4c
Binary files /dev/null and b/Users/saahilvashishta/Library/Application Support/Google/Chrome/Default/Default/Code Cache/js/ab68825146be1dc1_0 differ
diff --git a/Users/saahilvashishta/Library/Application Support/Google/Chrome/Default/Default/Code Cache/js/abc1c865f06b5b49_0 b/Users/saahilvashishta/Library/Application Support/Google/Chrome/Default/Default/Code Cache/js/abc1c865f06b5b49_0
new file mode 100644
index 00000000..10416b45
Binary files /dev/null and b/Users/saahilvashishta/Library/Application Support/Google/Chrome/Default/Default/Code Cache/js/abc1c865f06b5b49_0 differ
diff --git a/Users/saahilvashishta/Library/Application Support/Google/Chrome/Default/Default/Code Cache/js/ac7e213da7633415_0 b/Users/saahilvashishta/Library/Application Support/Google/Chrome/Default/Default/Code Cache/js/ac7e213da7633415_0
new file mode 100644
index 00000000..d6bbc1c2
Binary files /dev/null and b/Users/saahilvashishta/Library/Application Support/Google/Chrome/Default/Default/Code Cache/js/ac7e213da7633415_0 differ
diff --git a/Users/saahilvashishta/Library/Application Support/Google/Chrome/Default/Default/Code Cache/js/ad8b660d8b90a469_0 b/Users/saahilvashishta/Library/Application Support/Google/Chrome/Default/Default/Code Cache/js/ad8b660d8b90a469_0
new file mode 100644
index 00000000..9cd3ab67
Binary files /dev/null and b/Users/saahilvashishta/Library/Application Support/Google/Chrome/Default/Default/Code Cache/js/ad8b660d8b90a469_0 differ
diff --git a/Users/saahilvashishta/Library/Application Support/Google/Chrome/Default/Default/Code Cache/js/adffee2e47e8f2ef_0 b/Users/saahilvashishta/Library/Application Support/Google/Chrome/Default/Default/Code Cache/js/adffee2e47e8f2ef_0
new file mode 100644
index 00000000..4fd20c35
Binary files /dev/null and b/Users/saahilvashishta/Library/Application Support/Google/Chrome/Default/Default/Code Cache/js/adffee2e47e8f2ef_0 differ
diff --git a/Users/saahilvashishta/Library/Application Support/Google/Chrome/Default/Default/Code Cache/js/b05ee17dfb705294_0 b/Users/saahilvashishta/Library/Application Support/Google/Chrome/Default/Default/Code Cache/js/b05ee17dfb705294_0
new file mode 100644
index 00000000..a8184a61
Binary files /dev/null and b/Users/saahilvashishta/Library/Application Support/Google/Chrome/Default/Default/Code Cache/js/b05ee17dfb705294_0 differ
diff --git a/Users/saahilvashishta/Library/Application Support/Google/Chrome/Default/Default/Code Cache/js/b4351509aa235253_0 b/Users/saahilvashishta/Library/Application Support/Google/Chrome/Default/Default/Code Cache/js/b4351509aa235253_0
new file mode 100644
index 00000000..3fc2f2a2
Binary files /dev/null and b/Users/saahilvashishta/Library/Application Support/Google/Chrome/Default/Default/Code Cache/js/b4351509aa235253_0 differ
diff --git a/Users/saahilvashishta/Library/Application Support/Google/Chrome/Default/Default/Code Cache/js/bfd3c9b0bddd3fe6_0 b/Users/saahilvashishta/Library/Application Support/Google/Chrome/Default/Default/Code Cache/js/bfd3c9b0bddd3fe6_0
new file mode 100644
index 00000000..9eeec9e5
Binary files /dev/null and b/Users/saahilvashishta/Library/Application Support/Google/Chrome/Default/Default/Code Cache/js/bfd3c9b0bddd3fe6_0 differ
diff --git a/Users/saahilvashishta/Library/Application Support/Google/Chrome/Default/Default/Code Cache/js/cb3fd206652edc47_0 b/Users/saahilvashishta/Library/Application Support/Google/Chrome/Default/Default/Code Cache/js/cb3fd206652edc47_0
new file mode 100644
index 00000000..0b1de6eb
Binary files /dev/null and b/Users/saahilvashishta/Library/Application Support/Google/Chrome/Default/Default/Code Cache/js/cb3fd206652edc47_0 differ
diff --git a/Users/saahilvashishta/Library/Application Support/Google/Chrome/Default/Default/Code Cache/js/d3a62cd7e7745621_0 b/Users/saahilvashishta/Library/Application Support/Google/Chrome/Default/Default/Code Cache/js/d3a62cd7e7745621_0
new file mode 100644
index 00000000..09fe6489
Binary files /dev/null and b/Users/saahilvashishta/Library/Application Support/Google/Chrome/Default/Default/Code Cache/js/d3a62cd7e7745621_0 differ
diff --git a/Users/saahilvashishta/Library/Application Support/Google/Chrome/Default/Default/Code Cache/js/d4678dbfde75c2a2_0 b/Users/saahilvashishta/Library/Application Support/Google/Chrome/Default/Default/Code Cache/js/d4678dbfde75c2a2_0
new file mode 100644
index 00000000..dcb50aee
Binary files /dev/null and b/Users/saahilvashishta/Library/Application Support/Google/Chrome/Default/Default/Code Cache/js/d4678dbfde75c2a2_0 differ
diff --git a/Users/saahilvashishta/Library/Application Support/Google/Chrome/Default/Default/Code Cache/js/d83fc66209d78283_0 b/Users/saahilvashishta/Library/Application Support/Google/Chrome/Default/Default/Code Cache/js/d83fc66209d78283_0
new file mode 100644
index 00000000..e27f88d9
Binary files /dev/null and b/Users/saahilvashishta/Library/Application Support/Google/Chrome/Default/Default/Code Cache/js/d83fc66209d78283_0 differ
diff --git a/Users/saahilvashishta/Library/Application Support/Google/Chrome/Default/Default/Code Cache/js/d9ed4515089bb065_0 b/Users/saahilvashishta/Library/Application Support/Google/Chrome/Default/Default/Code Cache/js/d9ed4515089bb065_0
new file mode 100644
index 00000000..bc3b13c9
Binary files /dev/null and b/Users/saahilvashishta/Library/Application Support/Google/Chrome/Default/Default/Code Cache/js/d9ed4515089bb065_0 differ
diff --git a/Users/saahilvashishta/Library/Application Support/Google/Chrome/Default/Default/Code Cache/js/de2b34943d07c6c3_0 b/Users/saahilvashishta/Library/Application Support/Google/Chrome/Default/Default/Code Cache/js/de2b34943d07c6c3_0
new file mode 100644
index 00000000..8b3d9197
Binary files /dev/null and b/Users/saahilvashishta/Library/Application Support/Google/Chrome/Default/Default/Code Cache/js/de2b34943d07c6c3_0 differ
diff --git a/Users/saahilvashishta/Library/Application Support/Google/Chrome/Default/Default/Code Cache/js/e3fa0341563e2d78_0 b/Users/saahilvashishta/Library/Application Support/Google/Chrome/Default/Default/Code Cache/js/e3fa0341563e2d78_0
new file mode 100644
index 00000000..36e50762
Binary files /dev/null and b/Users/saahilvashishta/Library/Application Support/Google/Chrome/Default/Default/Code Cache/js/e3fa0341563e2d78_0 differ
diff --git a/Users/saahilvashishta/Library/Application Support/Google/Chrome/Default/Default/Code Cache/js/ec265dbc634c68c5_0 b/Users/saahilvashishta/Library/Application Support/Google/Chrome/Default/Default/Code Cache/js/ec265dbc634c68c5_0
new file mode 100644
index 00000000..c9a7740b
Binary files /dev/null and b/Users/saahilvashishta/Library/Application Support/Google/Chrome/Default/Default/Code Cache/js/ec265dbc634c68c5_0 differ
diff --git a/Users/saahilvashishta/Library/Application Support/Google/Chrome/Default/Default/Code Cache/js/efe09898813d433a_0 b/Users/saahilvashishta/Library/Application Support/Google/Chrome/Default/Default/Code Cache/js/efe09898813d433a_0
new file mode 100644
index 00000000..4b106a4c
Binary files /dev/null and b/Users/saahilvashishta/Library/Application Support/Google/Chrome/Default/Default/Code Cache/js/efe09898813d433a_0 differ
diff --git a/Users/saahilvashishta/Library/Application Support/Google/Chrome/Default/Default/Code Cache/js/f3419996c0553bd3_0 b/Users/saahilvashishta/Library/Application Support/Google/Chrome/Default/Default/Code Cache/js/f3419996c0553bd3_0
new file mode 100644
index 00000000..ddaf4649
Binary files /dev/null and b/Users/saahilvashishta/Library/Application Support/Google/Chrome/Default/Default/Code Cache/js/f3419996c0553bd3_0 differ
diff --git a/Users/saahilvashishta/Library/Application Support/Google/Chrome/Default/Default/Code Cache/js/f5c4495a45580fd8_0 b/Users/saahilvashishta/Library/Application Support/Google/Chrome/Default/Default/Code Cache/js/f5c4495a45580fd8_0
new file mode 100644
index 00000000..5e20d17e
Binary files /dev/null and b/Users/saahilvashishta/Library/Application Support/Google/Chrome/Default/Default/Code Cache/js/f5c4495a45580fd8_0 differ
diff --git a/Users/saahilvashishta/Library/Application Support/Google/Chrome/Default/Default/Code Cache/js/index b/Users/saahilvashishta/Library/Application Support/Google/Chrome/Default/Default/Code Cache/js/index
new file mode 100644
index 00000000..79bd403a
Binary files /dev/null and b/Users/saahilvashishta/Library/Application Support/Google/Chrome/Default/Default/Code Cache/js/index differ
diff --git a/Users/saahilvashishta/Library/Application Support/Google/Chrome/Default/Default/Code Cache/js/index-dir/the-real-index b/Users/saahilvashishta/Library/Application Support/Google/Chrome/Default/Default/Code Cache/js/index-dir/the-real-index
new file mode 100644
index 00000000..7f65480d
Binary files /dev/null and b/Users/saahilvashishta/Library/Application Support/Google/Chrome/Default/Default/Code Cache/js/index-dir/the-real-index differ
diff --git a/Users/saahilvashishta/Library/Application Support/Google/Chrome/Default/Default/Code Cache/wasm/index b/Users/saahilvashishta/Library/Application Support/Google/Chrome/Default/Default/Code Cache/wasm/index
new file mode 100644
index 00000000..79bd403a
Binary files /dev/null and b/Users/saahilvashishta/Library/Application Support/Google/Chrome/Default/Default/Code Cache/wasm/index differ
diff --git a/Users/saahilvashishta/Library/Application Support/Google/Chrome/Default/Default/Code Cache/wasm/index-dir/the-real-index b/Users/saahilvashishta/Library/Application Support/Google/Chrome/Default/Default/Code Cache/wasm/index-dir/the-real-index
new file mode 100644
index 00000000..4b1dec10
Binary files /dev/null and b/Users/saahilvashishta/Library/Application Support/Google/Chrome/Default/Default/Code Cache/wasm/index-dir/the-real-index differ
diff --git a/Users/saahilvashishta/Library/Application Support/Google/Chrome/Default/Default/Cookies b/Users/saahilvashishta/Library/Application Support/Google/Chrome/Default/Default/Cookies
new file mode 100644
index 00000000..83494cda
Binary files /dev/null and b/Users/saahilvashishta/Library/Application Support/Google/Chrome/Default/Default/Cookies differ
diff --git a/Users/saahilvashishta/Library/Application Support/Google/Chrome/Default/Default/Cookies-journal b/Users/saahilvashishta/Library/Application Support/Google/Chrome/Default/Default/Cookies-journal
new file mode 100644
index 00000000..e69de29b
diff --git a/Users/saahilvashishta/Library/Application Support/Google/Chrome/Default/Default/DIPS b/Users/saahilvashishta/Library/Application Support/Google/Chrome/Default/Default/DIPS
new file mode 100644
index 00000000..bca128bc
Binary files /dev/null and b/Users/saahilvashishta/Library/Application Support/Google/Chrome/Default/Default/DIPS differ
diff --git a/Users/saahilvashishta/Library/Application Support/Google/Chrome/Default/Default/DIPS-journal b/Users/saahilvashishta/Library/Application Support/Google/Chrome/Default/Default/DIPS-journal
new file mode 100644
index 00000000..e69de29b
diff --git a/Users/saahilvashishta/Library/Application Support/Google/Chrome/Default/Default/DawnCache/data_0 b/Users/saahilvashishta/Library/Application Support/Google/Chrome/Default/Default/DawnCache/data_0
new file mode 100644
index 00000000..d76fb77e
Binary files /dev/null and b/Users/saahilvashishta/Library/Application Support/Google/Chrome/Default/Default/DawnCache/data_0 differ
diff --git a/Users/saahilvashishta/Library/Application Support/Google/Chrome/Default/Default/DawnCache/data_1 b/Users/saahilvashishta/Library/Application Support/Google/Chrome/Default/Default/DawnCache/data_1
new file mode 100644
index 00000000..dcaafa97
Binary files /dev/null and b/Users/saahilvashishta/Library/Application Support/Google/Chrome/Default/Default/DawnCache/data_1 differ
diff --git a/Users/saahilvashishta/Library/Application Support/Google/Chrome/Default/Default/DawnCache/data_2 b/Users/saahilvashishta/Library/Application Support/Google/Chrome/Default/Default/DawnCache/data_2
new file mode 100644
index 00000000..c7e2eb9a
Binary files /dev/null and b/Users/saahilvashishta/Library/Application Support/Google/Chrome/Default/Default/DawnCache/data_2 differ
diff --git a/Users/saahilvashishta/Library/Application Support/Google/Chrome/Default/Default/DawnCache/data_3 b/Users/saahilvashishta/Library/Application Support/Google/Chrome/Default/Default/DawnCache/data_3
new file mode 100644
index 00000000..5eec9735
Binary files /dev/null and b/Users/saahilvashishta/Library/Application Support/Google/Chrome/Default/Default/DawnCache/data_3 differ
diff --git a/Users/saahilvashishta/Library/Application Support/Google/Chrome/Default/Default/DawnCache/index b/Users/saahilvashishta/Library/Application Support/Google/Chrome/Default/Default/DawnCache/index
new file mode 100644
index 00000000..b6c35f0b
Binary files /dev/null and b/Users/saahilvashishta/Library/Application Support/Google/Chrome/Default/Default/DawnCache/index differ
diff --git a/Users/saahilvashishta/Library/Application Support/Google/Chrome/Default/Default/Download Service/EntryDB/LOCK b/Users/saahilvashishta/Library/Application Support/Google/Chrome/Default/Default/Download Service/EntryDB/LOCK
new file mode 100644
index 00000000..e69de29b
diff --git a/Users/saahilvashishta/Library/Application Support/Google/Chrome/Default/Default/Download Service/EntryDB/LOG b/Users/saahilvashishta/Library/Application Support/Google/Chrome/Default/Default/Download Service/EntryDB/LOG
new file mode 100644
index 00000000..e69de29b
diff --git a/Users/saahilvashishta/Library/Application Support/Google/Chrome/Default/Default/Download Service/EntryDB/LOG.old b/Users/saahilvashishta/Library/Application Support/Google/Chrome/Default/Default/Download Service/EntryDB/LOG.old
new file mode 100644
index 00000000..e69de29b
diff --git a/Users/saahilvashishta/Library/Application Support/Google/Chrome/Default/Default/Extension Rules/000003.log b/Users/saahilvashishta/Library/Application Support/Google/Chrome/Default/Default/Extension Rules/000003.log
new file mode 100644
index 00000000..4acb4c8d
Binary files /dev/null and b/Users/saahilvashishta/Library/Application Support/Google/Chrome/Default/Default/Extension Rules/000003.log differ
diff --git a/Users/saahilvashishta/Library/Application Support/Google/Chrome/Default/Default/Extension Rules/CURRENT b/Users/saahilvashishta/Library/Application Support/Google/Chrome/Default/Default/Extension Rules/CURRENT
new file mode 100644
index 00000000..7ed683d1
--- /dev/null
+++ b/Users/saahilvashishta/Library/Application Support/Google/Chrome/Default/Default/Extension Rules/CURRENT	
@@ -0,0 +1 @@
+MANIFEST-000001
diff --git a/Users/saahilvashishta/Library/Application Support/Google/Chrome/Default/Default/Extension Rules/LOCK b/Users/saahilvashishta/Library/Application Support/Google/Chrome/Default/Default/Extension Rules/LOCK
new file mode 100644
index 00000000..e69de29b
diff --git a/Users/saahilvashishta/Library/Application Support/Google/Chrome/Default/Default/Extension Rules/LOG b/Users/saahilvashishta/Library/Application Support/Google/Chrome/Default/Default/Extension Rules/LOG
new file mode 100644
index 00000000..f7da692d
--- /dev/null
+++ b/Users/saahilvashishta/Library/Application Support/Google/Chrome/Default/Default/Extension Rules/LOG	
@@ -0,0 +1,2 @@
+2023/10/01-17:05:57.189 ef03 Creating DB /Users/saahilvashishta/Documents/GitHub/project-team-5/Users/saahilvashishta/Library/Application Support/Google/Chrome/Default/Default/Extension Rules since it was missing.
+2023/10/01-17:05:57.205 ef03 Reusing MANIFEST /Users/saahilvashishta/Documents/GitHub/project-team-5/Users/saahilvashishta/Library/Application Support/Google/Chrome/Default/Default/Extension Rules/MANIFEST-000001
diff --git a/Users/saahilvashishta/Library/Application Support/Google/Chrome/Default/Default/Extension Rules/MANIFEST-000001 b/Users/saahilvashishta/Library/Application Support/Google/Chrome/Default/Default/Extension Rules/MANIFEST-000001
new file mode 100644
index 00000000..18e5cab7
Binary files /dev/null and b/Users/saahilvashishta/Library/Application Support/Google/Chrome/Default/Default/Extension Rules/MANIFEST-000001 differ
diff --git a/Users/saahilvashishta/Library/Application Support/Google/Chrome/Default/Default/Extension Scripts/000003.log b/Users/saahilvashishta/Library/Application Support/Google/Chrome/Default/Default/Extension Scripts/000003.log
new file mode 100644
index 00000000..4acb4c8d
Binary files /dev/null and b/Users/saahilvashishta/Library/Application Support/Google/Chrome/Default/Default/Extension Scripts/000003.log differ
diff --git a/Users/saahilvashishta/Library/Application Support/Google/Chrome/Default/Default/Extension Scripts/CURRENT b/Users/saahilvashishta/Library/Application Support/Google/Chrome/Default/Default/Extension Scripts/CURRENT
new file mode 100644
index 00000000..7ed683d1
--- /dev/null
+++ b/Users/saahilvashishta/Library/Application Support/Google/Chrome/Default/Default/Extension Scripts/CURRENT	
@@ -0,0 +1 @@
+MANIFEST-000001
diff --git a/Users/saahilvashishta/Library/Application Support/Google/Chrome/Default/Default/Extension Scripts/LOCK b/Users/saahilvashishta/Library/Application Support/Google/Chrome/Default/Default/Extension Scripts/LOCK
new file mode 100644
index 00000000..e69de29b
diff --git a/Users/saahilvashishta/Library/Application Support/Google/Chrome/Default/Default/Extension Scripts/LOG b/Users/saahilvashishta/Library/Application Support/Google/Chrome/Default/Default/Extension Scripts/LOG
new file mode 100644
index 00000000..c6a978f0
--- /dev/null
+++ b/Users/saahilvashishta/Library/Application Support/Google/Chrome/Default/Default/Extension Scripts/LOG	
@@ -0,0 +1,2 @@
+2023/10/01-17:05:57.205 ef03 Creating DB /Users/saahilvashishta/Documents/GitHub/project-team-5/Users/saahilvashishta/Library/Application Support/Google/Chrome/Default/Default/Extension Scripts since it was missing.
+2023/10/01-17:05:57.214 ef03 Reusing MANIFEST /Users/saahilvashishta/Documents/GitHub/project-team-5/Users/saahilvashishta/Library/Application Support/Google/Chrome/Default/Default/Extension Scripts/MANIFEST-000001
diff --git a/Users/saahilvashishta/Library/Application Support/Google/Chrome/Default/Default/Extension Scripts/MANIFEST-000001 b/Users/saahilvashishta/Library/Application Support/Google/Chrome/Default/Default/Extension Scripts/MANIFEST-000001
new file mode 100644
index 00000000..18e5cab7
Binary files /dev/null and b/Users/saahilvashishta/Library/Application Support/Google/Chrome/Default/Default/Extension Scripts/MANIFEST-000001 differ
diff --git a/Users/saahilvashishta/Library/Application Support/Google/Chrome/Default/Default/Extension State/000003.log b/Users/saahilvashishta/Library/Application Support/Google/Chrome/Default/Default/Extension State/000003.log
new file mode 100644
index 00000000..b248f536
Binary files /dev/null and b/Users/saahilvashishta/Library/Application Support/Google/Chrome/Default/Default/Extension State/000003.log differ
diff --git a/Users/saahilvashishta/Library/Application Support/Google/Chrome/Default/Default/Extension State/CURRENT b/Users/saahilvashishta/Library/Application Support/Google/Chrome/Default/Default/Extension State/CURRENT
new file mode 100644
index 00000000..7ed683d1
--- /dev/null
+++ b/Users/saahilvashishta/Library/Application Support/Google/Chrome/Default/Default/Extension State/CURRENT	
@@ -0,0 +1 @@
+MANIFEST-000001
diff --git a/Users/saahilvashishta/Library/Application Support/Google/Chrome/Default/Default/Extension State/LOCK b/Users/saahilvashishta/Library/Application Support/Google/Chrome/Default/Default/Extension State/LOCK
new file mode 100644
index 00000000..e69de29b
diff --git a/Users/saahilvashishta/Library/Application Support/Google/Chrome/Default/Default/Extension State/LOG b/Users/saahilvashishta/Library/Application Support/Google/Chrome/Default/Default/Extension State/LOG
new file mode 100644
index 00000000..b76b42ae
--- /dev/null
+++ b/Users/saahilvashishta/Library/Application Support/Google/Chrome/Default/Default/Extension State/LOG	
@@ -0,0 +1,3 @@
+2023/10/01-17:10:23.808 f503 Reusing MANIFEST /Users/saahilvashishta/Documents/GitHub/project-team-5/Users/saahilvashishta/Library/Application Support/Google/Chrome/Default/Default/Extension State/MANIFEST-000001
+2023/10/01-17:10:23.808 f503 Recovering log #3
+2023/10/01-17:10:23.808 f503 Reusing old log /Users/saahilvashishta/Documents/GitHub/project-team-5/Users/saahilvashishta/Library/Application Support/Google/Chrome/Default/Default/Extension State/000003.log 
diff --git a/Users/saahilvashishta/Library/Application Support/Google/Chrome/Default/Default/Extension State/LOG.old b/Users/saahilvashishta/Library/Application Support/Google/Chrome/Default/Default/Extension State/LOG.old
new file mode 100644
index 00000000..3c7ee857
--- /dev/null
+++ b/Users/saahilvashishta/Library/Application Support/Google/Chrome/Default/Default/Extension State/LOG.old	
@@ -0,0 +1,3 @@
+2023/10/01-17:07:56.382 f403 Reusing MANIFEST /Users/saahilvashishta/Documents/GitHub/project-team-5/Users/saahilvashishta/Library/Application Support/Google/Chrome/Default/Default/Extension State/MANIFEST-000001
+2023/10/01-17:07:56.383 f403 Recovering log #3
+2023/10/01-17:07:56.383 f403 Reusing old log /Users/saahilvashishta/Documents/GitHub/project-team-5/Users/saahilvashishta/Library/Application Support/Google/Chrome/Default/Default/Extension State/000003.log 
diff --git a/Users/saahilvashishta/Library/Application Support/Google/Chrome/Default/Default/Extension State/MANIFEST-000001 b/Users/saahilvashishta/Library/Application Support/Google/Chrome/Default/Default/Extension State/MANIFEST-000001
new file mode 100644
index 00000000..18e5cab7
Binary files /dev/null and b/Users/saahilvashishta/Library/Application Support/Google/Chrome/Default/Default/Extension State/MANIFEST-000001 differ
diff --git a/Users/saahilvashishta/Library/Application Support/Google/Chrome/Default/Default/Favicons b/Users/saahilvashishta/Library/Application Support/Google/Chrome/Default/Default/Favicons
new file mode 100644
index 00000000..e24b5cb0
Binary files /dev/null and b/Users/saahilvashishta/Library/Application Support/Google/Chrome/Default/Default/Favicons differ
diff --git a/Users/saahilvashishta/Library/Application Support/Google/Chrome/Default/Default/Favicons-journal b/Users/saahilvashishta/Library/Application Support/Google/Chrome/Default/Default/Favicons-journal
new file mode 100644
index 00000000..e69de29b
diff --git a/Users/saahilvashishta/Library/Application Support/Google/Chrome/Default/Default/Feature Engagement Tracker/AvailabilityDB/LOCK b/Users/saahilvashishta/Library/Application Support/Google/Chrome/Default/Default/Feature Engagement Tracker/AvailabilityDB/LOCK
new file mode 100644
index 00000000..e69de29b
diff --git a/Users/saahilvashishta/Library/Application Support/Google/Chrome/Default/Default/Feature Engagement Tracker/AvailabilityDB/LOG b/Users/saahilvashishta/Library/Application Support/Google/Chrome/Default/Default/Feature Engagement Tracker/AvailabilityDB/LOG
new file mode 100644
index 00000000..e69de29b
diff --git a/Users/saahilvashishta/Library/Application Support/Google/Chrome/Default/Default/Feature Engagement Tracker/AvailabilityDB/LOG.old b/Users/saahilvashishta/Library/Application Support/Google/Chrome/Default/Default/Feature Engagement Tracker/AvailabilityDB/LOG.old
new file mode 100644
index 00000000..e69de29b
diff --git a/Users/saahilvashishta/Library/Application Support/Google/Chrome/Default/Default/Feature Engagement Tracker/EventDB/LOCK b/Users/saahilvashishta/Library/Application Support/Google/Chrome/Default/Default/Feature Engagement Tracker/EventDB/LOCK
new file mode 100644
index 00000000..e69de29b
diff --git a/Users/saahilvashishta/Library/Application Support/Google/Chrome/Default/Default/Feature Engagement Tracker/EventDB/LOG b/Users/saahilvashishta/Library/Application Support/Google/Chrome/Default/Default/Feature Engagement Tracker/EventDB/LOG
new file mode 100644
index 00000000..e69de29b
diff --git a/Users/saahilvashishta/Library/Application Support/Google/Chrome/Default/Default/Feature Engagement Tracker/EventDB/LOG.old b/Users/saahilvashishta/Library/Application Support/Google/Chrome/Default/Default/Feature Engagement Tracker/EventDB/LOG.old
new file mode 100644
index 00000000..e69de29b
diff --git a/Users/saahilvashishta/Library/Application Support/Google/Chrome/Default/Default/GPUCache/data_0 b/Users/saahilvashishta/Library/Application Support/Google/Chrome/Default/Default/GPUCache/data_0
new file mode 100644
index 00000000..d76fb77e
Binary files /dev/null and b/Users/saahilvashishta/Library/Application Support/Google/Chrome/Default/Default/GPUCache/data_0 differ
diff --git a/Users/saahilvashishta/Library/Application Support/Google/Chrome/Default/Default/GPUCache/data_1 b/Users/saahilvashishta/Library/Application Support/Google/Chrome/Default/Default/GPUCache/data_1
new file mode 100644
index 00000000..dcaafa97
Binary files /dev/null and b/Users/saahilvashishta/Library/Application Support/Google/Chrome/Default/Default/GPUCache/data_1 differ
diff --git a/Users/saahilvashishta/Library/Application Support/Google/Chrome/Default/Default/GPUCache/data_2 b/Users/saahilvashishta/Library/Application Support/Google/Chrome/Default/Default/GPUCache/data_2
new file mode 100644
index 00000000..c7e2eb9a
Binary files /dev/null and b/Users/saahilvashishta/Library/Application Support/Google/Chrome/Default/Default/GPUCache/data_2 differ
diff --git a/Users/saahilvashishta/Library/Application Support/Google/Chrome/Default/Default/GPUCache/data_3 b/Users/saahilvashishta/Library/Application Support/Google/Chrome/Default/Default/GPUCache/data_3
new file mode 100644
index 00000000..5eec9735
Binary files /dev/null and b/Users/saahilvashishta/Library/Application Support/Google/Chrome/Default/Default/GPUCache/data_3 differ
diff --git a/Users/saahilvashishta/Library/Application Support/Google/Chrome/Default/Default/GPUCache/index b/Users/saahilvashishta/Library/Application Support/Google/Chrome/Default/Default/GPUCache/index
new file mode 100644
index 00000000..f12aea35
Binary files /dev/null and b/Users/saahilvashishta/Library/Application Support/Google/Chrome/Default/Default/GPUCache/index differ
diff --git a/Users/saahilvashishta/Library/Application Support/Google/Chrome/Default/Default/History b/Users/saahilvashishta/Library/Application Support/Google/Chrome/Default/Default/History
new file mode 100644
index 00000000..cde94d56
Binary files /dev/null and b/Users/saahilvashishta/Library/Application Support/Google/Chrome/Default/Default/History differ
diff --git a/Users/saahilvashishta/Library/Application Support/Google/Chrome/Default/Default/History-journal b/Users/saahilvashishta/Library/Application Support/Google/Chrome/Default/Default/History-journal
new file mode 100644
index 00000000..e69de29b
diff --git a/Users/saahilvashishta/Library/Application Support/Google/Chrome/Default/Default/LOCK b/Users/saahilvashishta/Library/Application Support/Google/Chrome/Default/Default/LOCK
new file mode 100644
index 00000000..e69de29b
diff --git a/Users/saahilvashishta/Library/Application Support/Google/Chrome/Default/Default/LOG b/Users/saahilvashishta/Library/Application Support/Google/Chrome/Default/Default/LOG
new file mode 100644
index 00000000..e69de29b
diff --git a/Users/saahilvashishta/Library/Application Support/Google/Chrome/Default/Default/LOG.old b/Users/saahilvashishta/Library/Application Support/Google/Chrome/Default/Default/LOG.old
new file mode 100644
index 00000000..e69de29b
diff --git a/Users/saahilvashishta/Library/Application Support/Google/Chrome/Default/Default/Local Storage/leveldb/000003.log b/Users/saahilvashishta/Library/Application Support/Google/Chrome/Default/Default/Local Storage/leveldb/000003.log
new file mode 100644
index 00000000..f3c9c04a
Binary files /dev/null and b/Users/saahilvashishta/Library/Application Support/Google/Chrome/Default/Default/Local Storage/leveldb/000003.log differ
diff --git a/Users/saahilvashishta/Library/Application Support/Google/Chrome/Default/Default/Local Storage/leveldb/CURRENT b/Users/saahilvashishta/Library/Application Support/Google/Chrome/Default/Default/Local Storage/leveldb/CURRENT
new file mode 100644
index 00000000..7ed683d1
--- /dev/null
+++ b/Users/saahilvashishta/Library/Application Support/Google/Chrome/Default/Default/Local Storage/leveldb/CURRENT	
@@ -0,0 +1 @@
+MANIFEST-000001
diff --git a/Users/saahilvashishta/Library/Application Support/Google/Chrome/Default/Default/Local Storage/leveldb/LOCK b/Users/saahilvashishta/Library/Application Support/Google/Chrome/Default/Default/Local Storage/leveldb/LOCK
new file mode 100644
index 00000000..e69de29b
diff --git a/Users/saahilvashishta/Library/Application Support/Google/Chrome/Default/Default/Local Storage/leveldb/LOG b/Users/saahilvashishta/Library/Application Support/Google/Chrome/Default/Default/Local Storage/leveldb/LOG
new file mode 100644
index 00000000..9c1447fc
--- /dev/null
+++ b/Users/saahilvashishta/Library/Application Support/Google/Chrome/Default/Default/Local Storage/leveldb/LOG	
@@ -0,0 +1,3 @@
+2023/10/01-17:10:23.494 2907 Reusing MANIFEST /Users/saahilvashishta/Documents/GitHub/project-team-5/Users/saahilvashishta/Library/Application Support/Google/Chrome/Default/Default/Local Storage/leveldb/MANIFEST-000001
+2023/10/01-17:10:23.496 2907 Recovering log #3
+2023/10/01-17:10:23.497 2907 Reusing old log /Users/saahilvashishta/Documents/GitHub/project-team-5/Users/saahilvashishta/Library/Application Support/Google/Chrome/Default/Default/Local Storage/leveldb/000003.log 
diff --git a/Users/saahilvashishta/Library/Application Support/Google/Chrome/Default/Default/Local Storage/leveldb/LOG.old b/Users/saahilvashishta/Library/Application Support/Google/Chrome/Default/Default/Local Storage/leveldb/LOG.old
new file mode 100644
index 00000000..754883f5
--- /dev/null
+++ b/Users/saahilvashishta/Library/Application Support/Google/Chrome/Default/Default/Local Storage/leveldb/LOG.old	
@@ -0,0 +1,3 @@
+2023/10/01-17:07:56.095 3803 Reusing MANIFEST /Users/saahilvashishta/Documents/GitHub/project-team-5/Users/saahilvashishta/Library/Application Support/Google/Chrome/Default/Default/Local Storage/leveldb/MANIFEST-000001
+2023/10/01-17:07:56.096 3803 Recovering log #3
+2023/10/01-17:07:56.097 3803 Reusing old log /Users/saahilvashishta/Documents/GitHub/project-team-5/Users/saahilvashishta/Library/Application Support/Google/Chrome/Default/Default/Local Storage/leveldb/000003.log 
diff --git a/Users/saahilvashishta/Library/Application Support/Google/Chrome/Default/Default/Local Storage/leveldb/MANIFEST-000001 b/Users/saahilvashishta/Library/Application Support/Google/Chrome/Default/Default/Local Storage/leveldb/MANIFEST-000001
new file mode 100644
index 00000000..18e5cab7
Binary files /dev/null and b/Users/saahilvashishta/Library/Application Support/Google/Chrome/Default/Default/Local Storage/leveldb/MANIFEST-000001 differ
diff --git a/Users/saahilvashishta/Library/Application Support/Google/Chrome/Default/Default/Login Data b/Users/saahilvashishta/Library/Application Support/Google/Chrome/Default/Default/Login Data
new file mode 100644
index 00000000..bc58eb52
Binary files /dev/null and b/Users/saahilvashishta/Library/Application Support/Google/Chrome/Default/Default/Login Data differ
diff --git a/Users/saahilvashishta/Library/Application Support/Google/Chrome/Default/Default/Login Data For Account b/Users/saahilvashishta/Library/Application Support/Google/Chrome/Default/Default/Login Data For Account
new file mode 100644
index 00000000..bc58eb52
Binary files /dev/null and b/Users/saahilvashishta/Library/Application Support/Google/Chrome/Default/Default/Login Data For Account differ
diff --git a/Users/saahilvashishta/Library/Application Support/Google/Chrome/Default/Default/Login Data For Account-journal b/Users/saahilvashishta/Library/Application Support/Google/Chrome/Default/Default/Login Data For Account-journal
new file mode 100644
index 00000000..e69de29b
diff --git a/Users/saahilvashishta/Library/Application Support/Google/Chrome/Default/Default/Login Data-journal b/Users/saahilvashishta/Library/Application Support/Google/Chrome/Default/Default/Login Data-journal
new file mode 100644
index 00000000..e69de29b
diff --git a/Users/saahilvashishta/Library/Application Support/Google/Chrome/Default/Default/MediaDeviceSalts b/Users/saahilvashishta/Library/Application Support/Google/Chrome/Default/Default/MediaDeviceSalts
new file mode 100644
index 00000000..aa843e7e
Binary files /dev/null and b/Users/saahilvashishta/Library/Application Support/Google/Chrome/Default/Default/MediaDeviceSalts differ
diff --git a/Users/saahilvashishta/Library/Application Support/Google/Chrome/Default/Default/MediaDeviceSalts-journal b/Users/saahilvashishta/Library/Application Support/Google/Chrome/Default/Default/MediaDeviceSalts-journal
new file mode 100644
index 00000000..e69de29b
diff --git a/Users/saahilvashishta/Library/Application Support/Google/Chrome/Default/Default/Network Action Predictor b/Users/saahilvashishta/Library/Application Support/Google/Chrome/Default/Default/Network Action Predictor
new file mode 100644
index 00000000..224579e4
Binary files /dev/null and b/Users/saahilvashishta/Library/Application Support/Google/Chrome/Default/Default/Network Action Predictor differ
diff --git a/Users/saahilvashishta/Library/Application Support/Google/Chrome/Default/Default/Network Action Predictor-journal b/Users/saahilvashishta/Library/Application Support/Google/Chrome/Default/Default/Network Action Predictor-journal
new file mode 100644
index 00000000..e69de29b
diff --git a/Users/saahilvashishta/Library/Application Support/Google/Chrome/Default/Default/Network Persistent State b/Users/saahilvashishta/Library/Application Support/Google/Chrome/Default/Default/Network Persistent State
new file mode 100644
index 00000000..3bb63a93
--- /dev/null
+++ b/Users/saahilvashishta/Library/Application Support/Google/Chrome/Default/Default/Network Persistent State	
@@ -0,0 +1 @@
+{"net":{"http_server_properties":{"servers":[{"alternative_service":[{"advertised_alpns":["h3"],"expiration":"13343270769938489","port":443,"protocol_str":"quic"}],"anonymization":["GAAAABIAAABodHRwczovL2dvb2dsZS5jb20AAA==",false],"server":"https://ssl.gstatic.com"},{"alternative_service":[{"advertised_alpns":["h3"],"expiration":"13343270769977383","port":443,"protocol_str":"quic"}],"anonymization":["GAAAABIAAABodHRwczovL2dvb2dsZS5jb20AAA==",false],"server":"https://fonts.googleapis.com","supports_spdy":true},{"alternative_service":[{"advertised_alpns":["h3"],"expiration":"13343270769983523","port":443,"protocol_str":"quic"}],"anonymization":["GAAAABIAAABodHRwczovL2dvb2dsZS5jb20AAA==",false],"server":"https://lh3.googleusercontent.com","supports_spdy":true},{"alternative_service":[{"advertised_alpns":["h3"],"expiration":"13343270770002853","port":443,"protocol_str":"quic"}],"anonymization":["GAAAABIAAABodHRwczovL2dvb2dsZS5jb20AAA==",false],"server":"https://lh4.ggpht.com","supports_spdy":true},{"alternative_service":[{"advertised_alpns":["h3"],"expiration":"13343270770456671","port":443,"protocol_str":"quic"}],"anonymization":["GAAAABIAAABodHRwczovL2dvb2dsZS5jb20AAA==",false],"network_stats":{"srtt":20435},"server":"https://apis.google.com","supports_spdy":true},{"alternative_service":[{"advertised_alpns":["h3"],"expiration":"13343270770524873","port":443,"protocol_str":"quic"}],"anonymization":["GAAAABIAAABodHRwczovL2dvb2dsZS5jb20AAA==",false],"network_stats":{"srtt":29834},"server":"https://scone-pa.clients6.google.com","supports_spdy":true},{"alternative_service":[{"advertised_alpns":["h3"],"expiration":"13343270770128454","port":443,"protocol_str":"quic"}],"anonymization":["GAAAABIAAABodHRwczovL2dvb2dsZS5jb20AAA==",false],"network_stats":{"srtt":26851},"server":"https://www.youtube.com"},{"alternative_service":[{"advertised_alpns":["h3"],"expiration":"13343270770642101","port":443,"protocol_str":"quic"}],"anonymization":["GAAAABIAAABodHRwczovL2dvb2dsZS5jb20AAA==",false],"network_stats":{"srtt":26851},"server":"https://support.google.com","supports_spdy":true},{"alternative_service":[{"advertised_alpns":["h3"],"expiration":"13343270772561976","port":443,"protocol_str":"quic"}],"anonymization":["GAAAABIAAABodHRwczovL2dvb2dsZS5jb20AAA==",false],"network_stats":{"srtt":51276},"server":"https://www.google-analytics.com","supports_spdy":true},{"alternative_service":[{"advertised_alpns":["h3"],"expiration":"13343270770078290","port":443,"protocol_str":"quic"}],"anonymization":["GAAAABIAAABodHRwczovL2dvb2dsZS5jb20AAA==",false],"network_stats":{"srtt":21274},"server":"https://www.googletagmanager.com","supports_spdy":true},{"alternative_service":[{"advertised_alpns":["h3"],"expiration":"13343270892068980","port":443,"protocol_str":"quic"}],"anonymization":["MAAAACwAAABodHRwczovL2Nocm9tZS1kZXZ0b29scy1mcm9udGVuZC5hcHBzcG90LmNvbQ==",false],"server":"https://chrome-devtools-frontend.appspot.com","supports_spdy":true},{"alternative_service":[{"advertised_alpns":["h3"],"expiration":"13343270888646414","port":443,"protocol_str":"quic"}],"anonymization":["MAAAACsAAABodHRwczovL29wdGltaXphdGlvbmd1aWRlLXBhLmdvb2dsZWFwaXMuY29tAA==",false],"network_stats":{"srtt":19303},"server":"https://optimizationguide-pa.googleapis.com","supports_spdy":true},{"alternative_service":[{"advertised_alpns":["h3"],"expiration":"13343270758130876","port":443,"protocol_str":"quic"}],"anonymization":["FAAAABAAAABodHRwOi8vbG9jYWxob3N0",false],"server":"https://content-autofill.googleapis.com","supports_spdy":true},{"alternative_service":[{"advertised_alpns":["h3"],"expiration":"13343270758188798","port":443,"protocol_str":"quic"}],"anonymization":["FAAAABAAAABodHRwOi8vbG9jYWxob3N0",false],"network_stats":{"srtt":17426},"server":"https://accounts.google.com","supports_spdy":true},{"alternative_service":[{"advertised_alpns":["h3"],"expiration":"13343270758459032","port":443,"protocol_str":"quic"}],"anonymization":["FAAAABAAAABodHRwOi8vbG9jYWxob3N0",true],"server":"https://fonts.gstatic.com","supports_spdy":true},{"alternative_service":[{"advertised_alpns":["h3"],"expiration":"13343270770115962","port":443,"protocol_str":"quic"}],"anonymization":["GAAAABIAAABodHRwczovL2dvb2dsZS5jb20AAA==",false],"network_stats":{"srtt":24215},"server":"https://fonts.gstatic.com","supports_spdy":true},{"alternative_service":[{"advertised_alpns":["h3"],"expiration":"13343270770106503","port":443,"protocol_str":"quic"}],"anonymization":["GAAAABIAAABodHRwczovL2dvb2dsZS5jb20AAA==",false],"network_stats":{"srtt":41964},"server":"https://content-autofill.googleapis.com","supports_spdy":true},{"alternative_service":[{"advertised_alpns":["h3"],"expiration":"13343270881531355","port":443,"protocol_str":"quic"}],"anonymization":["GAAAABIAAABodHRwczovL2dvb2dsZS5jb20AAA==",false],"network_stats":{"srtt":16152},"server":"https://www.gstatic.com","supports_spdy":true},{"alternative_service":[{"advertised_alpns":["h3"],"expiration":"13343270887086051","port":443,"protocol_str":"quic"}],"anonymization":["FAAAABAAAABodHRwOi8vbG9jYWxob3N0",true],"network_stats":{"srtt":23408},"server":"https://play.google.com","supports_spdy":true},{"alternative_service":[{"advertised_alpns":["h3"],"expiration":"13343271024270409","port":443,"protocol_str":"quic"}],"anonymization":["FAAAABAAAABodHRwOi8vbG9jYWxob3N0",true],"network_stats":{"srtt":16865},"server":"https://accounts.google.com","supports_spdy":true},{"alternative_service":[{"advertised_alpns":["h3"],"expiration":"13343271027045515","port":443,"protocol_str":"quic"}],"anonymization":["GAAAABIAAABodHRwczovL2dvb2dsZS5jb20AAA==",false],"network_stats":{"srtt":18869},"server":"https://accounts.google.com","supports_spdy":true},{"alternative_service":[{"advertised_alpns":["h3"],"expiration":"13343271027063447","port":443,"protocol_str":"quic"}],"anonymization":["GAAAABIAAABodHRwczovL2dvb2dsZS5jb20AAA==",true],"network_stats":{"srtt":17736},"server":"https://accounts.youtube.com","supports_spdy":true},{"alternative_service":[{"advertised_alpns":["h3"],"expiration":"13343271026537592","port":443,"protocol_str":"quic"}],"anonymization":["GAAAABIAAABodHRwczovL2dvb2dsZS5jb20AAA==",false],"network_stats":{"srtt":15747},"server":"https://csp.withgoogle.com","supports_spdy":true},{"alternative_service":[{"advertised_alpns":["h3"],"expiration":"13343271028127766","port":443,"protocol_str":"quic"}],"anonymization":["GAAAABIAAABodHRwczovL2dvb2dsZS5jb20AAA==",false],"network_stats":{"srtt":16959},"server":"https://play.google.com","supports_spdy":true},{"alternative_service":[{"advertised_alpns":["h3"],"expiration":"13343271023993573","port":443,"protocol_str":"quic"}],"anonymization":["GAAAABIAAABodHRwczovL2dvb2dsZS5jb20AAA==",false],"network_stats":{"srtt":23086},"server":"https://www.google.com","supports_spdy":true}],"supports_quic":{"address":"2601:602:8001:6fe0:1423:e58:c05a:7e5d","used_quic":true},"version":5},"network_qualities":{"CAISABiAgICA+P////8B":"4G"}}}
\ No newline at end of file
diff --git a/Users/saahilvashishta/Library/Application Support/Google/Chrome/Default/Default/Preferences b/Users/saahilvashishta/Library/Application Support/Google/Chrome/Default/Default/Preferences
new file mode 100644
index 00000000..f17fffcb
--- /dev/null
+++ b/Users/saahilvashishta/Library/Application Support/Google/Chrome/Default/Default/Preferences	
@@ -0,0 +1 @@
+{"NewTabPage":{"PrevNavigationTime":"13340679023488206"},"account_tracker_service_last_update":"13340678757649416","ack_existing_ntp_extensions":true,"alternate_error_pages":{"backup":false},"autocomplete":{"retention_policy_last_version":117},"browser":{"app_window_placement":{"DevToolsApp":{"always_on_top":false,"bottom":740,"left":100,"maximized":false,"right":740,"top":100,"work_area_bottom":956,"work_area_left":0,"work_area_right":1470,"work_area_top":37}},"check_default_browser":false,"window_placement":{"bottom":977,"left":-1898,"maximized":false,"right":-698,"top":47,"work_area_bottom":999,"work_area_left":-1920,"work_area_right":0,"work_area_top":25},"window_placement_popup":{"bottom":877,"left":-500,"maximized":false,"right":0,"top":265,"work_area_bottom":956,"work_area_left":0,"work_area_right":1470,"work_area_top":37}},"commerce_daily_metrics_last_update_time":"13340678757648048","countryid_at_install":21843,"devtools":{"adb_key":"MIIEvQIBADANBgkqhkiG9w0BAQEFAASCBKcwggSjAgEAAoIBAQDNYBUrNzpdtcwXEkwFrVnBTrFc4cimeY0F0L03oJ4cOOhXFYkUYqjCkekHl8E2aIPHqNq52DgfwqpsJIbFzzCU4GUx9R8iqclG1EkEM2HUN6flHSU9DJlTOUDGNREEyaoLBbUNqPzBCHUz7HEi05lB38pDfarP4x4HKaCPGRkDUufJzwMj6O36rPRDcg4rWEqCP4SnBi2BRouW8fLpLTfJCUDy2p5XoKEawNwbmlcu5kUDhN3Nm9Atq+dCoR0KrUKmGJspKtRivU/y1187x4Cb6PaP839E/pR/sKLkIt6ONdxwKUG0yumKMSChPEi083D5Pox2M41qZVCV/oAh5IdbAgMBAAECggEADG+c3RxWlkpc3vJ9Zo12PlIzsTf9qkgdrK/CZ7YORg+BPrprQB3B1pd2+eKU/vbaC/UnbOSeuWWdiIDcAOoWKN2tELuAom8h0pCT7QNVyC2DuUgRPHog+GGQbB3WN42SlIW2YMZgYgUYYFD0gEWDATu6B9dVf0DRBD0on6GitfbZS8Bpf69ctLxe7TeIU+oAVWJdNkB9ArqakmpcHUbJOMPp7yNY92FwKJYqSMDjF2aJ38P6rI6v7DYg4TGCsqRhqTvIfTIVlTozlXg0pxSSW+AMsXCibfct6YPZ703fJzfPBuF8X3cbJgxfw6/wquU8Ys5rn/8T3bQmrbmJV7/nAQKBgQDm5lFmICiz7EiHByklWubYBsz1X0sq4FkFPVnsR3WA13SQazisA018nqO8iaR4Dt1yXpgMGJVed5a15ZXSlzAJ2den7OooWuj6NDOZbnuBGwmmQNfhWW4Lc+72SSbHt0uYFygVz8u9YB1Ca5qtY3su1w5+dIzfY5X72BpK63JY2wKBgQDjs3M/gch6J1DF7z2Ouwqvwm1VNblhbxGVnnUJd0bro8Ymj084fvw91dfzP5bxSfiKIn88XuQvvky/bcEj0/Pvn4xADtQujv/O0A/DKDQVOS99VR0eQ4/XxE4LeEztMpp/2rfFdQYnux2jr79shdkkZGCci3iXnoG2B5MdkMCTgQKBgCKgP2y1PeVddbLqG/2CGEQlIO9bDwarBi6G+Mk6HiDoLo7JxYHmLOSXVa6cZZGriQHxtZN6zEuSW4ODnmgqTAXuKS0Blkve9jkvQt2rd9HwoA3Sg41DwADvrdI5PhuNHUT9lAFRXBhWJY0kXdnKpVps3buQ9t85K/DMg4TgshEpAoGBAIv8kBb0EC9hKlx1589vGHPTwWnIfK71HMdyQpvOM9C8wB6GrnqaPzM42+nVJ1QyWNV7veN8pybfBMoPjNUdAnRID252b2YsTgJ0kaw2dEa0AIk6IYuwl6dcLWsJy6lsGeYOrjp75ovYkrFGZBYw971S5L55VGtKbI5fe8eKbYqBAoGAK8/mcSiH5vCe2hAJOm6G17E1rynPpdo0+TW1KkiU6frlLp1Cbo3pbqJ9gv//+CWCWA7wKKXQgsd0IBYqRy3TZTMOXxrN/H49xzLr4KEpeyVyGkFt7zXTn9VWkqzmgLtI1zf7KnpXYdjTLdcfmebepSNuaQIxHe/FB3YnGhV8GKA=","preferences":{"Inspector.drawerSplitViewState":"{\"horizontal\":{\"size\":0,\"showMode\":\"OnlyMain\"}}","Styles-pane-sidebar-tabOrder":"{\"Styles\":10,\"Computed\":20}","closeableTabs":"{\"security\":true,\"chrome_recorder\":true,\"performance_insights\":true}","elements.styles.sidebar.width":"{\"vertical\":{\"size\":0,\"showMode\":\"OnlyMain\"}}","inspectorVersion":"35","releaseNoteVersionSeen":"58"},"synced_preferences_sync_disabled":{"adornerSettings":"[{\"adorner\":\"grid\",\"isEnabled\":true},{\"adorner\":\"subgrid\",\"isEnabled\":true},{\"adorner\":\"flex\",\"isEnabled\":true},{\"adorner\":\"ad\",\"isEnabled\":true},{\"adorner\":\"scroll-snap\",\"isEnabled\":true},{\"adorner\":\"container\",\"isEnabled\":true},{\"adorner\":\"slot\",\"isEnabled\":true},{\"adorner\":\"top-layer\",\"isEnabled\":true},{\"adorner\":\"reveal\",\"isEnabled\":true}]","colorFormat":"\"original\"","syncedInspectorVersion":"35"}},"dips_timer_last_update":"13340678757262112","distribution":{"import_bookmarks":false,"import_history":false,"import_search_engine":false,"make_chrome_default_for_user":false,"skip_first_run_ui":true},"dns_prefetching":{"enabled":false},"domain_diversity":{"last_reporting_timestamp":"13340678757755935"},"extensions":{"alerts":{"initialized":true},"chrome_url_overrides":{}},"gaia_cookie":{"changed_time":1696205157.828295,"hash":"2jmj7l5rSw0yVb/vlWAYkK/YBwk=","last_list_accounts_data":"[\"gaia.l.a.r\",[]]"},"gcm":{"product_category_for_subtypes":"com.chrome.macosx"},"google":{"services":{"consented_to_sync":false,"signin_scoped_device_id":"f238ce07-34e5-4901-a793-71d08dcf3a2e"}},"intl":{"selected_languages":"en-US,en"},"invalidation":{"per_sender_topics_to_handler":{"1013309121859":{}}},"language_model_counters":{"en":3},"media":{"device_id_salt":"2642BA25B233508BC3A6326319402F28","engagement":{"schema_version":5}},"media_router":{"receiver_id_hash_token":"l7G7A+djj9I/SLBmrhfScTSbQHpkIQgZT7DOpKMBDiuNnGVaAx2zOZ9caxKm+860BfeB5rLT3VzN/xrfStJ+Hg=="},"ntp":{"num_personal_suggestions":2},"optimization_guide":{"hintsfetcher":{"hosts_successfully_fetched":{}},"predictionmodelfetcher":{"last_fetch_attempt":"13340678888504917","last_fetch_success":"13340678888647686"},"previously_registered_optimization_types":{"ABOUT_THIS_SITE":true,"HISTORY_CLUSTERS":true,"PRICE_TRACKING":true},"store_file_paths_to_delete":{}},"privacy_sandbox":{"anti_abuse_initialized":true},"profile":{"avatar_index":26,"content_settings":{"enable_quiet_permission_ui_enabling_method":{"notifications":1},"exceptions":{"3pcd_support":{},"access_to_get_all_screens_media_in_session":{},"accessibility_events":{},"anti_abuse":{},"app_banner":{"http://localhost:3000,*":{"last_modified":"13340678757996474","setting":{"http://localhost:3000/":{"couldShowBannerEvents":1.3340678757996472e+16,"next_install_text_animation":{"delay":"86400000000","last_shown":"13340678757996404"}}}}},"ar":{},"auto_select_certificate":{},"automatic_downloads":{},"autoplay":{},"background_sync":{},"bluetooth_chooser_data":{},"bluetooth_guard":{},"bluetooth_scanning":{},"camera_pan_tilt_zoom":{},"client_hints":{"https://accounts.google.com:443,*":{"last_modified":"13340679026737560","setting":{"client_hints":[9,10,11,13,14,16,23,25]}}},"clipboard":{},"cookie_controls_metadata":{},"cookies":{},"durable_storage":{},"fedcm_active_session":{},"fedcm_idp_registration":{},"fedcm_idp_signin":{"https://accounts.google.com:443,*":{"last_modified":"13340678757828575","setting":{"chosen-objects":[{"idp-origin":"https://accounts.google.com","idp-signin-status":false}]}}},"fedcm_share":{},"file_system_access_chooser_data":{},"file_system_last_picked_directory":{},"file_system_read_guard":{},"file_system_write_guard":{},"formfill_metadata":{"https://accounts.google.com:443,*":{"last_modified":"13340678764987082","setting":{"UserDataFieldFilled":true}}},"geolocation":{},"hid_chooser_data":{},"hid_guard":{},"http_allowed":{},"https_enforced":{},"idle_detection":{},"images":{},"important_site_info":{},"insecure_private_network":{},"intent_picker_auto_display":{},"javascript":{},"javascript_jit":{},"legacy_cookie_access":{},"local_fonts":{},"media_engagement":{"http://localhost:3000,*":{"expiration":"13348455028809501","last_modified":"13340679028809504","lifetime":"7776000000000","setting":{"hasHighScore":false,"lastMediaPlaybackTime":0.0,"mediaPlaybacks":0,"visits":4}},"https://accounts.google.com:443,*":{"expiration":"13348455028819665","last_modified":"13340679028819668","lifetime":"7776000000000","setting":{"hasHighScore":false,"lastMediaPlaybackTime":0.0,"mediaPlaybacks":0,"visits":4}},"https://support.google.com:443,*":{"expiration":"13348454772464112","last_modified":"13340678772464117","lifetime":"7776000000000","setting":{"hasHighScore":false,"lastMediaPlaybackTime":0.0,"mediaPlaybacks":0,"visits":1}}},"media_stream_camera":{},"media_stream_mic":{},"midi":{},"midi_sysex":{},"mixed_script":{},"nfc_devices":{},"notification_interactions":{},"notification_permission_review":{},"notifications":{},"password_protection":{},"payment_handler":{},"permission_autoblocking_data":{},"permission_autorevocation_data":{},"popups":{},"private_network_chooser_data":{},"private_network_guard":{},"protocol_handler":{},"reduced_accept_language":{},"safe_browsing_url_check_data":{},"sensors":{},"serial_chooser_data":{},"serial_guard":{},"site_engagement":{"http://localhost:3000,*":{"last_modified":"13340679023904262","setting":{"lastEngagementTime":1.334067902390424e+16,"lastShortcutLaunchTime":0.0,"pointsAddedToday":7.5,"rawScore":7.5}},"https://accounts.google.com:443,*":{"last_modified":"13340678894698238","setting":{"lastEngagementTime":1.3340678894698194e+16,"lastShortcutLaunchTime":0.0,"pointsAddedToday":2.1,"rawScore":2.1}}},"sound":{},"ssl_cert_decisions":{},"storage_access":{},"subresource_filter":{},"subresource_filter_data":{},"third_party_storage_partitioning":{},"top_level_storage_access":{},"unused_site_permissions":{},"usb_chooser_data":{},"usb_guard":{},"vr":{},"webid_api":{},"webid_auto_reauthn":{},"window_placement":{}},"pattern_pairs":{"https://*,*":{"media-stream":{"audio":"Default","video":"Default"}}},"pref_version":1},"creation_time":"13340678756723570","default_content_setting_values":{"geolocation":1},"default_content_settings":{"geolocation":1,"mouselock":1,"notifications":1,"popups":1,"ppapi-broker":1},"exit_type":"Normal","last_engagement_time":"13340679023904241","managed":{"banner_state":2},"managed_user_id":"","name":"Person 1","password_manager_enabled":false},"safebrowsing":{"enabled":false,"event_timestamps":{},"metrics_last_log_time":"13340678757"},"search":{"suggest_enabled":false},"sessions":{"event_log":[{"crashed":false,"time":"13340678757182969","type":0},{"did_schedule_command":true,"first_session_service":true,"tab_count":2,"time":"13340678784988010","type":2,"window_count":2},{"crashed":false,"time":"13340678837339483","type":0},{"did_schedule_command":true,"first_session_service":true,"tab_count":2,"time":"13340678842446516","type":2,"window_count":2},{"crashed":false,"time":"13340678876006854","type":0},{"did_schedule_command":true,"first_session_service":true,"tab_count":3,"time":"13340678901055359","type":2,"window_count":3},{"crashed":false,"time":"13340679023432026","type":0},{"did_schedule_command":true,"first_session_service":true,"tab_count":2,"time":"13340679028807835","type":2,"window_count":2}],"session_data_status":5},"signin":{"allowed":true},"supervised_user":{"metrics":{"day_id":154405}},"sync":{"autofill_wallet_import_enabled_migrated":true},"translate":{"enabled":false},"translate_site_blacklist":[],"translate_site_blocklist_with_time":{},"web_apps":{"daily_metrics":{"http://localhost:3000/":{"background_duration_sec":0,"captures_links":false,"effective_display_mode":3,"foreground_duration_sec":0,"installed":false,"num_sessions":0,"promotable":true}},"daily_metrics_date":"13340617200000000","did_migrate_default_chrome_apps":["MigrateDefaultChromeAppToWebAppsGSuite","MigrateDefaultChromeAppToWebAppsNonGSuite"],"last_preinstall_synchronize_version":"117"},"webauthn":{"touchid":{"metadata_secret":"iAj2pNTCynJ1UNYLxNsewhtqvBz+Cc6RxkIe1ElFSYI="}}}
\ No newline at end of file
diff --git a/Users/saahilvashishta/Library/Application Support/Google/Chrome/Default/Default/PreferredApps b/Users/saahilvashishta/Library/Application Support/Google/Chrome/Default/Default/PreferredApps
new file mode 100644
index 00000000..7d3a4259
--- /dev/null
+++ b/Users/saahilvashishta/Library/Application Support/Google/Chrome/Default/Default/PreferredApps	
@@ -0,0 +1 @@
+{"preferred_apps":[],"version":1}
\ No newline at end of file
diff --git a/Users/saahilvashishta/Library/Application Support/Google/Chrome/Default/Default/Reporting and NEL b/Users/saahilvashishta/Library/Application Support/Google/Chrome/Default/Default/Reporting and NEL
new file mode 100644
index 00000000..a0c61c1f
Binary files /dev/null and b/Users/saahilvashishta/Library/Application Support/Google/Chrome/Default/Default/Reporting and NEL differ
diff --git a/Users/saahilvashishta/Library/Application Support/Google/Chrome/Default/Default/Reporting and NEL-journal b/Users/saahilvashishta/Library/Application Support/Google/Chrome/Default/Default/Reporting and NEL-journal
new file mode 100644
index 00000000..e69de29b
diff --git a/Users/saahilvashishta/Library/Application Support/Google/Chrome/Default/Default/SCT Auditing Pending Reports b/Users/saahilvashishta/Library/Application Support/Google/Chrome/Default/Default/SCT Auditing Pending Reports
new file mode 100644
index 00000000..0637a088
--- /dev/null
+++ b/Users/saahilvashishta/Library/Application Support/Google/Chrome/Default/Default/SCT Auditing Pending Reports	
@@ -0,0 +1 @@
+[]
\ No newline at end of file
diff --git a/Users/saahilvashishta/Library/Application Support/Google/Chrome/Default/Default/Secure Preferences b/Users/saahilvashishta/Library/Application Support/Google/Chrome/Default/Default/Secure Preferences
new file mode 100644
index 00000000..bd58baa7
--- /dev/null
+++ b/Users/saahilvashishta/Library/Application Support/Google/Chrome/Default/Default/Secure Preferences	
@@ -0,0 +1 @@
+{"extensions":{"settings":{"ahfgeienlihckogmohjhadlkjgocpleb":{"active_permissions":{"api":["management","system.display","system.storage","webstorePrivate","system.cpu","system.memory","system.network"],"explicit_host":[],"manifest_permissions":[],"scriptable_host":[]},"app_launcher_ordinal":"t","commands":{},"content_settings":[],"creation_flags":1,"events":[],"first_install_time":"13340678757186334","from_webstore":false,"incognito_content_settings":[],"incognito_preferences":{},"last_update_time":"13340678757186334","location":5,"manifest":{"app":{"launch":{"web_url":"https://chrome.google.com/webstore"},"urls":["https://chrome.google.com/webstore"]},"description":"Discover great apps, games, extensions and themes for Google Chrome.","icons":{"128":"webstore_icon_128.png","16":"webstore_icon_16.png"},"key":"MIGfMA0GCSqGSIb3DQEBAQUAA4GNADCBiQKBgQCtl3tO0osjuzRsf6xtD2SKxPlTfuoy7AWoObysitBPvH5fE1NaAA1/2JkPWkVDhdLBWLaIBPYeXbzlHp3y4Vv/4XG+aN5qFE3z+1RU/NqkzVYHtIpVScf3DjTYtKVL66mzVGijSoAIwbFCC3LpGdaoe6Q1rSRDp76wR6jjFzsYwQIDAQAB","name":"Web Store","permissions":["webstorePrivate","management","system.cpu","system.display","system.memory","system.network","system.storage"],"version":"0.2"},"page_ordinal":"n","path":"/Applications/Google Chrome.app/Contents/Frameworks/Google Chrome Framework.framework/Versions/117.0.5938.92/Resources/web_store","preferences":{},"regular_only_preferences":{},"state":1,"was_installed_by_default":false,"was_installed_by_oem":false},"mhjfbmdgcfjbbpaeojofohoefgiehjai":{"active_permissions":{"api":["contentSettings","fileSystem","fileSystem.write","metricsPrivate","tabs","resourcesPrivate","pdfViewerPrivate"],"explicit_host":["chrome://resources/*","chrome://webui-test/*"],"manifest_permissions":[],"scriptable_host":[]},"commands":{},"content_settings":[],"creation_flags":1,"events":[],"first_install_time":"13340678757188581","from_webstore":false,"incognito_content_settings":[],"incognito_preferences":{},"last_update_time":"13340678757188581","location":5,"manifest":{"content_security_policy":"script-src 'self' 'wasm-eval' blob: filesystem: chrome://resources chrome://webui-test; object-src * blob: externalfile: file: filesystem: data:","description":"","incognito":"split","key":"MIGfMA0GCSqGSIb3DQEBAQUAA4GNADCBiQKBgQDN6hM0rsDYGbzQPQfOygqlRtQgKUXMfnSjhIBL7LnReAVBEd7ZmKtyN2qmSasMl4HZpMhVe2rPWVVwBDl6iyNE/Kok6E6v6V3vCLGsOpQAuuNVye/3QxzIldzG/jQAdWZiyXReRVapOhZtLjGfywCvlWq7Sl/e3sbc0vWybSDI2QIDAQAB","manifest_version":2,"mime_types":["application/pdf"],"mime_types_handler":"index.html","name":"Chrome PDF Viewer","offline_enabled":true,"permissions":["chrome://resources/","chrome://webui-test/","contentSettings","metricsPrivate","pdfViewerPrivate","resourcesPrivate","tabs",{"fileSystem":["write"]}],"version":"1"},"path":"/Applications/Google Chrome.app/Contents/Frameworks/Google Chrome Framework.framework/Versions/117.0.5938.92/Resources/pdf","preferences":{},"regular_only_preferences":{},"state":1,"was_installed_by_default":false,"was_installed_by_oem":false}}},"pinned_tabs":[],"protection":{"macs":{"browser":{"show_home_button":"01239CC4E120E585C5EE775F1668D957C41B8BDE2ABA6C5770290C21BE09AA96"},"default_search_provider_data":{"template_url_data":"EF5D4674FF552E3C275DD98AB82B7FA79A56B531F7ABED8BF7DAA0AA5DF9F00C"},"extensions":{"settings":{"ahfgeienlihckogmohjhadlkjgocpleb":"AF102E72D11BD9E0EC42DD9487D950070BDFB8ADBA6142587C280BA2D45E8E7F","mhjfbmdgcfjbbpaeojofohoefgiehjai":"BBF7E8E8E642006C26F69024B075A7E8ACB62A23419350CA207314AAA44F16AB"}},"google":{"services":{"account_id":"ADA59B66869F07A7371983A45FECE6FC504F54D28FE0E527FAFE49FFF9B58744","last_account_id":"E0CF585F01E3427F9942BC941CE647C4B9722F31C35837F65EAF2412BD530C99","last_username":"C95469F492271A01F1ADE30F22E41E003A68391840CCA927FCE176F26E037E45"}},"homepage":"AFAD09FEFBD5438A438F760CD7CBD4CE8F89F91C2FA29876D3C77E40DA33FEC4","homepage_is_newtabpage":"719938550DB348BC9175E9C6F8644E390566BC8E97D46C5AF3850A35016419A6","media":{"storage_id_salt":"B8D94A0D2BB8AA8CBEF168E5EB3C9DD82BEB4AE481416E2801E073F8E1709E8B"},"pinned_tabs":"FE5AB7A6255935C7C88F23F06BAC764FB1714A33F34D31BA0C855D8127E9F97F","prefs":{"preference_reset_time":"CA6EC14256C22B12C65FD27FE9726501BF3CAC6E5BC11D354455B83397E78DB5"},"safebrowsing":{"incidents_sent":"7A0C24A2DE3302F09B74264C9CB51E2ABE1BC38FA0EFF7D8FCEE95719F3B6E42"},"search_provider_overrides":"617AC6E80FC7FCC04FC2C9A39DE03C94851DD755449AB68663F0BF733F54AC44","session":{"restore_on_startup":"3D398F6B2648A6BDFEA74AC7B5F052F6EAC0C51484A6D8919D77754C8C0A0EC3","startup_urls":"82D62D91E248397FDB765EF2638A8E21B5D169763DCD926F433902D28C0F071E"}},"super_mac":"7D82139108B933FCA96F64930C745452F5FB047F95885CF84C7C6A46BDF94BAF"}}
\ No newline at end of file
diff --git a/Users/saahilvashishta/Library/Application Support/Google/Chrome/Default/Default/Segmentation Platform/SegmentInfoDB/LOCK b/Users/saahilvashishta/Library/Application Support/Google/Chrome/Default/Default/Segmentation Platform/SegmentInfoDB/LOCK
new file mode 100644
index 00000000..e69de29b
diff --git a/Users/saahilvashishta/Library/Application Support/Google/Chrome/Default/Default/Segmentation Platform/SegmentInfoDB/LOG b/Users/saahilvashishta/Library/Application Support/Google/Chrome/Default/Default/Segmentation Platform/SegmentInfoDB/LOG
new file mode 100644
index 00000000..e69de29b
diff --git a/Users/saahilvashishta/Library/Application Support/Google/Chrome/Default/Default/Segmentation Platform/SegmentInfoDB/LOG.old b/Users/saahilvashishta/Library/Application Support/Google/Chrome/Default/Default/Segmentation Platform/SegmentInfoDB/LOG.old
new file mode 100644
index 00000000..e69de29b
diff --git a/Users/saahilvashishta/Library/Application Support/Google/Chrome/Default/Default/Segmentation Platform/SignalDB/LOCK b/Users/saahilvashishta/Library/Application Support/Google/Chrome/Default/Default/Segmentation Platform/SignalDB/LOCK
new file mode 100644
index 00000000..e69de29b
diff --git a/Users/saahilvashishta/Library/Application Support/Google/Chrome/Default/Default/Segmentation Platform/SignalDB/LOG b/Users/saahilvashishta/Library/Application Support/Google/Chrome/Default/Default/Segmentation Platform/SignalDB/LOG
new file mode 100644
index 00000000..e69de29b
diff --git a/Users/saahilvashishta/Library/Application Support/Google/Chrome/Default/Default/Segmentation Platform/SignalDB/LOG.old b/Users/saahilvashishta/Library/Application Support/Google/Chrome/Default/Default/Segmentation Platform/SignalDB/LOG.old
new file mode 100644
index 00000000..e69de29b
diff --git a/Users/saahilvashishta/Library/Application Support/Google/Chrome/Default/Default/Segmentation Platform/SignalStorageConfigDB/LOCK b/Users/saahilvashishta/Library/Application Support/Google/Chrome/Default/Default/Segmentation Platform/SignalStorageConfigDB/LOCK
new file mode 100644
index 00000000..e69de29b
diff --git a/Users/saahilvashishta/Library/Application Support/Google/Chrome/Default/Default/Segmentation Platform/SignalStorageConfigDB/LOG b/Users/saahilvashishta/Library/Application Support/Google/Chrome/Default/Default/Segmentation Platform/SignalStorageConfigDB/LOG
new file mode 100644
index 00000000..e69de29b
diff --git a/Users/saahilvashishta/Library/Application Support/Google/Chrome/Default/Default/Segmentation Platform/SignalStorageConfigDB/LOG.old b/Users/saahilvashishta/Library/Application Support/Google/Chrome/Default/Default/Segmentation Platform/SignalStorageConfigDB/LOG.old
new file mode 100644
index 00000000..e69de29b
diff --git a/Users/saahilvashishta/Library/Application Support/Google/Chrome/Default/Default/Session Storage/000003.log b/Users/saahilvashishta/Library/Application Support/Google/Chrome/Default/Default/Session Storage/000003.log
new file mode 100644
index 00000000..accbb13e
Binary files /dev/null and b/Users/saahilvashishta/Library/Application Support/Google/Chrome/Default/Default/Session Storage/000003.log differ
diff --git a/Users/saahilvashishta/Library/Application Support/Google/Chrome/Default/Default/Session Storage/CURRENT b/Users/saahilvashishta/Library/Application Support/Google/Chrome/Default/Default/Session Storage/CURRENT
new file mode 100644
index 00000000..7ed683d1
--- /dev/null
+++ b/Users/saahilvashishta/Library/Application Support/Google/Chrome/Default/Default/Session Storage/CURRENT	
@@ -0,0 +1 @@
+MANIFEST-000001
diff --git a/Users/saahilvashishta/Library/Application Support/Google/Chrome/Default/Default/Session Storage/LOCK b/Users/saahilvashishta/Library/Application Support/Google/Chrome/Default/Default/Session Storage/LOCK
new file mode 100644
index 00000000..e69de29b
diff --git a/Users/saahilvashishta/Library/Application Support/Google/Chrome/Default/Default/Session Storage/LOG b/Users/saahilvashishta/Library/Application Support/Google/Chrome/Default/Default/Session Storage/LOG
new file mode 100644
index 00000000..1cf803c7
--- /dev/null
+++ b/Users/saahilvashishta/Library/Application Support/Google/Chrome/Default/Default/Session Storage/LOG	
@@ -0,0 +1,3 @@
+2023/10/01-17:10:23.521 2907 Reusing MANIFEST /Users/saahilvashishta/Documents/GitHub/project-team-5/Users/saahilvashishta/Library/Application Support/Google/Chrome/Default/Default/Session Storage/MANIFEST-000001
+2023/10/01-17:10:23.522 2907 Recovering log #3
+2023/10/01-17:10:23.523 2907 Reusing old log /Users/saahilvashishta/Documents/GitHub/project-team-5/Users/saahilvashishta/Library/Application Support/Google/Chrome/Default/Default/Session Storage/000003.log 
diff --git a/Users/saahilvashishta/Library/Application Support/Google/Chrome/Default/Default/Session Storage/LOG.old b/Users/saahilvashishta/Library/Application Support/Google/Chrome/Default/Default/Session Storage/LOG.old
new file mode 100644
index 00000000..b25e7190
--- /dev/null
+++ b/Users/saahilvashishta/Library/Application Support/Google/Chrome/Default/Default/Session Storage/LOG.old	
@@ -0,0 +1,3 @@
+2023/10/01-17:07:56.096 3e03 Reusing MANIFEST /Users/saahilvashishta/Documents/GitHub/project-team-5/Users/saahilvashishta/Library/Application Support/Google/Chrome/Default/Default/Session Storage/MANIFEST-000001
+2023/10/01-17:07:56.097 3e03 Recovering log #3
+2023/10/01-17:07:56.098 3e03 Reusing old log /Users/saahilvashishta/Documents/GitHub/project-team-5/Users/saahilvashishta/Library/Application Support/Google/Chrome/Default/Default/Session Storage/000003.log 
diff --git a/Users/saahilvashishta/Library/Application Support/Google/Chrome/Default/Default/Session Storage/MANIFEST-000001 b/Users/saahilvashishta/Library/Application Support/Google/Chrome/Default/Default/Session Storage/MANIFEST-000001
new file mode 100644
index 00000000..18e5cab7
Binary files /dev/null and b/Users/saahilvashishta/Library/Application Support/Google/Chrome/Default/Default/Session Storage/MANIFEST-000001 differ
diff --git a/Users/saahilvashishta/Library/Application Support/Google/Chrome/Default/Default/Sessions/Session_13340678878511661 b/Users/saahilvashishta/Library/Application Support/Google/Chrome/Default/Default/Sessions/Session_13340678878511661
new file mode 100644
index 00000000..411e4579
Binary files /dev/null and b/Users/saahilvashishta/Library/Application Support/Google/Chrome/Default/Default/Sessions/Session_13340678878511661 differ
diff --git a/Users/saahilvashishta/Library/Application Support/Google/Chrome/Default/Default/Sessions/Session_13340679025935148 b/Users/saahilvashishta/Library/Application Support/Google/Chrome/Default/Default/Sessions/Session_13340679025935148
new file mode 100644
index 00000000..89d7c354
Binary files /dev/null and b/Users/saahilvashishta/Library/Application Support/Google/Chrome/Default/Default/Sessions/Session_13340679025935148 differ
diff --git a/Users/saahilvashishta/Library/Application Support/Google/Chrome/Default/Default/Sessions/Tabs_13340678878868291 b/Users/saahilvashishta/Library/Application Support/Google/Chrome/Default/Default/Sessions/Tabs_13340678878868291
new file mode 100644
index 00000000..1eab245c
Binary files /dev/null and b/Users/saahilvashishta/Library/Application Support/Google/Chrome/Default/Default/Sessions/Tabs_13340678878868291 differ
diff --git a/Users/saahilvashishta/Library/Application Support/Google/Chrome/Default/Default/Sessions/Tabs_13340679026333134 b/Users/saahilvashishta/Library/Application Support/Google/Chrome/Default/Default/Sessions/Tabs_13340679026333134
new file mode 100644
index 00000000..71ba0d09
Binary files /dev/null and b/Users/saahilvashishta/Library/Application Support/Google/Chrome/Default/Default/Sessions/Tabs_13340679026333134 differ
diff --git a/Users/saahilvashishta/Library/Application Support/Google/Chrome/Default/Default/Shortcuts b/Users/saahilvashishta/Library/Application Support/Google/Chrome/Default/Default/Shortcuts
new file mode 100644
index 00000000..3b7e9abf
Binary files /dev/null and b/Users/saahilvashishta/Library/Application Support/Google/Chrome/Default/Default/Shortcuts differ
diff --git a/Users/saahilvashishta/Library/Application Support/Google/Chrome/Default/Default/Shortcuts-journal b/Users/saahilvashishta/Library/Application Support/Google/Chrome/Default/Default/Shortcuts-journal
new file mode 100644
index 00000000..e69de29b
diff --git a/Users/saahilvashishta/Library/Application Support/Google/Chrome/Default/Default/Site Characteristics Database/000003.log b/Users/saahilvashishta/Library/Application Support/Google/Chrome/Default/Default/Site Characteristics Database/000003.log
new file mode 100644
index 00000000..be9bbe48
Binary files /dev/null and b/Users/saahilvashishta/Library/Application Support/Google/Chrome/Default/Default/Site Characteristics Database/000003.log differ
diff --git a/Users/saahilvashishta/Library/Application Support/Google/Chrome/Default/Default/Site Characteristics Database/CURRENT b/Users/saahilvashishta/Library/Application Support/Google/Chrome/Default/Default/Site Characteristics Database/CURRENT
new file mode 100644
index 00000000..7ed683d1
--- /dev/null
+++ b/Users/saahilvashishta/Library/Application Support/Google/Chrome/Default/Default/Site Characteristics Database/CURRENT	
@@ -0,0 +1 @@
+MANIFEST-000001
diff --git a/Users/saahilvashishta/Library/Application Support/Google/Chrome/Default/Default/Site Characteristics Database/LOCK b/Users/saahilvashishta/Library/Application Support/Google/Chrome/Default/Default/Site Characteristics Database/LOCK
new file mode 100644
index 00000000..e69de29b
diff --git a/Users/saahilvashishta/Library/Application Support/Google/Chrome/Default/Default/Site Characteristics Database/LOG b/Users/saahilvashishta/Library/Application Support/Google/Chrome/Default/Default/Site Characteristics Database/LOG
new file mode 100644
index 00000000..9de5ce3f
--- /dev/null
+++ b/Users/saahilvashishta/Library/Application Support/Google/Chrome/Default/Default/Site Characteristics Database/LOG	
@@ -0,0 +1,3 @@
+2023/10/01-17:10:23.431 f203 Reusing MANIFEST /Users/saahilvashishta/Documents/GitHub/project-team-5/Users/saahilvashishta/Library/Application Support/Google/Chrome/Default/Default/Site Characteristics Database/MANIFEST-000001
+2023/10/01-17:10:23.431 f203 Recovering log #3
+2023/10/01-17:10:23.431 f203 Reusing old log /Users/saahilvashishta/Documents/GitHub/project-team-5/Users/saahilvashishta/Library/Application Support/Google/Chrome/Default/Default/Site Characteristics Database/000003.log 
diff --git a/Users/saahilvashishta/Library/Application Support/Google/Chrome/Default/Default/Site Characteristics Database/LOG.old b/Users/saahilvashishta/Library/Application Support/Google/Chrome/Default/Default/Site Characteristics Database/LOG.old
new file mode 100644
index 00000000..6b0fd1cc
--- /dev/null
+++ b/Users/saahilvashishta/Library/Application Support/Google/Chrome/Default/Default/Site Characteristics Database/LOG.old	
@@ -0,0 +1,3 @@
+2023/10/01-17:07:56.006 10703 Reusing MANIFEST /Users/saahilvashishta/Documents/GitHub/project-team-5/Users/saahilvashishta/Library/Application Support/Google/Chrome/Default/Default/Site Characteristics Database/MANIFEST-000001
+2023/10/01-17:07:56.006 10703 Recovering log #3
+2023/10/01-17:07:56.006 10703 Reusing old log /Users/saahilvashishta/Documents/GitHub/project-team-5/Users/saahilvashishta/Library/Application Support/Google/Chrome/Default/Default/Site Characteristics Database/000003.log 
diff --git a/Users/saahilvashishta/Library/Application Support/Google/Chrome/Default/Default/Site Characteristics Database/MANIFEST-000001 b/Users/saahilvashishta/Library/Application Support/Google/Chrome/Default/Default/Site Characteristics Database/MANIFEST-000001
new file mode 100644
index 00000000..18e5cab7
Binary files /dev/null and b/Users/saahilvashishta/Library/Application Support/Google/Chrome/Default/Default/Site Characteristics Database/MANIFEST-000001 differ
diff --git a/Users/saahilvashishta/Library/Application Support/Google/Chrome/Default/Default/Sync Data/LevelDB/000003.log b/Users/saahilvashishta/Library/Application Support/Google/Chrome/Default/Default/Sync Data/LevelDB/000003.log
new file mode 100644
index 00000000..2b778f4b
Binary files /dev/null and b/Users/saahilvashishta/Library/Application Support/Google/Chrome/Default/Default/Sync Data/LevelDB/000003.log differ
diff --git a/Users/saahilvashishta/Library/Application Support/Google/Chrome/Default/Default/Sync Data/LevelDB/CURRENT b/Users/saahilvashishta/Library/Application Support/Google/Chrome/Default/Default/Sync Data/LevelDB/CURRENT
new file mode 100644
index 00000000..7ed683d1
--- /dev/null
+++ b/Users/saahilvashishta/Library/Application Support/Google/Chrome/Default/Default/Sync Data/LevelDB/CURRENT	
@@ -0,0 +1 @@
+MANIFEST-000001
diff --git a/Users/saahilvashishta/Library/Application Support/Google/Chrome/Default/Default/Sync Data/LevelDB/LOCK b/Users/saahilvashishta/Library/Application Support/Google/Chrome/Default/Default/Sync Data/LevelDB/LOCK
new file mode 100644
index 00000000..e69de29b
diff --git a/Users/saahilvashishta/Library/Application Support/Google/Chrome/Default/Default/Sync Data/LevelDB/LOG b/Users/saahilvashishta/Library/Application Support/Google/Chrome/Default/Default/Sync Data/LevelDB/LOG
new file mode 100644
index 00000000..918cc7a0
--- /dev/null
+++ b/Users/saahilvashishta/Library/Application Support/Google/Chrome/Default/Default/Sync Data/LevelDB/LOG	
@@ -0,0 +1,3 @@
+2023/10/01-17:10:23.432 f103 Reusing MANIFEST /Users/saahilvashishta/Documents/GitHub/project-team-5/Users/saahilvashishta/Library/Application Support/Google/Chrome/Default/Default/Sync Data/LevelDB/MANIFEST-000001
+2023/10/01-17:10:23.432 f103 Recovering log #3
+2023/10/01-17:10:23.432 f103 Reusing old log /Users/saahilvashishta/Documents/GitHub/project-team-5/Users/saahilvashishta/Library/Application Support/Google/Chrome/Default/Default/Sync Data/LevelDB/000003.log 
diff --git a/Users/saahilvashishta/Library/Application Support/Google/Chrome/Default/Default/Sync Data/LevelDB/LOG.old b/Users/saahilvashishta/Library/Application Support/Google/Chrome/Default/Default/Sync Data/LevelDB/LOG.old
new file mode 100644
index 00000000..ea5af74d
--- /dev/null
+++ b/Users/saahilvashishta/Library/Application Support/Google/Chrome/Default/Default/Sync Data/LevelDB/LOG.old	
@@ -0,0 +1,3 @@
+2023/10/01-17:07:56.007 b303 Reusing MANIFEST /Users/saahilvashishta/Documents/GitHub/project-team-5/Users/saahilvashishta/Library/Application Support/Google/Chrome/Default/Default/Sync Data/LevelDB/MANIFEST-000001
+2023/10/01-17:07:56.008 b303 Recovering log #3
+2023/10/01-17:07:56.008 b303 Reusing old log /Users/saahilvashishta/Documents/GitHub/project-team-5/Users/saahilvashishta/Library/Application Support/Google/Chrome/Default/Default/Sync Data/LevelDB/000003.log 
diff --git a/Users/saahilvashishta/Library/Application Support/Google/Chrome/Default/Default/Sync Data/LevelDB/MANIFEST-000001 b/Users/saahilvashishta/Library/Application Support/Google/Chrome/Default/Default/Sync Data/LevelDB/MANIFEST-000001
new file mode 100644
index 00000000..18e5cab7
Binary files /dev/null and b/Users/saahilvashishta/Library/Application Support/Google/Chrome/Default/Default/Sync Data/LevelDB/MANIFEST-000001 differ
diff --git a/Users/saahilvashishta/Library/Application Support/Google/Chrome/Default/Default/Top Sites b/Users/saahilvashishta/Library/Application Support/Google/Chrome/Default/Default/Top Sites
new file mode 100644
index 00000000..ca0b6c63
Binary files /dev/null and b/Users/saahilvashishta/Library/Application Support/Google/Chrome/Default/Default/Top Sites differ
diff --git a/Users/saahilvashishta/Library/Application Support/Google/Chrome/Default/Default/Top Sites-journal b/Users/saahilvashishta/Library/Application Support/Google/Chrome/Default/Default/Top Sites-journal
new file mode 100644
index 00000000..e69de29b
diff --git a/Users/saahilvashishta/Library/Application Support/Google/Chrome/Default/Default/TransportSecurity b/Users/saahilvashishta/Library/Application Support/Google/Chrome/Default/Default/TransportSecurity
new file mode 100644
index 00000000..c5fb062d
--- /dev/null
+++ b/Users/saahilvashishta/Library/Application Support/Google/Chrome/Default/Default/TransportSecurity	
@@ -0,0 +1 @@
+{"sts":[{"expiry":1727741170.078368,"host":"M4bfUnCmQAi4PNb3B8aI/2+SVJhHKsMfMMT7fzi6ij4=","mode":"force-https","sts_include_subdomains":true,"sts_observed":1696205170.078371},{"expiry":1707091569.959975,"host":"fJjUrPqhktMfiTHJX3Q0pJi/P12Q72DBgzzJqjlNC4o=","mode":"force-https","sts_include_subdomains":true,"sts_observed":1696205169.959977},{"expiry":1727741170.098493,"host":"kYxWDeIDVgesBS02XkmPRTIpB0nkimBvKZESXctn8eA=","mode":"force-https","sts_include_subdomains":false,"sts_observed":1696205170.098495},{"expiry":1727741169.977399,"host":"nAuqgR4iEWti7SOdT3UHPl6rmZU/DeaIm38P2O2OkgA=","mode":"force-https","sts_include_subdomains":false,"sts_observed":1696205169.977401},{"expiry":1707091570.524935,"host":"2lkpJCeDA/iPFazSWca3N4hZCz/cVnuSdphlO2veD4Q=","mode":"force-https","sts_include_subdomains":true,"sts_observed":1696205170.524939},{"expiry":1727741423.993641,"host":"5EdUoB7YUY9zZV+2DkgVXgho8WUvp+D+6KpeUOhNQIM=","mode":"force-https","sts_include_subdomains":false,"sts_observed":1696205423.993643},{"expiry":1727741427.016148,"host":"8/RrMmQlCD2Gsp14wUCE1P8r7B2C5+yE0+g79IPyRsc=","mode":"force-https","sts_include_subdomains":true,"sts_observed":1696205427.01615},{"expiry":1727741170.642138,"host":"+HcsszjybdhdAutIh299C6RJUrHwSWYGvfH6HyUU5SU=","mode":"force-https","sts_include_subdomains":true,"sts_observed":1696205170.642142}],"version":2}
\ No newline at end of file
diff --git a/Users/saahilvashishta/Library/Application Support/Google/Chrome/Default/Default/Trust Tokens b/Users/saahilvashishta/Library/Application Support/Google/Chrome/Default/Default/Trust Tokens
new file mode 100644
index 00000000..749cd5bf
Binary files /dev/null and b/Users/saahilvashishta/Library/Application Support/Google/Chrome/Default/Default/Trust Tokens differ
diff --git a/Users/saahilvashishta/Library/Application Support/Google/Chrome/Default/Default/Trust Tokens-journal b/Users/saahilvashishta/Library/Application Support/Google/Chrome/Default/Default/Trust Tokens-journal
new file mode 100644
index 00000000..e69de29b
diff --git a/Users/saahilvashishta/Library/Application Support/Google/Chrome/Default/Default/Visited Links b/Users/saahilvashishta/Library/Application Support/Google/Chrome/Default/Default/Visited Links
new file mode 100644
index 00000000..cba60e35
Binary files /dev/null and b/Users/saahilvashishta/Library/Application Support/Google/Chrome/Default/Default/Visited Links differ
diff --git a/Users/saahilvashishta/Library/Application Support/Google/Chrome/Default/Default/Web Data b/Users/saahilvashishta/Library/Application Support/Google/Chrome/Default/Default/Web Data
new file mode 100644
index 00000000..20ae8aff
Binary files /dev/null and b/Users/saahilvashishta/Library/Application Support/Google/Chrome/Default/Default/Web Data differ
diff --git a/Users/saahilvashishta/Library/Application Support/Google/Chrome/Default/Default/Web Data-journal b/Users/saahilvashishta/Library/Application Support/Google/Chrome/Default/Default/Web Data-journal
new file mode 100644
index 00000000..e69de29b
diff --git a/Users/saahilvashishta/Library/Application Support/Google/Chrome/Default/Default/WebStorage/QuotaManager b/Users/saahilvashishta/Library/Application Support/Google/Chrome/Default/Default/WebStorage/QuotaManager
new file mode 100644
index 00000000..f295aa5c
Binary files /dev/null and b/Users/saahilvashishta/Library/Application Support/Google/Chrome/Default/Default/WebStorage/QuotaManager differ
diff --git a/Users/saahilvashishta/Library/Application Support/Google/Chrome/Default/Default/WebStorage/QuotaManager-journal b/Users/saahilvashishta/Library/Application Support/Google/Chrome/Default/Default/WebStorage/QuotaManager-journal
new file mode 100644
index 00000000..e69de29b
diff --git a/Users/saahilvashishta/Library/Application Support/Google/Chrome/Default/Default/commerce_subscription_db/LOCK b/Users/saahilvashishta/Library/Application Support/Google/Chrome/Default/Default/commerce_subscription_db/LOCK
new file mode 100644
index 00000000..e69de29b
diff --git a/Users/saahilvashishta/Library/Application Support/Google/Chrome/Default/Default/commerce_subscription_db/LOG b/Users/saahilvashishta/Library/Application Support/Google/Chrome/Default/Default/commerce_subscription_db/LOG
new file mode 100644
index 00000000..e69de29b
diff --git a/Users/saahilvashishta/Library/Application Support/Google/Chrome/Default/Default/commerce_subscription_db/LOG.old b/Users/saahilvashishta/Library/Application Support/Google/Chrome/Default/Default/commerce_subscription_db/LOG.old
new file mode 100644
index 00000000..e69de29b
diff --git a/Users/saahilvashishta/Library/Application Support/Google/Chrome/Default/Default/coupon_db/LOCK b/Users/saahilvashishta/Library/Application Support/Google/Chrome/Default/Default/coupon_db/LOCK
new file mode 100644
index 00000000..e69de29b
diff --git a/Users/saahilvashishta/Library/Application Support/Google/Chrome/Default/Default/coupon_db/LOG b/Users/saahilvashishta/Library/Application Support/Google/Chrome/Default/Default/coupon_db/LOG
new file mode 100644
index 00000000..e69de29b
diff --git a/Users/saahilvashishta/Library/Application Support/Google/Chrome/Default/Default/coupon_db/LOG.old b/Users/saahilvashishta/Library/Application Support/Google/Chrome/Default/Default/coupon_db/LOG.old
new file mode 100644
index 00000000..e69de29b
diff --git a/Users/saahilvashishta/Library/Application Support/Google/Chrome/Default/Default/databases/Databases.db b/Users/saahilvashishta/Library/Application Support/Google/Chrome/Default/Default/databases/Databases.db
new file mode 100644
index 00000000..e477688e
Binary files /dev/null and b/Users/saahilvashishta/Library/Application Support/Google/Chrome/Default/Default/databases/Databases.db differ
diff --git a/Users/saahilvashishta/Library/Application Support/Google/Chrome/Default/Default/databases/Databases.db-journal b/Users/saahilvashishta/Library/Application Support/Google/Chrome/Default/Default/databases/Databases.db-journal
new file mode 100644
index 00000000..e69de29b
diff --git a/Users/saahilvashishta/Library/Application Support/Google/Chrome/Default/Default/heavy_ad_intervention_opt_out.db b/Users/saahilvashishta/Library/Application Support/Google/Chrome/Default/Default/heavy_ad_intervention_opt_out.db
new file mode 100644
index 00000000..2d1088fd
Binary files /dev/null and b/Users/saahilvashishta/Library/Application Support/Google/Chrome/Default/Default/heavy_ad_intervention_opt_out.db differ
diff --git a/Users/saahilvashishta/Library/Application Support/Google/Chrome/Default/Default/heavy_ad_intervention_opt_out.db-journal b/Users/saahilvashishta/Library/Application Support/Google/Chrome/Default/Default/heavy_ad_intervention_opt_out.db-journal
new file mode 100644
index 00000000..e69de29b
diff --git a/Users/saahilvashishta/Library/Application Support/Google/Chrome/Default/Default/optimization_guide_hint_cache_store/LOCK b/Users/saahilvashishta/Library/Application Support/Google/Chrome/Default/Default/optimization_guide_hint_cache_store/LOCK
new file mode 100644
index 00000000..e69de29b
diff --git a/Users/saahilvashishta/Library/Application Support/Google/Chrome/Default/Default/optimization_guide_hint_cache_store/LOG b/Users/saahilvashishta/Library/Application Support/Google/Chrome/Default/Default/optimization_guide_hint_cache_store/LOG
new file mode 100644
index 00000000..e69de29b
diff --git a/Users/saahilvashishta/Library/Application Support/Google/Chrome/Default/Default/optimization_guide_hint_cache_store/LOG.old b/Users/saahilvashishta/Library/Application Support/Google/Chrome/Default/Default/optimization_guide_hint_cache_store/LOG.old
new file mode 100644
index 00000000..e69de29b
diff --git a/Users/saahilvashishta/Library/Application Support/Google/Chrome/Default/Default/optimization_guide_model_metadata_store/LOCK b/Users/saahilvashishta/Library/Application Support/Google/Chrome/Default/Default/optimization_guide_model_metadata_store/LOCK
new file mode 100644
index 00000000..e69de29b
diff --git a/Users/saahilvashishta/Library/Application Support/Google/Chrome/Default/Default/optimization_guide_model_metadata_store/LOG b/Users/saahilvashishta/Library/Application Support/Google/Chrome/Default/Default/optimization_guide_model_metadata_store/LOG
new file mode 100644
index 00000000..e69de29b
diff --git a/Users/saahilvashishta/Library/Application Support/Google/Chrome/Default/Default/optimization_guide_model_metadata_store/LOG.old b/Users/saahilvashishta/Library/Application Support/Google/Chrome/Default/Default/optimization_guide_model_metadata_store/LOG.old
new file mode 100644
index 00000000..e69de29b
diff --git a/Users/saahilvashishta/Library/Application Support/Google/Chrome/Default/Default/optimization_guide_prediction_model_downloads/193aadbc-b9a0-4850-97a1-da9c49ba0a3b/model-info.pb b/Users/saahilvashishta/Library/Application Support/Google/Chrome/Default/Default/optimization_guide_prediction_model_downloads/193aadbc-b9a0-4850-97a1-da9c49ba0a3b/model-info.pb
new file mode 100644
index 00000000..c78e4b61
--- /dev/null
+++ b/Users/saahilvashishta/Library/Application Support/Google/Chrome/Default/Default/optimization_guide_prediction_model_downloads/193aadbc-b9a0-4850-97a1-da9c49ba0a3b/model-info.pb	
@@ -0,0 +1 @@
+ñéœž"
\ No newline at end of file
diff --git a/Users/saahilvashishta/Library/Application Support/Google/Chrome/Default/Default/optimization_guide_prediction_model_downloads/193aadbc-b9a0-4850-97a1-da9c49ba0a3b/model.tflite b/Users/saahilvashishta/Library/Application Support/Google/Chrome/Default/Default/optimization_guide_prediction_model_downloads/193aadbc-b9a0-4850-97a1-da9c49ba0a3b/model.tflite
new file mode 100644
index 00000000..b4290ff5
Binary files /dev/null and b/Users/saahilvashishta/Library/Application Support/Google/Chrome/Default/Default/optimization_guide_prediction_model_downloads/193aadbc-b9a0-4850-97a1-da9c49ba0a3b/model.tflite differ
diff --git a/Users/saahilvashishta/Library/Application Support/Google/Chrome/Default/Default/optimization_guide_prediction_model_downloads/2a5bf581-f766-4edb-bd08-fb6bf68a900a/model-info.pb b/Users/saahilvashishta/Library/Application Support/Google/Chrome/Default/Default/optimization_guide_prediction_model_downloads/2a5bf581-f766-4edb-bd08-fb6bf68a900a/model-info.pb
new file mode 100644
index 00000000..64880340
Binary files /dev/null and b/Users/saahilvashishta/Library/Application Support/Google/Chrome/Default/Default/optimization_guide_prediction_model_downloads/2a5bf581-f766-4edb-bd08-fb6bf68a900a/model-info.pb differ
diff --git a/Users/saahilvashishta/Library/Application Support/Google/Chrome/Default/Default/optimization_guide_prediction_model_downloads/2a5bf581-f766-4edb-bd08-fb6bf68a900a/model.tflite b/Users/saahilvashishta/Library/Application Support/Google/Chrome/Default/Default/optimization_guide_prediction_model_downloads/2a5bf581-f766-4edb-bd08-fb6bf68a900a/model.tflite
new file mode 100644
index 00000000..da65f092
Binary files /dev/null and b/Users/saahilvashishta/Library/Application Support/Google/Chrome/Default/Default/optimization_guide_prediction_model_downloads/2a5bf581-f766-4edb-bd08-fb6bf68a900a/model.tflite differ
diff --git a/Users/saahilvashishta/Library/Application Support/Google/Chrome/Default/Default/optimization_guide_prediction_model_downloads/8b123dcb-f33e-4836-b6f8-29c79eba6345/model-info.pb b/Users/saahilvashishta/Library/Application Support/Google/Chrome/Default/Default/optimization_guide_prediction_model_downloads/8b123dcb-f33e-4836-b6f8-29c79eba6345/model-info.pb
new file mode 100644
index 00000000..84bf0877
Binary files /dev/null and b/Users/saahilvashishta/Library/Application Support/Google/Chrome/Default/Default/optimization_guide_prediction_model_downloads/8b123dcb-f33e-4836-b6f8-29c79eba6345/model-info.pb differ
diff --git a/Users/saahilvashishta/Library/Application Support/Google/Chrome/Default/Default/optimization_guide_prediction_model_downloads/8b123dcb-f33e-4836-b6f8-29c79eba6345/model.tflite b/Users/saahilvashishta/Library/Application Support/Google/Chrome/Default/Default/optimization_guide_prediction_model_downloads/8b123dcb-f33e-4836-b6f8-29c79eba6345/model.tflite
new file mode 100644
index 00000000..61b17bec
Binary files /dev/null and b/Users/saahilvashishta/Library/Application Support/Google/Chrome/Default/Default/optimization_guide_prediction_model_downloads/8b123dcb-f33e-4836-b6f8-29c79eba6345/model.tflite differ
diff --git a/Users/saahilvashishta/Library/Application Support/Google/Chrome/Default/Default/optimization_guide_prediction_model_downloads/bc55228e-03ba-424e-848d-ae42ada9c796/model-info.pb b/Users/saahilvashishta/Library/Application Support/Google/Chrome/Default/Default/optimization_guide_prediction_model_downloads/bc55228e-03ba-424e-848d-ae42ada9c796/model-info.pb
new file mode 100644
index 00000000..bb0867d9
--- /dev/null
+++ b/Users/saahilvashishta/Library/Application Support/Google/Chrome/Default/Default/optimization_guide_prediction_model_downloads/bc55228e-03ba-424e-848d-ae42ada9c796/model-info.pb	
@@ -0,0 +1 @@
+Æ²á "H
\ No newline at end of file
diff --git a/Users/saahilvashishta/Library/Application Support/Google/Chrome/Default/Default/optimization_guide_prediction_model_downloads/bc55228e-03ba-424e-848d-ae42ada9c796/model.tflite b/Users/saahilvashishta/Library/Application Support/Google/Chrome/Default/Default/optimization_guide_prediction_model_downloads/bc55228e-03ba-424e-848d-ae42ada9c796/model.tflite
new file mode 100644
index 00000000..bb89e35c
Binary files /dev/null and b/Users/saahilvashishta/Library/Application Support/Google/Chrome/Default/Default/optimization_guide_prediction_model_downloads/bc55228e-03ba-424e-848d-ae42ada9c796/model.tflite differ
diff --git a/Users/saahilvashishta/Library/Application Support/Google/Chrome/Default/Default/optimization_guide_prediction_model_downloads/e9c46748-0b4d-42e0-b99b-66a51087e584/global-entities_metadata b/Users/saahilvashishta/Library/Application Support/Google/Chrome/Default/Default/optimization_guide_prediction_model_downloads/e9c46748-0b4d-42e0-b99b-66a51087e584/global-entities_metadata
new file mode 100644
index 00000000..20c0561e
Binary files /dev/null and b/Users/saahilvashishta/Library/Application Support/Google/Chrome/Default/Default/optimization_guide_prediction_model_downloads/e9c46748-0b4d-42e0-b99b-66a51087e584/global-entities_metadata differ
diff --git a/Users/saahilvashishta/Library/Application Support/Google/Chrome/Default/Default/optimization_guide_prediction_model_downloads/e9c46748-0b4d-42e0-b99b-66a51087e584/global-entities_names b/Users/saahilvashishta/Library/Application Support/Google/Chrome/Default/Default/optimization_guide_prediction_model_downloads/e9c46748-0b4d-42e0-b99b-66a51087e584/global-entities_names
new file mode 100644
index 00000000..bac775ec
Binary files /dev/null and b/Users/saahilvashishta/Library/Application Support/Google/Chrome/Default/Default/optimization_guide_prediction_model_downloads/e9c46748-0b4d-42e0-b99b-66a51087e584/global-entities_names differ
diff --git a/Users/saahilvashishta/Library/Application Support/Google/Chrome/Default/Default/optimization_guide_prediction_model_downloads/e9c46748-0b4d-42e0-b99b-66a51087e584/global-entities_names_filter b/Users/saahilvashishta/Library/Application Support/Google/Chrome/Default/Default/optimization_guide_prediction_model_downloads/e9c46748-0b4d-42e0-b99b-66a51087e584/global-entities_names_filter
new file mode 100644
index 00000000..0464d1b1
Binary files /dev/null and b/Users/saahilvashishta/Library/Application Support/Google/Chrome/Default/Default/optimization_guide_prediction_model_downloads/e9c46748-0b4d-42e0-b99b-66a51087e584/global-entities_names_filter differ
diff --git a/Users/saahilvashishta/Library/Application Support/Google/Chrome/Default/Default/optimization_guide_prediction_model_downloads/e9c46748-0b4d-42e0-b99b-66a51087e584/global-entities_prefixes_filter b/Users/saahilvashishta/Library/Application Support/Google/Chrome/Default/Default/optimization_guide_prediction_model_downloads/e9c46748-0b4d-42e0-b99b-66a51087e584/global-entities_prefixes_filter
new file mode 100644
index 00000000..4a4fce2b
Binary files /dev/null and b/Users/saahilvashishta/Library/Application Support/Google/Chrome/Default/Default/optimization_guide_prediction_model_downloads/e9c46748-0b4d-42e0-b99b-66a51087e584/global-entities_prefixes_filter differ
diff --git a/Users/saahilvashishta/Library/Application Support/Google/Chrome/Default/Default/optimization_guide_prediction_model_downloads/e9c46748-0b4d-42e0-b99b-66a51087e584/model-info.pb b/Users/saahilvashishta/Library/Application Support/Google/Chrome/Default/Default/optimization_guide_prediction_model_downloads/e9c46748-0b4d-42e0-b99b-66a51087e584/model-info.pb
new file mode 100644
index 00000000..00bf794b
--- /dev/null
+++ b/Users/saahilvashishta/Library/Application Support/Google/Chrome/Default/Default/optimization_guide_prediction_model_downloads/e9c46748-0b4d-42e0-b99b-66a51087e584/model-info.pb	
@@ -0,0 +1,10 @@
+ÝÛ¡¨"2g
+Ytype.googleapis.com/google.internal.chrome.optimizationguide.v1.PageEntitiesModelMetadata
+
+global:
+word_embeddings:
+model_metadata.pb:
+global-entities_names:
+global-entities_names_filter:!
+global-entities_prefixes_filter:
+global-entities_metadata
\ No newline at end of file
diff --git a/Users/saahilvashishta/Library/Application Support/Google/Chrome/Default/Default/optimization_guide_prediction_model_downloads/e9c46748-0b4d-42e0-b99b-66a51087e584/model.tflite b/Users/saahilvashishta/Library/Application Support/Google/Chrome/Default/Default/optimization_guide_prediction_model_downloads/e9c46748-0b4d-42e0-b99b-66a51087e584/model.tflite
new file mode 100644
index 00000000..524728cd
Binary files /dev/null and b/Users/saahilvashishta/Library/Application Support/Google/Chrome/Default/Default/optimization_guide_prediction_model_downloads/e9c46748-0b4d-42e0-b99b-66a51087e584/model.tflite differ
diff --git a/Users/saahilvashishta/Library/Application Support/Google/Chrome/Default/Default/optimization_guide_prediction_model_downloads/e9c46748-0b4d-42e0-b99b-66a51087e584/model_metadata.pb b/Users/saahilvashishta/Library/Application Support/Google/Chrome/Default/Default/optimization_guide_prediction_model_downloads/e9c46748-0b4d-42e0-b99b-66a51087e584/model_metadata.pb
new file mode 100644
index 00000000..4cec46d4
Binary files /dev/null and b/Users/saahilvashishta/Library/Application Support/Google/Chrome/Default/Default/optimization_guide_prediction_model_downloads/e9c46748-0b4d-42e0-b99b-66a51087e584/model_metadata.pb differ
diff --git a/Users/saahilvashishta/Library/Application Support/Google/Chrome/Default/Default/optimization_guide_prediction_model_downloads/e9c46748-0b4d-42e0-b99b-66a51087e584/word_embeddings b/Users/saahilvashishta/Library/Application Support/Google/Chrome/Default/Default/optimization_guide_prediction_model_downloads/e9c46748-0b4d-42e0-b99b-66a51087e584/word_embeddings
new file mode 100644
index 00000000..f24ddc6c
Binary files /dev/null and b/Users/saahilvashishta/Library/Application Support/Google/Chrome/Default/Default/optimization_guide_prediction_model_downloads/e9c46748-0b4d-42e0-b99b-66a51087e584/word_embeddings differ
diff --git a/Users/saahilvashishta/Library/Application Support/Google/Chrome/Default/Default/shared_proto_db/000003.log b/Users/saahilvashishta/Library/Application Support/Google/Chrome/Default/Default/shared_proto_db/000003.log
new file mode 100644
index 00000000..923c88bc
Binary files /dev/null and b/Users/saahilvashishta/Library/Application Support/Google/Chrome/Default/Default/shared_proto_db/000003.log differ
diff --git a/Users/saahilvashishta/Library/Application Support/Google/Chrome/Default/Default/shared_proto_db/CURRENT b/Users/saahilvashishta/Library/Application Support/Google/Chrome/Default/Default/shared_proto_db/CURRENT
new file mode 100644
index 00000000..7ed683d1
--- /dev/null
+++ b/Users/saahilvashishta/Library/Application Support/Google/Chrome/Default/Default/shared_proto_db/CURRENT	
@@ -0,0 +1 @@
+MANIFEST-000001
diff --git a/Users/saahilvashishta/Library/Application Support/Google/Chrome/Default/Default/shared_proto_db/LOCK b/Users/saahilvashishta/Library/Application Support/Google/Chrome/Default/Default/shared_proto_db/LOCK
new file mode 100644
index 00000000..e69de29b
diff --git a/Users/saahilvashishta/Library/Application Support/Google/Chrome/Default/Default/shared_proto_db/LOG b/Users/saahilvashishta/Library/Application Support/Google/Chrome/Default/Default/shared_proto_db/LOG
new file mode 100644
index 00000000..df6ef8ae
--- /dev/null
+++ b/Users/saahilvashishta/Library/Application Support/Google/Chrome/Default/Default/shared_proto_db/LOG	
@@ -0,0 +1,3 @@
+2023/10/01-17:10:23.792 8407 Reusing MANIFEST /Users/saahilvashishta/Documents/GitHub/project-team-5/Users/saahilvashishta/Library/Application Support/Google/Chrome/Default/Default/shared_proto_db/MANIFEST-000001
+2023/10/01-17:10:23.792 8407 Recovering log #3
+2023/10/01-17:10:23.793 8407 Reusing old log /Users/saahilvashishta/Documents/GitHub/project-team-5/Users/saahilvashishta/Library/Application Support/Google/Chrome/Default/Default/shared_proto_db/000003.log 
diff --git a/Users/saahilvashishta/Library/Application Support/Google/Chrome/Default/Default/shared_proto_db/LOG.old b/Users/saahilvashishta/Library/Application Support/Google/Chrome/Default/Default/shared_proto_db/LOG.old
new file mode 100644
index 00000000..9a2303ec
--- /dev/null
+++ b/Users/saahilvashishta/Library/Application Support/Google/Chrome/Default/Default/shared_proto_db/LOG.old	
@@ -0,0 +1,3 @@
+2023/10/01-17:07:56.360 8603 Reusing MANIFEST /Users/saahilvashishta/Documents/GitHub/project-team-5/Users/saahilvashishta/Library/Application Support/Google/Chrome/Default/Default/shared_proto_db/MANIFEST-000001
+2023/10/01-17:07:56.360 8603 Recovering log #3
+2023/10/01-17:07:56.361 8603 Reusing old log /Users/saahilvashishta/Documents/GitHub/project-team-5/Users/saahilvashishta/Library/Application Support/Google/Chrome/Default/Default/shared_proto_db/000003.log 
diff --git a/Users/saahilvashishta/Library/Application Support/Google/Chrome/Default/Default/shared_proto_db/MANIFEST-000001 b/Users/saahilvashishta/Library/Application Support/Google/Chrome/Default/Default/shared_proto_db/MANIFEST-000001
new file mode 100644
index 00000000..18e5cab7
Binary files /dev/null and b/Users/saahilvashishta/Library/Application Support/Google/Chrome/Default/Default/shared_proto_db/MANIFEST-000001 differ
diff --git a/Users/saahilvashishta/Library/Application Support/Google/Chrome/Default/Default/shared_proto_db/metadata/000003.log b/Users/saahilvashishta/Library/Application Support/Google/Chrome/Default/Default/shared_proto_db/metadata/000003.log
new file mode 100644
index 00000000..93ad713e
Binary files /dev/null and b/Users/saahilvashishta/Library/Application Support/Google/Chrome/Default/Default/shared_proto_db/metadata/000003.log differ
diff --git a/Users/saahilvashishta/Library/Application Support/Google/Chrome/Default/Default/shared_proto_db/metadata/CURRENT b/Users/saahilvashishta/Library/Application Support/Google/Chrome/Default/Default/shared_proto_db/metadata/CURRENT
new file mode 100644
index 00000000..7ed683d1
--- /dev/null
+++ b/Users/saahilvashishta/Library/Application Support/Google/Chrome/Default/Default/shared_proto_db/metadata/CURRENT	
@@ -0,0 +1 @@
+MANIFEST-000001
diff --git a/Users/saahilvashishta/Library/Application Support/Google/Chrome/Default/Default/shared_proto_db/metadata/LOCK b/Users/saahilvashishta/Library/Application Support/Google/Chrome/Default/Default/shared_proto_db/metadata/LOCK
new file mode 100644
index 00000000..e69de29b
diff --git a/Users/saahilvashishta/Library/Application Support/Google/Chrome/Default/Default/shared_proto_db/metadata/LOG b/Users/saahilvashishta/Library/Application Support/Google/Chrome/Default/Default/shared_proto_db/metadata/LOG
new file mode 100644
index 00000000..c012dc2e
--- /dev/null
+++ b/Users/saahilvashishta/Library/Application Support/Google/Chrome/Default/Default/shared_proto_db/metadata/LOG	
@@ -0,0 +1,3 @@
+2023/10/01-17:10:23.789 8407 Reusing MANIFEST /Users/saahilvashishta/Documents/GitHub/project-team-5/Users/saahilvashishta/Library/Application Support/Google/Chrome/Default/Default/shared_proto_db/metadata/MANIFEST-000001
+2023/10/01-17:10:23.790 8407 Recovering log #3
+2023/10/01-17:10:23.790 8407 Reusing old log /Users/saahilvashishta/Documents/GitHub/project-team-5/Users/saahilvashishta/Library/Application Support/Google/Chrome/Default/Default/shared_proto_db/metadata/000003.log 
diff --git a/Users/saahilvashishta/Library/Application Support/Google/Chrome/Default/Default/shared_proto_db/metadata/LOG.old b/Users/saahilvashishta/Library/Application Support/Google/Chrome/Default/Default/shared_proto_db/metadata/LOG.old
new file mode 100644
index 00000000..958f23aa
--- /dev/null
+++ b/Users/saahilvashishta/Library/Application Support/Google/Chrome/Default/Default/shared_proto_db/metadata/LOG.old	
@@ -0,0 +1,3 @@
+2023/10/01-17:07:56.359 8603 Reusing MANIFEST /Users/saahilvashishta/Documents/GitHub/project-team-5/Users/saahilvashishta/Library/Application Support/Google/Chrome/Default/Default/shared_proto_db/metadata/MANIFEST-000001
+2023/10/01-17:07:56.359 8603 Recovering log #3
+2023/10/01-17:07:56.359 8603 Reusing old log /Users/saahilvashishta/Documents/GitHub/project-team-5/Users/saahilvashishta/Library/Application Support/Google/Chrome/Default/Default/shared_proto_db/metadata/000003.log 
diff --git a/Users/saahilvashishta/Library/Application Support/Google/Chrome/Default/Default/shared_proto_db/metadata/MANIFEST-000001 b/Users/saahilvashishta/Library/Application Support/Google/Chrome/Default/Default/shared_proto_db/metadata/MANIFEST-000001
new file mode 100644
index 00000000..18e5cab7
Binary files /dev/null and b/Users/saahilvashishta/Library/Application Support/Google/Chrome/Default/Default/shared_proto_db/metadata/MANIFEST-000001 differ
diff --git a/Users/saahilvashishta/Library/Application Support/Google/Chrome/Default/Default/trusted_vault.pb b/Users/saahilvashishta/Library/Application Support/Google/Chrome/Default/Default/trusted_vault.pb
new file mode 100644
index 00000000..743e7b00
--- /dev/null
+++ b/Users/saahilvashishta/Library/Application Support/Google/Chrome/Default/Default/trusted_vault.pb	
@@ -0,0 +1,2 @@
+
+ 2a68348c2ca0c50ad315d43d90f5a986
\ No newline at end of file
diff --git a/Users/saahilvashishta/Library/Application Support/Google/Chrome/Default/DevToolsActivePort b/Users/saahilvashishta/Library/Application Support/Google/Chrome/Default/DevToolsActivePort
new file mode 100644
index 00000000..c8c18336
--- /dev/null
+++ b/Users/saahilvashishta/Library/Application Support/Google/Chrome/Default/DevToolsActivePort	
@@ -0,0 +1,2 @@
+50385
+/devtools/browser/22754b0b-5e0c-4135-b5ec-bf5f0fe0d87b
\ No newline at end of file
diff --git a/Users/saahilvashishta/Library/Application Support/Google/Chrome/Default/First Run b/Users/saahilvashishta/Library/Application Support/Google/Chrome/Default/First Run
new file mode 100644
index 00000000..e69de29b
diff --git a/Users/saahilvashishta/Library/Application Support/Google/Chrome/Default/GrShaderCache/data_0 b/Users/saahilvashishta/Library/Application Support/Google/Chrome/Default/GrShaderCache/data_0
new file mode 100644
index 00000000..9838abf4
Binary files /dev/null and b/Users/saahilvashishta/Library/Application Support/Google/Chrome/Default/GrShaderCache/data_0 differ
diff --git a/Users/saahilvashishta/Library/Application Support/Google/Chrome/Default/GrShaderCache/data_1 b/Users/saahilvashishta/Library/Application Support/Google/Chrome/Default/GrShaderCache/data_1
new file mode 100644
index 00000000..1b904c9c
Binary files /dev/null and b/Users/saahilvashishta/Library/Application Support/Google/Chrome/Default/GrShaderCache/data_1 differ
diff --git a/Users/saahilvashishta/Library/Application Support/Google/Chrome/Default/GrShaderCache/data_2 b/Users/saahilvashishta/Library/Application Support/Google/Chrome/Default/GrShaderCache/data_2
new file mode 100644
index 00000000..d06e2fc3
Binary files /dev/null and b/Users/saahilvashishta/Library/Application Support/Google/Chrome/Default/GrShaderCache/data_2 differ
diff --git a/Users/saahilvashishta/Library/Application Support/Google/Chrome/Default/GrShaderCache/data_3 b/Users/saahilvashishta/Library/Application Support/Google/Chrome/Default/GrShaderCache/data_3
new file mode 100644
index 00000000..6624c835
Binary files /dev/null and b/Users/saahilvashishta/Library/Application Support/Google/Chrome/Default/GrShaderCache/data_3 differ
diff --git a/Users/saahilvashishta/Library/Application Support/Google/Chrome/Default/GrShaderCache/index b/Users/saahilvashishta/Library/Application Support/Google/Chrome/Default/GrShaderCache/index
new file mode 100644
index 00000000..82ed84b3
Binary files /dev/null and b/Users/saahilvashishta/Library/Application Support/Google/Chrome/Default/GrShaderCache/index differ
diff --git a/Users/saahilvashishta/Library/Application Support/Google/Chrome/Default/GraphiteDawnCache/data_0 b/Users/saahilvashishta/Library/Application Support/Google/Chrome/Default/GraphiteDawnCache/data_0
new file mode 100644
index 00000000..d76fb77e
Binary files /dev/null and b/Users/saahilvashishta/Library/Application Support/Google/Chrome/Default/GraphiteDawnCache/data_0 differ
diff --git a/Users/saahilvashishta/Library/Application Support/Google/Chrome/Default/GraphiteDawnCache/data_1 b/Users/saahilvashishta/Library/Application Support/Google/Chrome/Default/GraphiteDawnCache/data_1
new file mode 100644
index 00000000..dcaafa97
Binary files /dev/null and b/Users/saahilvashishta/Library/Application Support/Google/Chrome/Default/GraphiteDawnCache/data_1 differ
diff --git a/Users/saahilvashishta/Library/Application Support/Google/Chrome/Default/GraphiteDawnCache/data_2 b/Users/saahilvashishta/Library/Application Support/Google/Chrome/Default/GraphiteDawnCache/data_2
new file mode 100644
index 00000000..c7e2eb9a
Binary files /dev/null and b/Users/saahilvashishta/Library/Application Support/Google/Chrome/Default/GraphiteDawnCache/data_2 differ
diff --git a/Users/saahilvashishta/Library/Application Support/Google/Chrome/Default/GraphiteDawnCache/data_3 b/Users/saahilvashishta/Library/Application Support/Google/Chrome/Default/GraphiteDawnCache/data_3
new file mode 100644
index 00000000..5eec9735
Binary files /dev/null and b/Users/saahilvashishta/Library/Application Support/Google/Chrome/Default/GraphiteDawnCache/data_3 differ
diff --git a/Users/saahilvashishta/Library/Application Support/Google/Chrome/Default/GraphiteDawnCache/index b/Users/saahilvashishta/Library/Application Support/Google/Chrome/Default/GraphiteDawnCache/index
new file mode 100644
index 00000000..c0021715
Binary files /dev/null and b/Users/saahilvashishta/Library/Application Support/Google/Chrome/Default/GraphiteDawnCache/index differ
diff --git a/Users/saahilvashishta/Library/Application Support/Google/Chrome/Default/Last Version b/Users/saahilvashishta/Library/Application Support/Google/Chrome/Default/Last Version
new file mode 100644
index 00000000..25a6d352
--- /dev/null
+++ b/Users/saahilvashishta/Library/Application Support/Google/Chrome/Default/Last Version	
@@ -0,0 +1 @@
+117.0.5938.92
\ No newline at end of file
diff --git a/Users/saahilvashishta/Library/Application Support/Google/Chrome/Default/Local State b/Users/saahilvashishta/Library/Application Support/Google/Chrome/Default/Local State
new file mode 100644
index 00000000..abca739c
--- /dev/null
+++ b/Users/saahilvashishta/Library/Application Support/Google/Chrome/Default/Local State	
@@ -0,0 +1 @@
+{"background_mode":{"enabled":false},"hardware_acceleration_mode_previous":true,"legacy":{"profile":{"name":{"migrated":true}}},"management":{"platform":{"enterprise_mdm_mac":0}},"policy":{"last_statistics_update":"13340678757167532"},"profile":{"info_cache":{"Default":{"active_time":1696205157.274858,"avatar_icon":"chrome://theme/IDR_PROFILE_AVATAR_26","background_apps":false,"force_signin_profile_locked":false,"gaia_given_name":"","gaia_id":"","gaia_name":"","hosted_domain":"","is_consented_primary_account":false,"is_ephemeral":false,"is_using_default_avatar":true,"is_using_default_name":true,"managed_user_id":"","metrics_bucket_index":1,"name":"Person 1","signin.with_credential_provider":false,"user_name":""}},"last_active_profiles":["Default"],"metrics":{"next_bucket_index":2},"profile_counts_reported":"13340678757172312","profiles_order":["Default"]},"profile_network_context_service":{"http_cache_finch_experiment_groups":"None None None None"},"session_id_generator_last_value":"1897534781","ssl":{"rev_checking":{"enabled":false}},"subresource_filter":{"ruleset_version":{"checksum":0,"content":"","format":0}},"tab_stats":{"discards_external":0,"discards_proactive":0,"discards_urgent":0,"last_daily_sample":"13340678757156869","max_tabs_per_window":2,"reloads_external":0,"reloads_proactive":0,"reloads_urgent":0,"total_tab_count_max":3,"window_count_max":3},"ukm":{"persisted_logs":[]},"uninstall_metrics":{"installation_date2":"1696205157"},"user_experience_metrics":{"low_entropy_source3":4685,"machine_id":1245258,"provisional_client_id":"2461da53-25e5-43dd-b963-8f619a779dc2","pseudo_low_entropy_source":5077,"session_id":3,"stability":{"browser_last_live_timestamp":"13340679028837174","exited_cleanly":true,"stats_buildtime":"1695241658","stats_version":"117.0.5938.92-64"}},"variations_google_groups":{"Default":[]},"was":{"restarted":false}}
\ No newline at end of file
diff --git a/Users/saahilvashishta/Library/Application Support/Google/Chrome/Default/ShaderCache/data_0 b/Users/saahilvashishta/Library/Application Support/Google/Chrome/Default/ShaderCache/data_0
new file mode 100644
index 00000000..d76fb77e
Binary files /dev/null and b/Users/saahilvashishta/Library/Application Support/Google/Chrome/Default/ShaderCache/data_0 differ
diff --git a/Users/saahilvashishta/Library/Application Support/Google/Chrome/Default/ShaderCache/data_1 b/Users/saahilvashishta/Library/Application Support/Google/Chrome/Default/ShaderCache/data_1
new file mode 100644
index 00000000..dcaafa97
Binary files /dev/null and b/Users/saahilvashishta/Library/Application Support/Google/Chrome/Default/ShaderCache/data_1 differ
diff --git a/Users/saahilvashishta/Library/Application Support/Google/Chrome/Default/ShaderCache/data_2 b/Users/saahilvashishta/Library/Application Support/Google/Chrome/Default/ShaderCache/data_2
new file mode 100644
index 00000000..c7e2eb9a
Binary files /dev/null and b/Users/saahilvashishta/Library/Application Support/Google/Chrome/Default/ShaderCache/data_2 differ
diff --git a/Users/saahilvashishta/Library/Application Support/Google/Chrome/Default/ShaderCache/data_3 b/Users/saahilvashishta/Library/Application Support/Google/Chrome/Default/ShaderCache/data_3
new file mode 100644
index 00000000..5eec9735
Binary files /dev/null and b/Users/saahilvashishta/Library/Application Support/Google/Chrome/Default/ShaderCache/data_3 differ
diff --git a/Users/saahilvashishta/Library/Application Support/Google/Chrome/Default/ShaderCache/index b/Users/saahilvashishta/Library/Application Support/Google/Chrome/Default/ShaderCache/index
new file mode 100644
index 00000000..64bed046
Binary files /dev/null and b/Users/saahilvashishta/Library/Application Support/Google/Chrome/Default/ShaderCache/index differ
diff --git a/Users/saahilvashishta/Library/Application Support/Google/Chrome/Default/Variations b/Users/saahilvashishta/Library/Application Support/Google/Chrome/Default/Variations
new file mode 100644
index 00000000..18056c3f
--- /dev/null
+++ b/Users/saahilvashishta/Library/Application Support/Google/Chrome/Default/Variations	
@@ -0,0 +1 @@
+{"user_experience_metrics.stability.exited_cleanly":true,"variations_crash_streak":0}
\ No newline at end of file
diff --git a/Users/saahilvashishta/Library/Application Support/Google/Chrome/Default/chrome_debug.log b/Users/saahilvashishta/Library/Application Support/Google/Chrome/Default/chrome_debug.log
new file mode 100644
index 00000000..95a98f89
--- /dev/null
+++ b/Users/saahilvashishta/Library/Application Support/Google/Chrome/Default/chrome_debug.log	
@@ -0,0 +1,12 @@
+[4142:259:1001/171023.190054:WARNING:chrome_main_delegate.cc(609)] This is Chrome version 117.0.5938.92 (not a warning)
+[4142:259:1001/171023.424326:INFO:policy_logger.cc(142)] :components/enterprise/browser/controller/chrome_browser_cloud_management_controller.cc(168) Starting CBCM Controller Initialization
+[4142:259:1001/171023.424349:INFO:policy_logger.cc(142)] :components/enterprise/browser/controller/chrome_browser_cloud_management_controller.cc(196) No machine level policy manager exists.
+[4142:259:1001/171024.020070:INFO:CONSOLE(48103)] "%cDownload the React DevTools for a better development experience: https://reactjs.org/link/react-devtools font-weight:bold", source: http://localhost:3000/static/js/bundle.js (48103)
+[4142:259:1001/171024.057570:INFO:CONSOLE(22443)] "Warning: ReactDOM.render is no longer supported in React 18. Use createRoot instead. Until you switch to the new API, your app will behave as if it's running React 17. Learn more: https://reactjs.org/link/switch-to-createroot", source: http://localhost:3000/static/js/bundle.js (22443)
+[4142:259:1001/171024.081732:INFO:CONSOLE(0)] "[DOM] Input elements should have autocomplete attributes (suggested: "current-password"): (More info: https://goo.gl/9p2vKq) %o", source: http://localhost:3000/#/login (0)
+[4142:259:1001/171026.886346:INFO:CONSOLE(0)] "[DOM] Input elements should have autocomplete attributes (suggested: "current-password"): (More info: https://goo.gl/9p2vKq) %o", source: https://accounts.google.com/v3/signin/identifier?continue=https%3A%2F%2Faccounts.google.com%2Fgsi%2Fselect%3Fclient_id%3D95479501580-7om6n792bbd8em6l76a2sf14a8dg2h80.apps.googleusercontent.com%26ux_mode%3Dpopup%26ui_mode%3Dcard%26as%3DoiOGpxtdTqtv3Tqw8DB%2F5Q%26channel_id%3Df15fd6c22d49914be31289316f206b5f84165819e9feda2b9b08fc4f4cd47f4c%26origin%3Dhttp%3A%2F%2Flocalhost%3A3000&faa=1&ifkv=AYZoVhf92vSzVGUbGIW5dVD50XjyjFTrQsl00yc-3U66daVls39bmdPvJSGGUv5o4cK1GA0g3LbTiA&flowName=GlifWebSignIn&flowEntry=ServiceLogin&dsh=S-1106438286%3A1696205426533196&theme=glif (0)
+[4142:259:1001/171026.891767:INFO:CONSOLE(290)] "%c%s color: red; background: yellow; font-size: 24px; WARNING!", source: https://www.gstatic.com/_/mss/boq-identity/_/js/k=boq-identity.AccountsSignInUi.en.YB7AKJZrOX8.es5.O/am=DoCRM48NgPhPE-fvGSeHAQAAAAAAAAAA1kB2/d=1/excm=_b,_tp,identifierview/ed=1/dg=0/wt=2/ujg=1/rs=AOaEmlGzSNlYocV_3szaAueMvz7FyYg5mw/m=_b,_tp (290)
+[4142:259:1001/171026.891792:INFO:CONSOLE(290)] "%c%s font-size: 18px; Using this console may allow attackers to impersonate you and steal your information using an attack called Self-XSS.
+Do not enter or paste code that you do not understand.", source: https://www.gstatic.com/_/mss/boq-identity/_/js/k=boq-identity.AccountsSignInUi.en.YB7AKJZrOX8.es5.O/am=DoCRM48NgPhPE-fvGSeHAQAAAAAAAAAA1kB2/d=1/excm=_b,_tp,identifierview/ed=1/dg=0/wt=2/ujg=1/rs=AOaEmlGzSNlYocV_3szaAueMvz7FyYg5mw/m=_b,_tp (290)
+[4142:36611:1001/171028.860319:WARNING:service_video_capture_provider.cc(306)] Too many GetDeviceInfos() retries
+[4142:259:1001/171028.863260:WARNING:pref_notifier_impl.cc(41)] Pref observer for media_router.cast_allow_all_ips found at shutdown.
diff --git a/code/Backend/.gitignore b/code/Backend/.gitignore
index 6bff5b85..ac5d4a30 100644
--- a/code/Backend/.gitignore
+++ b/code/Backend/.gitignore
@@ -2,5 +2,7 @@ venv/
 __pycache__/
 flask_session/
 .env/
+bin/
+*/bin/*
 Pipfile/
-Pipfile.lock/
\ No newline at end of file
+Pipfile.lock/
diff --git a/code/Backend/flask-backend/app.py b/code/Backend/flask-backend/app.py
index 9dfc6fbf..3f900548 100644
--- a/code/Backend/flask-backend/app.py
+++ b/code/Backend/flask-backend/app.py
@@ -41,6 +41,7 @@ class User(db.Model):
     id = db.Column(db.Integer, primary_key=True)
     email = db.Column(db.String(255), nullable=False, unique=True)
     password = db.Column(db.String(255), nullable=False)
+    user_type = db.Column(db.String(40), nullable = False)
 
 
 CORS(app) # Allow all origins for development; restrict in production
@@ -359,6 +360,30 @@ def register():
     except Exception as e:
         return jsonify({"error": str(e)}), 500
     
+#Google update user registration start
+@app.route('/api/update-google', methods=['POST', 'OPTIONS'])
+def googleUpdate():
+    if (request.method == "OPTIONS"):
+        return jsonify({"message": "Success"}), 200
+    try:
+        # Get data from the frontend request
+        data = request.get_json()
+        user_email = data["email"]
+        user_type = data["type"]
+
+        # Logic to check database for matching email and update user type
+        if User.query.filter_by(email=user_email).first():
+            updated_user = User.query.filter_by(email=user_email).update(dict(user_type=user_type))
+            db.session.commit()
+            return jsonify({"message": "User updated successfully"}), 200
+        # User not found
+        else:
+            return jsonify({"error": "User not found"}), 404
+    except Exception as e:
+        return jsonify({"error": "Error validating user: " + str(e)}), 500
+#Google update user registration start
+
+    
 #Google register method start
 @app.route('/api/register-google', methods=['POST', 'OPTIONS'])
 def googleRegister():
@@ -378,13 +403,13 @@ def googleRegister():
 
         # Logic to check database for matching email
         if User.query.filter_by(email=user_email).first():
-            return jsonify({"message": "User validated successfully", "name": user_name},), 200
+            return jsonify({"message": "User validated successfully", "name": user_name, "isNew": False, "email": user_email},), 200
         # Logic to add to database
         else:
             new_user = User(email=user_email, password="Google account, password not available")
             db.session.add(new_user)
             db.session.commit()
-            return jsonify({"message": "User added successfully", "name": user_name}), 201
+            return jsonify({"message": "User added successfully", "name": user_name, "isNew": True, "email": user_email}), 201
     except Exception as e:
         return jsonify({"error": "Error validating user: " + str(e)}), 500
 #Google register method end
diff --git a/code/Backend/flask-backend/testing/seleniumtest.py b/code/Backend/flask-backend/testing/seleniumtest.py
index 7d402809..10f1e1e8 100644
--- a/code/Backend/flask-backend/testing/seleniumtest.py
+++ b/code/Backend/flask-backend/testing/seleniumtest.py
@@ -1,24 +1,49 @@
 import unittest
 from selenium import webdriver
 from selenium.webdriver.common.by import By
+from selenium.webdriver.support.ui import WebDriverWait
+from selenium.webdriver.support import expected_conditions as EC
+from selenium.webdriver.common.keys import Keys
 import time
 
 class TestGoogleLogin(unittest.TestCase):
     def setUp(self):
         self.driver = webdriver.Chrome()
-
+        self.driver.get("http://localhost:3000/#/login")  # Assuming your React app is running locally on port 3000
+        time.sleep(2)  # Allow time for the page to load
+    
     def tearDown(self):
         self.driver.quit()
 
     def test_google_login(self):
-        self.driver.get("http://127.0.0.1:5000/register")
-
-        google_login_button = self.driver.find_element(By.ID,"google-login-button")
+        # Switch to Google Login iFrame
+        self.driver.switch_to.frame(self.driver.find_element(By.TAG_NAME, "iframe"))
+        
+        # Select Google login button
+        google_login_button = self.driver.find_element(By.XPATH, "//div[@role = 'button']")
+    
+        # Click the Google login button
         google_login_button.click()
 
-        redirected_url = self.driver.current_url
-        self.assertEqual(redirected_url, "http://127.0.0.1:5000/home")
+        # Allow time for the pop-up to load
+        time.sleep(2) 
+
+        # Get to Google pop-up window handle
+        google_window = self.driver.window_handles[1]
+
+        # Swicth to Google window
+        self.driver.switch_to.window(google_window)
+
+        # Select email 
+        email = self.driver.find_element(By.ID, "identifierId")
+        email.send_keys("IamprettysurenoonehasthisgmailIDSaahil@gmail.com")
+        time.sleep(4) 
+        email.send_keys(Keys.ENTER)
 
+        # Expect automation message
+        time.sleep(2)
+        self.driver.find_element(By.XPATH, "//span[text()='Try again']")
+        
 
 if __name__ == "__main__":
     unittest.main()
diff --git a/code/Frontend/react-frontend/package-lock.json b/code/Frontend/react-frontend/package-lock.json
index cb615697..24508c9f 100644
--- a/code/Frontend/react-frontend/package-lock.json
+++ b/code/Frontend/react-frontend/package-lock.json
@@ -8,6 +8,7 @@
       "name": "react-frontend",
       "version": "0.1.0",
       "dependencies": {
+        "@mui/material": "^5.14.11",
         "@react-oauth/google": "^0.11.1",
         "@testing-library/jest-dom": "^5.17.0",
         "@testing-library/react": "^13.4.0",
@@ -2314,6 +2315,38 @@
         "postcss-selector-parser": "^6.0.10"
       }
     },
+    "node_modules/@emotion/cache": {
+      "version": "11.11.0",
+      "resolved": "https://registry.npmjs.org/@emotion/cache/-/cache-11.11.0.tgz",
+      "integrity": "sha512-P34z9ssTCBi3e9EI1ZsWpNHcfY1r09ZO0rZbRO2ob3ZQMnFI35jB536qoXbkdesr5EUhYi22anuEJuyxifaqAQ==",
+      "dependencies": {
+        "@emotion/memoize": "^0.8.1",
+        "@emotion/sheet": "^1.2.2",
+        "@emotion/utils": "^1.2.1",
+        "@emotion/weak-memoize": "^0.3.1",
+        "stylis": "4.2.0"
+      }
+    },
+    "node_modules/@emotion/memoize": {
+      "version": "0.8.1",
+      "resolved": "https://registry.npmjs.org/@emotion/memoize/-/memoize-0.8.1.tgz",
+      "integrity": "sha512-W2P2c/VRW1/1tLox0mVUalvnWXxavmv/Oum2aPsRcoDJuob75FC3Y8FbpfLwUegRcxINtGUMPq0tFCvYNTBXNA=="
+    },
+    "node_modules/@emotion/sheet": {
+      "version": "1.2.2",
+      "resolved": "https://registry.npmjs.org/@emotion/sheet/-/sheet-1.2.2.tgz",
+      "integrity": "sha512-0QBtGvaqtWi+nx6doRwDdBIzhNdZrXUppvTM4dtZZWEGTXL/XE/yJxLMGlDT1Gt+UHH5IX1n+jkXyytE/av7OA=="
+    },
+    "node_modules/@emotion/utils": {
+      "version": "1.2.1",
+      "resolved": "https://registry.npmjs.org/@emotion/utils/-/utils-1.2.1.tgz",
+      "integrity": "sha512-Y2tGf3I+XVnajdItskUCn6LX+VUDmP6lTL4fcqsXAv43dnlbZiuW4MWQW38rW/BVWSE7Q/7+XQocmpnRYILUmg=="
+    },
+    "node_modules/@emotion/weak-memoize": {
+      "version": "0.3.1",
+      "resolved": "https://registry.npmjs.org/@emotion/weak-memoize/-/weak-memoize-0.3.1.tgz",
+      "integrity": "sha512-EsBwpc7hBUJWAsNPBmJy4hxWx12v6bshQsldrVmjxJoc3isbxhOrF2IcCpaXxfvq03NwkI7sbsOLXbYuqF/8Ww=="
+    },
     "node_modules/@eslint-community/eslint-utils": {
       "version": "4.4.0",
       "resolved": "https://registry.npmjs.org/@eslint-community/eslint-utils/-/eslint-utils-4.4.0.tgz",
@@ -2416,6 +2449,40 @@
         "node": "^12.22.0 || ^14.17.0 || >=16.0.0"
       }
     },
+    "node_modules/@floating-ui/core": {
+      "version": "1.5.0",
+      "resolved": "https://registry.npmjs.org/@floating-ui/core/-/core-1.5.0.tgz",
+      "integrity": "sha512-kK1h4m36DQ0UHGj5Ah4db7R0rHemTqqO0QLvUqi1/mUUp3LuAWbWxdxSIf/XsnH9VS6rRVPLJCncjRzUvyCLXg==",
+      "dependencies": {
+        "@floating-ui/utils": "^0.1.3"
+      }
+    },
+    "node_modules/@floating-ui/dom": {
+      "version": "1.5.3",
+      "resolved": "https://registry.npmjs.org/@floating-ui/dom/-/dom-1.5.3.tgz",
+      "integrity": "sha512-ClAbQnEqJAKCJOEbbLo5IUlZHkNszqhuxS4fHAVxRPXPya6Ysf2G8KypnYcOTpx6I8xcgF9bbHb6g/2KpbV8qA==",
+      "dependencies": {
+        "@floating-ui/core": "^1.4.2",
+        "@floating-ui/utils": "^0.1.3"
+      }
+    },
+    "node_modules/@floating-ui/react-dom": {
+      "version": "2.0.2",
+      "resolved": "https://registry.npmjs.org/@floating-ui/react-dom/-/react-dom-2.0.2.tgz",
+      "integrity": "sha512-5qhlDvjaLmAst/rKb3VdlCinwTF4EYMiVxuuc/HVUjs46W0zgtbMmAZ1UTsDrRTxRmUEzl92mOtWbeeXL26lSQ==",
+      "dependencies": {
+        "@floating-ui/dom": "^1.5.1"
+      },
+      "peerDependencies": {
+        "react": ">=16.8.0",
+        "react-dom": ">=16.8.0"
+      }
+    },
+    "node_modules/@floating-ui/utils": {
+      "version": "0.1.6",
+      "resolved": "https://registry.npmjs.org/@floating-ui/utils/-/utils-0.1.6.tgz",
+      "integrity": "sha512-OfX7E2oUDYxtBvsuS4e/jSn4Q9Qb6DzgeYtsAdkPZ47znpoNsMgZw0+tVijiv3uGNR6dgNlty6r9rzIzHjtd/A=="
+    },
     "node_modules/@humanwhocodes/config-array": {
       "version": "0.11.11",
       "resolved": "https://registry.npmjs.org/@humanwhocodes/config-array/-/config-array-0.11.11.tgz",
@@ -3193,6 +3260,236 @@
       "resolved": "https://registry.npmjs.org/@leichtgewicht/ip-codec/-/ip-codec-2.0.4.tgz",
       "integrity": "sha512-Hcv+nVC0kZnQ3tD9GVu5xSMR4VVYOteQIr/hwFPVEvPdlXqgGEuRjiheChHgdM+JyqdgNcmzZOX/tnl0JOiI7A=="
     },
+    "node_modules/@mui/base": {
+      "version": "5.0.0-beta.17",
+      "resolved": "https://registry.npmjs.org/@mui/base/-/base-5.0.0-beta.17.tgz",
+      "integrity": "sha512-xNbk7iOXrglNdIxFBN0k3ySsPIFLWCnFxqsAYl7CIcDkD9low4kJ7IUuy6ctwx/HAy2fenrT3KXHr1sGjAMgpQ==",
+      "dependencies": {
+        "@babel/runtime": "^7.22.15",
+        "@floating-ui/react-dom": "^2.0.2",
+        "@mui/types": "^7.2.4",
+        "@mui/utils": "^5.14.11",
+        "@popperjs/core": "^2.11.8",
+        "clsx": "^2.0.0",
+        "prop-types": "^15.8.1"
+      },
+      "engines": {
+        "node": ">=12.0.0"
+      },
+      "funding": {
+        "type": "opencollective",
+        "url": "https://opencollective.com/mui"
+      },
+      "peerDependencies": {
+        "@types/react": "^17.0.0 || ^18.0.0",
+        "react": "^17.0.0 || ^18.0.0",
+        "react-dom": "^17.0.0 || ^18.0.0"
+      },
+      "peerDependenciesMeta": {
+        "@types/react": {
+          "optional": true
+        }
+      }
+    },
+    "node_modules/@mui/core-downloads-tracker": {
+      "version": "5.14.11",
+      "resolved": "https://registry.npmjs.org/@mui/core-downloads-tracker/-/core-downloads-tracker-5.14.11.tgz",
+      "integrity": "sha512-uY8FLQURhXe3f3O4dS5OSGML9KDm9+IE226cBu78jarVIzdQGPlXwGIlSI9VJR8MvZDA6C0+6XfWDhWCHruC5Q==",
+      "funding": {
+        "type": "opencollective",
+        "url": "https://opencollective.com/mui"
+      }
+    },
+    "node_modules/@mui/material": {
+      "version": "5.14.11",
+      "resolved": "https://registry.npmjs.org/@mui/material/-/material-5.14.11.tgz",
+      "integrity": "sha512-DnSdJzcR7lwG12JA5L2t8JF+RDzMygu5rCNW+logWb/KW2/TRzwLyVWO+CorHTBjBRd38DBxnwOCDiYkDd+N3A==",
+      "dependencies": {
+        "@babel/runtime": "^7.22.15",
+        "@mui/base": "5.0.0-beta.17",
+        "@mui/core-downloads-tracker": "^5.14.11",
+        "@mui/system": "^5.14.11",
+        "@mui/types": "^7.2.4",
+        "@mui/utils": "^5.14.11",
+        "@types/react-transition-group": "^4.4.6",
+        "clsx": "^2.0.0",
+        "csstype": "^3.1.2",
+        "prop-types": "^15.8.1",
+        "react-is": "^18.2.0",
+        "react-transition-group": "^4.4.5"
+      },
+      "engines": {
+        "node": ">=12.0.0"
+      },
+      "funding": {
+        "type": "opencollective",
+        "url": "https://opencollective.com/mui"
+      },
+      "peerDependencies": {
+        "@emotion/react": "^11.5.0",
+        "@emotion/styled": "^11.3.0",
+        "@types/react": "^17.0.0 || ^18.0.0",
+        "react": "^17.0.0 || ^18.0.0",
+        "react-dom": "^17.0.0 || ^18.0.0"
+      },
+      "peerDependenciesMeta": {
+        "@emotion/react": {
+          "optional": true
+        },
+        "@emotion/styled": {
+          "optional": true
+        },
+        "@types/react": {
+          "optional": true
+        }
+      }
+    },
+    "node_modules/@mui/material/node_modules/react-is": {
+      "version": "18.2.0",
+      "resolved": "https://registry.npmjs.org/react-is/-/react-is-18.2.0.tgz",
+      "integrity": "sha512-xWGDIW6x921xtzPkhiULtthJHoJvBbF3q26fzloPCK0hsvxtPVelvftw3zjbHWSkR2km9Z+4uxbDDK/6Zw9B8w=="
+    },
+    "node_modules/@mui/private-theming": {
+      "version": "5.14.11",
+      "resolved": "https://registry.npmjs.org/@mui/private-theming/-/private-theming-5.14.11.tgz",
+      "integrity": "sha512-MSnNNzTu9pfKLCKs1ZAKwOTgE4bz+fQA0fNr8Jm7NDmuWmw0CaN9Vq2/MHsatE7+S0A25IAKby46Uv1u53rKVQ==",
+      "dependencies": {
+        "@babel/runtime": "^7.22.15",
+        "@mui/utils": "^5.14.11",
+        "prop-types": "^15.8.1"
+      },
+      "engines": {
+        "node": ">=12.0.0"
+      },
+      "funding": {
+        "type": "opencollective",
+        "url": "https://opencollective.com/mui"
+      },
+      "peerDependencies": {
+        "@types/react": "^17.0.0 || ^18.0.0",
+        "react": "^17.0.0 || ^18.0.0"
+      },
+      "peerDependenciesMeta": {
+        "@types/react": {
+          "optional": true
+        }
+      }
+    },
+    "node_modules/@mui/styled-engine": {
+      "version": "5.14.11",
+      "resolved": "https://registry.npmjs.org/@mui/styled-engine/-/styled-engine-5.14.11.tgz",
+      "integrity": "sha512-jdUlqRgTYQ8RMtPX4MbRZqar6W2OiIb6J5KEFbIu4FqvPrk44Each4ppg/LAqp1qNlBYq5i+7Q10MYLMpDxX9A==",
+      "dependencies": {
+        "@babel/runtime": "^7.22.15",
+        "@emotion/cache": "^11.11.0",
+        "csstype": "^3.1.2",
+        "prop-types": "^15.8.1"
+      },
+      "engines": {
+        "node": ">=12.0.0"
+      },
+      "funding": {
+        "type": "opencollective",
+        "url": "https://opencollective.com/mui"
+      },
+      "peerDependencies": {
+        "@emotion/react": "^11.4.1",
+        "@emotion/styled": "^11.3.0",
+        "react": "^17.0.0 || ^18.0.0"
+      },
+      "peerDependenciesMeta": {
+        "@emotion/react": {
+          "optional": true
+        },
+        "@emotion/styled": {
+          "optional": true
+        }
+      }
+    },
+    "node_modules/@mui/system": {
+      "version": "5.14.11",
+      "resolved": "https://registry.npmjs.org/@mui/system/-/system-5.14.11.tgz",
+      "integrity": "sha512-yl8xV+y0k7j6dzBsHabKwoShmjqLa8kTxrhUI3JpqLG358VRVMJRW/ES0HhvfcCi4IVXde+Tc2P3K1akGL8zoA==",
+      "dependencies": {
+        "@babel/runtime": "^7.22.15",
+        "@mui/private-theming": "^5.14.11",
+        "@mui/styled-engine": "^5.14.11",
+        "@mui/types": "^7.2.4",
+        "@mui/utils": "^5.14.11",
+        "clsx": "^2.0.0",
+        "csstype": "^3.1.2",
+        "prop-types": "^15.8.1"
+      },
+      "engines": {
+        "node": ">=12.0.0"
+      },
+      "funding": {
+        "type": "opencollective",
+        "url": "https://opencollective.com/mui"
+      },
+      "peerDependencies": {
+        "@emotion/react": "^11.5.0",
+        "@emotion/styled": "^11.3.0",
+        "@types/react": "^17.0.0 || ^18.0.0",
+        "react": "^17.0.0 || ^18.0.0"
+      },
+      "peerDependenciesMeta": {
+        "@emotion/react": {
+          "optional": true
+        },
+        "@emotion/styled": {
+          "optional": true
+        },
+        "@types/react": {
+          "optional": true
+        }
+      }
+    },
+    "node_modules/@mui/types": {
+      "version": "7.2.4",
+      "resolved": "https://registry.npmjs.org/@mui/types/-/types-7.2.4.tgz",
+      "integrity": "sha512-LBcwa8rN84bKF+f5sDyku42w1NTxaPgPyYKODsh01U1fVstTClbUoSA96oyRBnSNyEiAVjKm6Gwx9vjR+xyqHA==",
+      "peerDependencies": {
+        "@types/react": "*"
+      },
+      "peerDependenciesMeta": {
+        "@types/react": {
+          "optional": true
+        }
+      }
+    },
+    "node_modules/@mui/utils": {
+      "version": "5.14.11",
+      "resolved": "https://registry.npmjs.org/@mui/utils/-/utils-5.14.11.tgz",
+      "integrity": "sha512-fmkIiCPKyDssYrJ5qk+dime1nlO3dmWfCtaPY/uVBqCRMBZ11JhddB9m8sjI2mgqQQwRJG5bq3biaosNdU/s4Q==",
+      "dependencies": {
+        "@babel/runtime": "^7.22.15",
+        "@types/prop-types": "^15.7.5",
+        "prop-types": "^15.8.1",
+        "react-is": "^18.2.0"
+      },
+      "engines": {
+        "node": ">=12.0.0"
+      },
+      "funding": {
+        "type": "opencollective",
+        "url": "https://opencollective.com/mui"
+      },
+      "peerDependencies": {
+        "@types/react": "^17.0.0 || ^18.0.0",
+        "react": "^17.0.0 || ^18.0.0"
+      },
+      "peerDependenciesMeta": {
+        "@types/react": {
+          "optional": true
+        }
+      }
+    },
+    "node_modules/@mui/utils/node_modules/react-is": {
+      "version": "18.2.0",
+      "resolved": "https://registry.npmjs.org/react-is/-/react-is-18.2.0.tgz",
+      "integrity": "sha512-xWGDIW6x921xtzPkhiULtthJHoJvBbF3q26fzloPCK0hsvxtPVelvftw3zjbHWSkR2km9Z+4uxbDDK/6Zw9B8w=="
+    },
     "node_modules/@nicolo-ribaudo/eslint-scope-5-internals": {
       "version": "5.1.1-v1",
       "resolved": "https://registry.npmjs.org/@nicolo-ribaudo/eslint-scope-5-internals/-/eslint-scope-5-internals-5.1.1-v1.tgz",
@@ -6086,6 +6383,14 @@
         "wrap-ansi": "^7.0.0"
       }
     },
+    "node_modules/clsx": {
+      "version": "2.0.0",
+      "resolved": "https://registry.npmjs.org/clsx/-/clsx-2.0.0.tgz",
+      "integrity": "sha512-rQ1+kcj+ttHG0MKVGBUXwayCCF1oh39BF5COIpRzuCEv8Mwjv0XucrI2ExNTOn9IlLifGClWQcU9BrZORvtw6Q==",
+      "engines": {
+        "node": ">=6"
+      }
+    },
     "node_modules/co": {
       "version": "4.6.0",
       "resolved": "https://registry.npmjs.org/co/-/co-4.6.0.tgz",
@@ -16505,6 +16810,11 @@
         "postcss": "^8.2.15"
       }
     },
+    "node_modules/stylis": {
+      "version": "4.2.0",
+      "resolved": "https://registry.npmjs.org/stylis/-/stylis-4.2.0.tgz",
+      "integrity": "sha512-Orov6g6BB1sDfYgzWfTHDOxamtX1bE/zo104Dh9e6fqJ3PooipYyfJ0pUmrZO2wAvO8YbEyeFrkV91XTsGMSrw=="
+    },
     "node_modules/sucrase": {
       "version": "3.34.0",
       "resolved": "https://registry.npmjs.org/sucrase/-/sucrase-3.34.0.tgz",
diff --git a/code/Frontend/react-frontend/package.json b/code/Frontend/react-frontend/package.json
index f5dde95c..9d3be841 100644
--- a/code/Frontend/react-frontend/package.json
+++ b/code/Frontend/react-frontend/package.json
@@ -3,6 +3,7 @@
   "version": "0.1.0",
   "private": true,
   "dependencies": {
+    "@mui/material": "^5.14.11",
     "@react-oauth/google": "^0.11.1",
     "@testing-library/jest-dom": "^5.17.0",
     "@testing-library/react": "^13.4.0",
diff --git a/code/Frontend/react-frontend/src/Components/GoogleLoginButton.js b/code/Frontend/react-frontend/src/Components/GoogleLoginButton.js
index 7082395b..ce303777 100644
--- a/code/Frontend/react-frontend/src/Components/GoogleLoginButton.js
+++ b/code/Frontend/react-frontend/src/Components/GoogleLoginButton.js
@@ -5,6 +5,7 @@ import { useNavigate } from "react-router-dom"; // Import useNavigate
 // Google import start
 import { GoogleLogin, GoogleOAuthProvider } from '@react-oauth/google';
 import "../styles/pages/register.css";
+import UserTypePopUp from "./UserTypePopUp";
 // Google import stop
 
 export function GoogleLoginButton(props) {
@@ -41,21 +42,23 @@ export function GoogleLoginButton(props) {
 
         const data = await res.json();
 
-        if (res.ok && data && data.name) {
+        if (res.ok && data && data.name && data.email) {
             props.handleMessage("Login successful!");
             const username = data.name;
             props.handleMessage(username);
-            console.log("Logged in", username);
+            props.setUserEmail(data.email);
 
             setUsername(username);
             localStorage.setItem('loginData', JSON.stringify(data));
         } else {
             props.handleMessage("Google login failed. Please register.");
-            console.log(submitMsg)
         };
 
-        if (res.ok && props.redirectOnLogin)
-            navigate("/")
+        if (res.ok && (props.redirectOnLogin || !data.isNew))
+            navigate("/");
+        //USER TYPE SELECTION
+        else if (res.ok && !props.redirectOnLogin && data.isNew)
+            props.showPopup();
     };
     // Login handling for google login stop
     const handleLogout = () => {
@@ -74,8 +77,9 @@ export function GoogleLoginButton(props) {
                     </div>
                 ) : (
                     <div className="GoogleLogin">
-                        <GoogleOAuthProvider clientId={process.env.REACT_APP_GOOGLE_CLIENT_ID}>
+                        <GoogleOAuthProvider clientId={process.env.REACT_APP_GOOGLE_CLIENT_ID} id={"google-login-auth"}>
                             <GoogleLogin
+                                id="google-login-button"
                                 clientId={process.env.REACT_APP_GOOGLE_CLIENT_ID}
                                 buttonText="Sign up with Google"
                                 onSuccess={handleLogin}
diff --git a/code/Frontend/react-frontend/src/Components/UserTypePopUp.js b/code/Frontend/react-frontend/src/Components/UserTypePopUp.js
new file mode 100644
index 00000000..85f5838e
--- /dev/null
+++ b/code/Frontend/react-frontend/src/Components/UserTypePopUp.js
@@ -0,0 +1,75 @@
+import React, { useState } from 'react';
+import "../styles/Components/popup.css";
+import Button from 'react-bootstrap/Button';
+import Modal from 'react-bootstrap/Modal';
+import { useNavigate } from "react-router-dom"; // Import useNavigate
+
+function UserTypePopUp(props) {
+    const [type, setType] = useState("renter")
+    const navigate = useNavigate();
+
+    const onOptionChange = (event) => {
+        setType(event.target.value)
+    }
+
+    const updateUser = async () => {
+        const res = await fetch('http://127.0.0.1:5000/api/update-google', {
+            method: 'POST',
+            body: JSON.stringify({
+                email: props.email,
+                type: type,
+            }),
+            headers: {
+                'Content-Type': 'application/json',
+            },
+        });
+        if (res.ok)
+            navigate("/");
+    }
+
+    return (
+        <div className="UserTypePopUp">
+            <Modal show={props.trigger}>
+                <div className="popup-inner">
+                    <h3>Will you be renting or Hosting?</h3>
+                    <p>You can choose from the following options</p>
+                    <div className="radio-button-group">
+                        <input
+                            type="radio"
+                            name="type"
+                            value="renter"
+                            id="renter"
+                            checked={type === "renter"}
+                            onChange={onOptionChange}
+                        />
+                        <label htmlFor="regular">Renter</label>
+                        <br />
+                        <input
+                            type="radio"
+                            name="type"
+                            value="host"
+                            id="host"
+                            checked={type === "host"}
+                            onChange={onOptionChange}
+                        />
+                        <label htmlFor="host">Host</label>
+                        <br />
+                        <input
+                            type="radio"
+                            name="type"
+                            value="both"
+                            id="both"
+                            checked={type === "both"}
+                            onChange={onOptionChange}
+                        />
+                        <label htmlFor="both">Both</label>
+                        <br />
+                    </div>
+                    <Button classname="closeButton" onClick={updateUser}>Submit</Button>
+                </div>
+            </Modal>
+        </div>
+    );
+}
+
+export default UserTypePopUp;
diff --git a/code/Frontend/react-frontend/src/pages/LoginPage.js b/code/Frontend/react-frontend/src/pages/LoginPage.js
index bfc79b67..767faa91 100644
--- a/code/Frontend/react-frontend/src/pages/LoginPage.js
+++ b/code/Frontend/react-frontend/src/pages/LoginPage.js
@@ -148,7 +148,7 @@ function LoginPage() {
             {/* Display other validation errors as needed */}
           </div>
         </Form>
-        <GoogleLoginButton redirectOnLogin={true} handleMessage={handleSubmitMessageChange}></GoogleLoginButton>
+        <GoogleLoginButton redirectOnLogin={true} handleMessage={handleSubmitMessageChange} setUserEmail={() => {}}></GoogleLoginButton>
         {submitMsg && <div style={{ fontSize: "35px" }}>{submitMsg}</div>}
       </div>
     </div>
diff --git a/code/Frontend/react-frontend/src/pages/RegisterPage.js b/code/Frontend/react-frontend/src/pages/RegisterPage.js
index 6e83848e..9aff806b 100644
--- a/code/Frontend/react-frontend/src/pages/RegisterPage.js
+++ b/code/Frontend/react-frontend/src/pages/RegisterPage.js
@@ -6,7 +6,9 @@ import Button from "react-bootstrap/Button";
 import "../styles/pages/password.css";
 // Google import start
 import "../styles/pages/register.css";
+import "../styles/Components/popup.css";
 import GoogleLoginButton from "../Components/GoogleLoginButton";
+import UserTypePopUp from "../Components/UserTypePopUp";
 // Google import stop
 
 function RegisterPage() {
@@ -20,7 +22,17 @@ function RegisterPage() {
   const [userType, setUserType] = useState("");
   const [errors, setErrors] = useState({});
   const [showPassword, setShowPassword] = useState(false);
-  
+
+  //Adding Google Pop up constants (start)
+  const [buttonPopup, setButtonPopup] = useState(false);
+  const [userEmail, setUserEmail] = useState("");
+
+  const showPopup = () => {
+    setButtonPopup(true);
+  }
+
+  //Adding Google Pop up constants (stop)
+
   const handleInputChange = (event) => {
     const { name, value } = event.target;
     if (name === "user_type") {
@@ -137,9 +149,13 @@ function RegisterPage() {
             </div>
           </div>
         </Form>
-        <GoogleLoginButton redirectOnLogin={false} handleMessage={() => {}}></GoogleLoginButton>
-        {submitMsg && <div style={{ fontSize: "35px" }}>{submitMsg}</div>}
       </div>
+      {/* Google Logic start */}
+      <GoogleLoginButton redirectOnLogin={false} handleMessage={() => { }} setUserEmail={(email) => {setUserEmail(email)}} showPopup={showPopup}/>
+      <UserTypePopUp trigger={buttonPopup} updatePopup={(value) => {setButtonPopup(value)}} email={userEmail} />       
+      {/* Google Logic stop */}
+      {submitMsg && <div style={{ fontSize: "35px" }}>{submitMsg}</div>}
+
     </div>
   );
 }
diff --git a/code/Frontend/react-frontend/src/styles/Components/popup.css b/code/Frontend/react-frontend/src/styles/Components/popup.css
new file mode 100644
index 00000000..02a455ac
--- /dev/null
+++ b/code/Frontend/react-frontend/src/styles/Components/popup.css
@@ -0,0 +1,13 @@
+.popup-inner {
+    margin: 10px;
+}
+
+.popup-inner .closeButton {
+    position: absolute;
+    top: 16px;
+    right: 16px;
+}
+
+.radio-button-group input {
+    margin: 10px;
+}
\ No newline at end of file
